<?xml version="1.0" encoding="UTF-8" ?>
<testsuites name="vitest tests" tests="2005" failures="0" errors="0" time="21.6786562">
    <testsuite name="src/server.test.ts" timestamp="2026-09-06T14:24:08.621Z" hostname="KorentzPC" tests="3" failures="0" errors="0" skipped="0" time="1.1496953">
        <testcase classname="src/server.test.ts" name="health check &gt; GET /health returns ok" time="1.1104492">
        </testcase>
        <testcase classname="src/server.test.ts" name="global error handler &gt; returns AppError shape for known errors" time="0.0192572">
        </testcase>
        <testcase classname="src/server.test.ts" name="global error handler &gt; returns 500 for unknown errors" time="0.0176933">
        </testcase>
    </testsuite>
    <testsuite name="src/config/env.dashboard-url.test.ts" timestamp="2026-09-06T14:24:08.629Z" hostname="KorentzPC" tests="4" failures="0" errors="0" skipped="0" time="0.0530533">
        <testcase classname="src/config/env.dashboard-url.test.ts" name="DASHBOARD_BASE_URL &gt; warns in production when unset — the exact production misconfiguration" time="0.0181616">
        </testcase>
        <testcase classname="src/config/env.dashboard-url.test.ts" name="DASHBOARD_BASE_URL &gt; stays silent in production once set" time="0.0082115">
        </testcase>
        <testcase classname="src/config/env.dashboard-url.test.ts" name="DASHBOARD_BASE_URL &gt; does not warn outside production — local dev legitimately runs without it" time="0.0079023">
        </testcase>
        <testcase classname="src/config/env.dashboard-url.test.ts" name="DASHBOARD_BASE_URL &gt; is a warning and not a boot failure" time="0.0162627">
        </testcase>
    </testsuite>
    <testsuite name="src/config/env.test.ts" timestamp="2026-09-06T14:24:08.632Z" hostname="KorentzPC" tests="5" failures="0" errors="0" skipped="0" time="0.0143249">
        <testcase classname="src/config/env.test.ts" name="envBool — the boolean env var parser &gt; DOES NOT do what z.coerce.boolean() does (this is the whole point)" time="0.0071977">
        </testcase>
        <testcase classname="src/config/env.test.ts" name="envBool — the boolean env var parser &gt; parses the strings people actually write for false" time="0.0022164">
        </testcase>
        <testcase classname="src/config/env.test.ts" name="envBool — the boolean env var parser &gt; parses the strings people actually write for true" time="0.0013482">
        </testcase>
        <testcase classname="src/config/env.test.ts" name="envBool — the boolean env var parser &gt; treats an unrecognised value as false rather than silently enabling something" time="0.0004947">
        </testcase>
        <testcase classname="src/config/env.test.ts" name="envBool — the boolean env var parser &gt; uses the default when the var is absent" time="0.0005194">
        </testcase>
    </testsuite>
    <testsuite name="src/config/optional-vendor-keys.test.ts" timestamp="2026-09-06T14:24:08.636Z" hostname="KorentzPC" tests="11" failures="0" errors="0" skipped="0" time="1.0319065">
        <testcase classname="src/config/optional-vendor-keys.test.ts" name="a missing RESEND_API_KEY &gt; does not stop authRoutes registering" time="0.3523979">
        </testcase>
        <testcase classname="src/config/optional-vendor-keys.test.ts" name="a missing RESEND_API_KEY &gt; does not stop membersRoutes registering" time="0.0146968">
        </testcase>
        <testcase classname="src/config/optional-vendor-keys.test.ts" name="a missing RESEND_API_KEY &gt; reports itself through `configured`, so callers can pick a fallback" time="0.0007063">
        </testcase>
        <testcase classname="src/config/optional-vendor-keys.test.ts" name="a missing RESEND_API_KEY &gt; makes sendEmail a logged no-op rather than a crash" time="0.0015405">
        </testcase>
        <testcase classname="src/config/optional-vendor-keys.test.ts" name="an invite that cannot be mailed &gt; hands the operator the raw token when there is no mailer" time="0.0454523">
        </testcase>
        <testcase classname="src/config/optional-vendor-keys.test.ts" name="an invite that cannot be mailed &gt; keeps the token on the server once it can actually be sent" time="0.6060094">
        </testcase>
        <testcase classname="src/config/optional-vendor-keys.test.ts" name="a missing OPENAI_API_KEY &gt; lets CallAnalysisService be constructed — the worker builds it at boot" time="0.0021267">
        </testcase>
        <testcase classname="src/config/optional-vendor-keys.test.ts" name="a missing OPENAI_API_KEY &gt; lets AIEngineService be constructed" time="0.0005013">
        </testcase>
        <testcase classname="src/config/optional-vendor-keys.test.ts" name="a missing OPENAI_API_KEY &gt; fails transcription with OUR error, naming the variable to set" time="0.0029161">
        </testcase>
        <testcase classname="src/config/optional-vendor-keys.test.ts" name="a missing OPENAI_API_KEY &gt; fails AI replies with the same error" time="0.0009501">
        </testcase>
        <testcase classname="src/config/optional-vendor-keys.test.ts" name="a missing OPENAI_API_KEY &gt; still constructs normally when the key IS present" time="0.000642">
        </testcase>
    </testsuite>
    <testsuite name="src/db/migrations-journal.test.ts" timestamp="2026-09-06T14:24:08.642Z" hostname="KorentzPC" tests="4" failures="0" errors="0" skipped="0" time="0.0225014">
        <testcase classname="src/db/migrations-journal.test.ts" name="migration journal &gt; has strictly increasing `when` timestamps" time="0.0159114">
        </testcase>
        <testcase classname="src/db/migrations-journal.test.ts" name="migration journal &gt; has no `when` in the future" time="0.001099">
        </testcase>
        <testcase classname="src/db/migrations-journal.test.ts" name="migration journal &gt; has one journal entry per .sql file, and vice versa" time="0.0017789">
        </testcase>
        <testcase classname="src/db/migrations-journal.test.ts" name="migration journal &gt; numbers entries consecutively from zero" time="0.0009417">
        </testcase>
    </testsuite>
    <testsuite name="src/db/tenant-predicate.test.ts" timestamp="2026-09-06T14:24:08.644Z" hostname="KorentzPC" tests="2" failures="0" errors="0" skipped="0" time="0.0846389">
        <testcase classname="src/db/tenant-predicate.test.ts" name="every write to a tenant-scoped table filters by tenant &gt; finds no unscoped update or delete" time="0.0805143">
        </testcase>
        <testcase classname="src/db/tenant-predicate.test.ts" name="every write to a tenant-scoped table filters by tenant &gt; the acknowledged list stays honest" time="0.0004928">
        </testcase>
    </testsuite>
    <testsuite name="src/plugins/auth-session.test.ts" timestamp="2026-09-06T14:24:08.646Z" hostname="KorentzPC" tests="9" failures="0" errors="0" skipped="0" time="0.0077571">
        <testcase classname="src/plugins/auth-session.test.ts" name="assertSessionUsable &gt; accepts a live session for the claimed tenant" time="0.0031775">
        </testcase>
        <testcase classname="src/plugins/auth-session.test.ts" name="assertSessionUsable &gt; rejects a session id that does not exist" time="0.0005001">
        </testcase>
        <testcase classname="src/plugins/auth-session.test.ts" name="assertSessionUsable &gt; rejects a revoked session" time="0.0003546">
        </testcase>
        <testcase classname="src/plugins/auth-session.test.ts" name="assertSessionUsable &gt; rejects an expired session" time="0.0002613">
        </testcase>
        <testcase classname="src/plugins/auth-session.test.ts" name="assertSessionUsable &gt; treats expiry as inclusive — a session expiring exactly now is dead" time="0.0002096">
        </testcase>
        <testcase classname="src/plugins/auth-session.test.ts" name="assertSessionUsable &gt; rejects a cross-tenant claim on an otherwise valid session" time="0.0002381">
        </testcase>
        <testcase classname="src/plugins/auth-session.test.ts" name="assertSessionUsable &gt; rejects a session whose tenant was never chosen" time="0.0001391">
        </testcase>
        <testcase classname="src/plugins/auth-session.test.ts" name="assertSessionUsable &gt; rejects a session whose membership was revoked" time="0.0001988">
        </testcase>
        <testcase classname="src/plugins/auth-session.test.ts" name="assertSessionUsable &gt; returns the role from the session row, not from any caller-supplied value" time="0.0003527">
        </testcase>
    </testsuite>
    <testsuite name="src/plugins/auth.test.ts" timestamp="2026-09-06T14:24:08.652Z" hostname="KorentzPC" tests="18" failures="0" errors="0" skipped="0" time="2.5720448">
        <testcase classname="src/plugins/auth.test.ts" name="auth plugin — API key &gt; valid API key passes and sets tenantId + authMethod" time="2.0813868">
        </testcase>
        <testcase classname="src/plugins/auth.test.ts" name="auth plugin — API key &gt; unknown API key → 401" time="0.0309659">
        </testcase>
        <testcase classname="src/plugins/auth.test.ts" name="auth plugin — API key &gt; missing Authorization header → 401" time="0.0159789">
        </testcase>
        <testcase classname="src/plugins/auth.test.ts" name="auth plugin — API key &gt; Authorization header with wrong scheme → 401" time="0.041595">
        </testcase>
        <testcase classname="src/plugins/auth.test.ts" name="auth plugin — JWT &gt; valid JWT passes and sets tenantId + userId + authMethod" time="0.0189296">
        </testcase>
        <testcase classname="src/plugins/auth.test.ts" name="auth plugin — JWT &gt; expired JWT → 401" time="0.0187232">
        </testcase>
        <testcase classname="src/plugins/auth.test.ts" name="auth plugin — JWT &gt; malformed JWT → 401" time="0.0147392">
        </testcase>
        <testcase classname="src/plugins/auth.test.ts" name="auth plugin — dual auth (both paths work on API routes) &gt; JWT for a tenant that does not exist → 401" time="0.0167215">
        </testcase>
        <testcase classname="src/plugins/auth.test.ts" name="auth plugin — dual auth (both paths work on API routes) &gt; JWT for an existing, active tenant is accepted" time="0.0159398">
        </testcase>
        <testcase classname="src/plugins/auth.test.ts" name="auth plugin — dual auth (both paths work on API routes) &gt; API key path works when token is not a JWT" time="0.0860877">
        </testcase>
        <testcase classname="src/plugins/auth.test.ts" name="auth plugin — a leaked JWT_SECRET is not a master key &gt; a perfectly signed token with no session claim → 401" time="0.0131964">
        </testcase>
        <testcase classname="src/plugins/auth.test.ts" name="auth plugin — a leaked JWT_SECRET is not a master key &gt; a perfectly signed token naming a session that does not exist → 401" time="0.0136207">
        </testcase>
        <testcase classname="src/plugins/auth.test.ts" name="auth plugin — suspended tenants &gt; API key belonging to a suspended tenant → 403" time="0.0427711">
        </testcase>
        <testcase classname="src/plugins/auth.test.ts" name="auth plugin — suspended tenants &gt; JWT for a suspended tenant → 403" time="0.0396278">
        </testcase>
        <testcase classname="src/plugins/auth.test.ts" name="auth plugin — suspended tenants &gt; honours a cached &quot;inactive&quot; without querying Postgres" time="0.0135084">
        </testcase>
        <testcase classname="src/plugins/auth.test.ts" name="auth plugin — suspended tenants &gt; falls back to Postgres — never to &quot;allow&quot; — when Redis is down" time="0.0154259">
        </testcase>
        <testcase classname="src/plugins/auth.test.ts" name="auth plugin — suspended tenants &gt; caches the tenant status after a Postgres read" time="0.0739635">
        </testcase>
        <testcase classname="src/plugins/auth.test.ts" name="auth plugin — suspended tenants &gt; treats isActive = null as active (legacy rows predate the default)" time="0.0156679">
        </testcase>
    </testsuite>
    <testsuite name="src/plugins/health.test.ts" timestamp="2026-09-06T14:24:08.661Z" hostname="KorentzPC" tests="9" failures="0" errors="0" skipped="0" time="0.3102604">
        <testcase classname="src/plugins/health.test.ts" name="checkDependency &gt; reports ok with a latency when the probe resolves" time="0.0036698">
        </testcase>
        <testcase classname="src/plugins/health.test.ts" name="checkDependency &gt; reports the failure reason when the probe rejects" time="0.0006991">
        </testcase>
        <testcase classname="src/plugins/health.test.ts" name="checkDependency &gt; times out rather than hanging when a dependency never answers" time="0.0225914">
        </testcase>
        <testcase classname="src/plugins/health.test.ts" name="checkDependency &gt; does not leave a pending timer behind on the happy path" time="0.0048802">
        </testcase>
        <testcase classname="src/plugins/health.test.ts" name="GET /health/live &gt; is 200 even when every dependency is down" time="0.2353994">
        </testcase>
        <testcase classname="src/plugins/health.test.ts" name="GET /health &gt; is 200 and actually probes both dependencies when healthy" time="0.0123391">
        </testcase>
        <testcase classname="src/plugins/health.test.ts" name="GET /health &gt; is 503 when Postgres is unreachable" time="0.0077255">
        </testcase>
        <testcase classname="src/plugins/health.test.ts" name="GET /health &gt; is 503 when Redis is unreachable" time="0.0057649">
        </testcase>
        <testcase classname="src/plugins/health.test.ts" name="GET /health &gt; names every failing dependency rather than stopping at the first" time="0.0129388">
        </testcase>
    </testsuite>
    <testsuite name="src/plugins/require-role.test.ts" timestamp="2026-09-06T14:24:08.671Z" hostname="KorentzPC" tests="6" failures="0" errors="0" skipped="0" time="0.0105853">
        <testcase classname="src/plugins/require-role.test.ts" name="requireRole &gt; allows a role above the minimum" time="0.0040161">
        </testcase>
        <testcase classname="src/plugins/require-role.test.ts" name="requireRole &gt; allows a role exactly at the minimum" time="0.0005883">
        </testcase>
        <testcase classname="src/plugins/require-role.test.ts" name="requireRole &gt; rejects a role below the minimum" time="0.0020806">
        </testcase>
        <testcase classname="src/plugins/require-role.test.ts" name="requireRole &gt; rejects a session with no role at all" time="0.0005307">
        </testcase>
        <testcase classname="src/plugins/require-role.test.ts" name="requireRole &gt; rejects an unrecognised role rather than ranking it as zero" time="0.000401">
        </testcase>
        <testcase classname="src/plugins/require-role.test.ts" name="requireRole &gt; lets API keys through — they are tenant-wide machine credentials" time="0.000377">
        </testcase>
    </testsuite>
    <testsuite name="src/shared/audit.test.ts" timestamp="2026-09-06T14:24:08.674Z" hostname="KorentzPC" tests="6" failures="0" errors="0" skipped="0" time="0.0200229">
        <testcase classname="src/shared/audit.test.ts" name="recordAudit &gt; writes the row" time="0.0096099">
        </testcase>
        <testcase classname="src/shared/audit.test.ts" name="recordAudit &gt; NEVER throws — a failed audit write must not fail the action" time="0.0043713">
        </testcase>
        <testcase classname="src/shared/audit.test.ts" name="recordAudit &gt; defaults the nullable columns rather than writing undefined" time="0.0016648">
        </testcase>
        <testcase classname="src/shared/audit.test.ts" name="actorFromRequest — identity comes from auth, not from the caller &gt; attributes a JWT session to the user" time="0.000589">
        </testcase>
        <testcase classname="src/shared/audit.test.ts" name="actorFromRequest — identity comes from auth, not from the caller &gt; attributes an API key to the tenant, since no human is behind it" time="0.0005668">
        </testcase>
        <testcase classname="src/shared/audit.test.ts" name="actorFromRequest — identity comes from auth, not from the caller &gt; falls back to system rather than inventing an actor" time="0.0005852">
        </testcase>
    </testsuite>
    <testsuite name="src/shared/circuit-breaker.test.ts" timestamp="2026-09-06T14:24:08.676Z" hostname="KorentzPC" tests="12" failures="0" errors="0" skipped="0" time="0.0276815">
        <testcase classname="src/shared/circuit-breaker.test.ts" name="CircuitBreaker &gt; starts in CLOSED state" time="0.0030287">
        </testcase>
        <testcase classname="src/shared/circuit-breaker.test.ts" name="CircuitBreaker &gt; CLOSED: passes through successful calls" time="0.0007362">
        </testcase>
        <testcase classname="src/shared/circuit-breaker.test.ts" name="CircuitBreaker &gt; CLOSED: stays CLOSED below failure threshold" time="0.0032284">
        </testcase>
        <testcase classname="src/shared/circuit-breaker.test.ts" name="CircuitBreaker &gt; CLOSED → OPEN after failureThreshold consecutive failures" time="0.001308">
        </testcase>
        <testcase classname="src/shared/circuit-breaker.test.ts" name="CircuitBreaker &gt; resets failure count on a success (stays CLOSED)" time="0.0017653">
        </testcase>
        <testcase classname="src/shared/circuit-breaker.test.ts" name="CircuitBreaker &gt; OPEN: rejects immediately without calling fn" time="0.0036872">
        </testcase>
        <testcase classname="src/shared/circuit-breaker.test.ts" name="CircuitBreaker &gt; OPEN: rejects with circuit breaker error message" time="0.0013031">
        </testcase>
        <testcase classname="src/shared/circuit-breaker.test.ts" name="CircuitBreaker &gt; OPEN → HALF_OPEN after cooldown" time="0.0016079">
        </testcase>
        <testcase classname="src/shared/circuit-breaker.test.ts" name="CircuitBreaker &gt; remains OPEN before cooldown expires" time="0.0037956">
        </testcase>
        <testcase classname="src/shared/circuit-breaker.test.ts" name="CircuitBreaker &gt; HALF_OPEN: success → CLOSED" time="0.0017118">
        </testcase>
        <testcase classname="src/shared/circuit-breaker.test.ts" name="CircuitBreaker &gt; HALF_OPEN: failure → OPEN" time="0.0015864">
        </testcase>
        <testcase classname="src/shared/circuit-breaker.test.ts" name="CircuitBreaker &gt; reset() returns to CLOSED state" time="0.0010449">
        </testcase>
    </testsuite>
    <testsuite name="src/shared/crypto.test.ts" timestamp="2026-09-06T14:24:08.680Z" hostname="KorentzPC" tests="9" failures="0" errors="0" skipped="0" time="0.0188065">
        <testcase classname="src/shared/crypto.test.ts" name="crypto &gt; encrypts and decrypts a string round-trip" time="0.0053437">
        </testcase>
        <testcase classname="src/shared/crypto.test.ts" name="crypto &gt; produces iv:authTag:ciphertext format" time="0.0025773">
        </testcase>
        <testcase classname="src/shared/crypto.test.ts" name="crypto &gt; produces different ciphertext for same plaintext (random IV)" time="0.0014491">
        </testcase>
        <testcase classname="src/shared/crypto.test.ts" name="crypto &gt; fails to decrypt with wrong key" time="0.0026219">
        </testcase>
        <testcase classname="src/shared/crypto.test.ts" name="crypto &gt; handles empty string" time="0.000816">
        </testcase>
        <testcase classname="src/shared/crypto.test.ts" name="crypto &gt; handles unicode" time="0.0006359">
        </testcase>
        <testcase classname="src/shared/crypto.test.ts" name="crypto &gt; throws when ciphertext is tampered (auth tag check fails)" time="0.0009019">
        </testcase>
        <testcase classname="src/shared/crypto.test.ts" name="crypto &gt; throws when auth tag is tampered" time="0.0009692">
        </testcase>
        <testcase classname="src/shared/crypto.test.ts" name="crypto &gt; decrypts long strings correctly" time="0.000747">
        </testcase>
    </testsuite>
    <testsuite name="src/shared/errors.test.ts" timestamp="2026-09-06T14:24:08.682Z" hostname="KorentzPC" tests="8" failures="0" errors="0" skipped="0" time="0.0100248">
        <testcase classname="src/shared/errors.test.ts" name="AppError &gt; defaults to 500 and INTERNAL_ERROR" time="0.0032569">
        </testcase>
        <testcase classname="src/shared/errors.test.ts" name="AppError &gt; accepts custom statusCode and code" time="0.0006196">
        </testcase>
        <testcase classname="src/shared/errors.test.ts" name="NotFoundError &gt; sets 404 and includes resource + id in message" time="0.0005805">
        </testcase>
        <testcase classname="src/shared/errors.test.ts" name="UnauthorizedError &gt; defaults to 401" time="0.0005784">
        </testcase>
        <testcase classname="src/shared/errors.test.ts" name="UnauthorizedError &gt; accepts custom message" time="0.0002675">
        </testcase>
        <testcase classname="src/shared/errors.test.ts" name="ForbiddenError &gt; defaults to 403" time="0.0004421">
        </testcase>
        <testcase classname="src/shared/errors.test.ts" name="ValidationError &gt; sets 400" time="0.0003979">
        </testcase>
        <testcase classname="src/shared/errors.test.ts" name="ConflictError &gt; sets 409" time="0.0003149">
        </testcase>
    </testsuite>
    <testsuite name="src/shared/password.test.ts" timestamp="2026-09-06T14:24:08.684Z" hostname="KorentzPC" tests="14" failures="0" errors="0" skipped="0" time="1.368849">
        <testcase classname="src/shared/password.test.ts" name="hashPassword / verifyPassword &gt; accepts the correct password" time="0.1568752">
        </testcase>
        <testcase classname="src/shared/password.test.ts" name="hashPassword / verifyPassword &gt; rejects a wrong password" time="0.2307355">
        </testcase>
        <testcase classname="src/shared/password.test.ts" name="hashPassword / verifyPassword &gt; never stores the plaintext" time="0.0882104">
        </testcase>
        <testcase classname="src/shared/password.test.ts" name="hashPassword / verifyPassword &gt; salts — the same password hashes differently every time" time="0.3167972">
        </testcase>
        <testcase classname="src/shared/password.test.ts" name="hashPassword / verifyPassword &gt; uses the documented salt:hash format" time="0.0796028">
        </testcase>
        <testcase classname="src/shared/password.test.ts" name="hashPassword / verifyPassword &gt; returns false — never throws — for a NULL stored hash" time="0.0007498">
        </testcase>
        <testcase classname="src/shared/password.test.ts" name="hashPassword / verifyPassword &gt; returns false — never throws — for a malformed stored hash" time="0.0075698">
        </testcase>
        <testcase classname="src/shared/password.test.ts" name="hashPassword / verifyPassword &gt; handles unicode and long passphrases" time="0.2219378">
        </testcase>
        <testcase classname="src/shared/password.test.ts" name="hashPassword / verifyPassword &gt; does not accept a truncated password (whole input is hashed)" time="0.2438474">
        </testcase>
        <testcase classname="src/shared/password.test.ts" name="generateToken / hashToken &gt; returns a token whose hash matches hashToken" time="0.0012427">
        </testcase>
        <testcase classname="src/shared/password.test.ts" name="generateToken / hashToken &gt; produces URL-safe tokens (they travel in emails and cookies)" time="0.001548">
        </testcase>
        <testcase classname="src/shared/password.test.ts" name="generateToken / hashToken &gt; produces a 64-hex-char sha256, matching the varchar(64) columns" time="0.0002563">
        </testcase>
        <testcase classname="src/shared/password.test.ts" name="generateToken / hashToken &gt; is unique across many draws" time="0.013903">
        </testcase>
        <testcase classname="src/shared/password.test.ts" name="generateToken / hashToken &gt; carries at least 256 bits of entropy" time="0.0006535">
        </testcase>
    </testsuite>
    <testsuite name="src/shared/webhook-timestamp.test.ts" timestamp="2026-09-06T14:24:08.687Z" hostname="KorentzPC" tests="18" failures="0" errors="0" skipped="0" time="0.015498">
        <testcase classname="src/shared/webhook-timestamp.test.ts" name="isTimestampFresh &gt; returns true for timestamp exactly at now (Unix seconds)" time="0.0052768">
        </testcase>
        <testcase classname="src/shared/webhook-timestamp.test.ts" name="isTimestampFresh &gt; returns true for timestamp 1 second ago (Unix seconds)" time="0.0010922">
        </testcase>
        <testcase classname="src/shared/webhook-timestamp.test.ts" name="isTimestampFresh &gt; returns true for timestamp 4 min 59 s ago (Unix seconds)" time="0.0006515">
        </testcase>
        <testcase classname="src/shared/webhook-timestamp.test.ts" name="isTimestampFresh &gt; returns true for ISO string timestamp at now" time="0.0012399">
        </testcase>
        <testcase classname="src/shared/webhook-timestamp.test.ts" name="isTimestampFresh &gt; returns true for timestamp as numeric string (Unix seconds)" time="0.0005579">
        </testcase>
        <testcase classname="src/shared/webhook-timestamp.test.ts" name="isTimestampFresh &gt; returns true for timestamp in the future within 5 min" time="0.000476">
        </testcase>
        <testcase classname="src/shared/webhook-timestamp.test.ts" name="isTimestampFresh &gt; returns false for timestamp exactly 5 min + 1 s ago (Unix seconds)" time="0.0004098">
        </testcase>
        <testcase classname="src/shared/webhook-timestamp.test.ts" name="isTimestampFresh &gt; returns false for timestamp 10 minutes ago" time="0.0003141">
        </testcase>
        <testcase classname="src/shared/webhook-timestamp.test.ts" name="isTimestampFresh &gt; returns false for ISO string 1 hour ago" time="0.0004059">
        </testcase>
        <testcase classname="src/shared/webhook-timestamp.test.ts" name="isTimestampFresh &gt; returns false for timestamp more than 5 min in the future" time="0.0004544">
        </testcase>
        <testcase classname="src/shared/webhook-timestamp.test.ts" name="isTimestampFresh &gt; returns false for undefined" time="0.000236">
        </testcase>
        <testcase classname="src/shared/webhook-timestamp.test.ts" name="isTimestampFresh &gt; returns false for null" time="0.0001888">
        </testcase>
        <testcase classname="src/shared/webhook-timestamp.test.ts" name="isTimestampFresh &gt; returns false for empty string" time="0.0001925">
        </testcase>
        <testcase classname="src/shared/webhook-timestamp.test.ts" name="isTimestampFresh &gt; returns false for non-numeric string" time="0.0001793">
        </testcase>
        <testcase classname="src/shared/webhook-timestamp.test.ts" name="isTimestampFresh &gt; returns false for zero" time="0.0001727">
        </testcase>
        <testcase classname="src/shared/webhook-timestamp.test.ts" name="isTimestampFresh &gt; returns false for negative number" time="0.0002686">
        </testcase>
        <testcase classname="src/shared/webhook-timestamp.test.ts" name="isTimestampFresh &gt; accepts custom window — 1-second window accepts timestamp at now" time="0.0002826">
        </testcase>
        <testcase classname="src/shared/webhook-timestamp.test.ts" name="isTimestampFresh &gt; accepts custom window — 1-second window rejects timestamp 2 s ago" time="0.0001928">
        </testcase>
    </testsuite>
    <testsuite name="src/modules/admin/admin.guard.test.ts" timestamp="2026-09-06T14:24:08.692Z" hostname="KorentzPC" tests="5" failures="0" errors="0" skipped="0" time="0.0131456">
        <testcase classname="src/modules/admin/admin.guard.test.ts" name="requireAdmin &gt; 503s when ADMIN_API_KEY is not configured — the console is opt-in" time="0.0064213">
        </testcase>
        <testcase classname="src/modules/admin/admin.guard.test.ts" name="requireAdmin &gt; 401s when the Authorization header is missing" time="0.0014111">
        </testcase>
        <testcase classname="src/modules/admin/admin.guard.test.ts" name="requireAdmin &gt; 401s on a non-Bearer scheme" time="0.000667">
        </testcase>
        <testcase classname="src/modules/admin/admin.guard.test.ts" name="requireAdmin &gt; 401s when the key is wrong (and does not leak via length)" time="0.0010637">
        </testcase>
        <testcase classname="src/modules/admin/admin.guard.test.ts" name="requireAdmin &gt; passes when the Bearer token matches ADMIN_API_KEY exactly" time="0.0009963">
        </testcase>
    </testsuite>
    <testsuite name="src/modules/admin/admin.plan-change.test.ts" timestamp="2026-09-06T14:24:08.694Z" hostname="KorentzPC" tests="8" failures="0" errors="0" skipped="0" time="0.1159774">
        <testcase classname="src/modules/admin/admin.plan-change.test.ts" name="updateTenantSchema — the operator-only billing fields &gt; accepts a plan change" time="0.0041746">
        </testcase>
        <testcase classname="src/modules/admin/admin.plan-change.test.ts" name="updateTenantSchema — the operator-only billing fields &gt; accepts a billing status and a quota mode" time="0.0008573">
        </testcase>
        <testcase classname="src/modules/admin/admin.plan-change.test.ts" name="updateTenantSchema — the operator-only billing fields &gt; rejects a billing status outside the four the database allows" time="0.0016401">
        </testcase>
        <testcase classname="src/modules/admin/admin.plan-change.test.ts" name="updateTenantSchema — the operator-only billing fields &gt; still rejects nonsense in the fields it always had" time="0.0006312">
        </testcase>
        <testcase classname="src/modules/admin/admin.plan-change.test.ts" name="TenantService.update — plan validation &gt; names the valid plans when given an unknown one" time="0.0057515">
        </testcase>
        <testcase classname="src/modules/admin/admin.plan-change.test.ts" name="TenantService.update — plan validation &gt; writes the plan when it exists" time="0.0030516">
        </testcase>
        <testcase classname="src/modules/admin/admin.plan-change.test.ts" name="TenantService.update — plan validation &gt; checks the plan BEFORE writing anything" time="0.0025366">
        </testcase>
        <testcase classname="src/modules/admin/admin.plan-change.test.ts" name="AdminService.tenantDetail — the billing projection &gt; returns the fields the operator can set" time="0.093717">
        </testcase>
    </testsuite>
    <testsuite name="src/modules/auth/auth.empty-body.test.ts" timestamp="2026-09-06T14:24:08.695Z" hostname="KorentzPC" tests="6" failures="0" errors="0" skipped="0" time="0.9584345">
        <testcase classname="src/modules/auth/auth.empty-body.test.ts" name="auth content-type parser &gt; accepts application/json with NO body — the browser refresh case" time="0.9048231">
        </testcase>
        <testcase classname="src/modules/auth/auth.empty-body.test.ts" name="auth content-type parser &gt; accepts application/json with a whitespace-only body" time="0.0095452">
        </testcase>
        <testcase classname="src/modules/auth/auth.empty-body.test.ts" name="auth content-type parser &gt; still parses a real JSON body" time="0.0075173">
        </testcase>
        <testcase classname="src/modules/auth/auth.empty-body.test.ts" name="auth content-type parser &gt; still REJECTS malformed JSON — tolerating empty must not mean tolerating garbage" time="0.0131329">
        </testcase>
        <testcase classname="src/modules/auth/auth.empty-body.test.ts" name="auth content-type parser &gt; demonstrates the ORIGINAL failure without the parser" time="0.0134925">
        </testcase>
        <testcase classname="src/modules/auth/auth.empty-body.test.ts" name="dashboard client contract &gt; omits the JSON content-type when there is no body" time="0.0059978">
        </testcase>
    </testsuite>
    <testsuite name="src/modules/auth/auth.enumeration.test.ts" timestamp="2026-09-06T14:24:08.697Z" hostname="KorentzPC" tests="4" failures="0" errors="0" skipped="0" time="0.3611571">
        <testcase classname="src/modules/auth/auth.enumeration.test.ts" name="login does not reveal whether an account exists &gt; unknown email and wrong password produce the identical error" time="0.2660506">
        </testcase>
        <testcase classname="src/modules/auth/auth.enumeration.test.ts" name="login does not reveal whether an account exists &gt; spends comparable time on an unknown account" time="0.086595">
        </testcase>
        <testcase classname="src/modules/auth/auth.enumeration.test.ts" name="createPasswordReset does not reveal whether an account exists &gt; returns null for an unknown email rather than throwing" time="0.0024338">
        </testcase>
        <testcase classname="src/modules/auth/auth.enumeration.test.ts" name="email normalisation &gt; lowercases and trims before lookup, so Alice@X.com finds alice@x.com" time="0.0014805">
        </testcase>
    </testsuite>
    <testsuite name="src/modules/auth/auth.schemas.test.ts" timestamp="2026-09-06T14:24:08.698Z" hostname="KorentzPC" tests="15" failures="0" errors="0" skipped="0" time="0.0170442">
        <testcase classname="src/modules/auth/auth.schemas.test.ts" name="registerSchema &gt; accepts a valid registration" time="0.0053793">
        </testcase>
        <testcase classname="src/modules/auth/auth.schemas.test.ts" name="registerSchema &gt; rejects passwords under 12 characters" time="0.0020682">
        </testcase>
        <testcase classname="src/modules/auth/auth.schemas.test.ts" name="registerSchema &gt; accepts a long all-lowercase passphrase" time="0.0005873">
        </testcase>
        <testcase classname="src/modules/auth/auth.schemas.test.ts" name="registerSchema &gt; rejects a handful of known-terrible passwords" time="0.0013082">
        </testcase>
        <testcase classname="src/modules/auth/auth.schemas.test.ts" name="registerSchema &gt; rejects a malformed email" time="0.0004932">
        </testcase>
        <testcase classname="src/modules/auth/auth.schemas.test.ts" name="registerSchema &gt; requires a workspace name" time="0.0003857">
        </testcase>
        <testcase classname="src/modules/auth/auth.schemas.test.ts" name="loginSchema &gt; does NOT apply the strength policy" time="0.0003871">
        </testcase>
        <testcase classname="src/modules/auth/auth.schemas.test.ts" name="loginSchema &gt; still requires a non-empty password" time="0.0007516">
        </testcase>
        <testcase classname="src/modules/auth/auth.schemas.test.ts" name="inviteSchema &gt; accepts admin, member and viewer" time="0.0007007">
        </testcase>
        <testcase classname="src/modules/auth/auth.schemas.test.ts" name="inviteSchema &gt; refuses to invite someone straight to owner" time="0.0005729">
        </testcase>
        <testcase classname="src/modules/auth/auth.schemas.test.ts" name="inviteSchema &gt; rejects an invented role" time="0.0002375">
        </testcase>
        <testcase classname="src/modules/auth/auth.schemas.test.ts" name="updateMemberRoleSchema &gt; does allow owner — role CHANGES may grant ownership, invites may not" time="0.0002014">
        </testcase>
        <testcase classname="src/modules/auth/auth.schemas.test.ts" name="updateMemberRoleSchema &gt; rejects an invented role" time="0.0001941">
        </testcase>
        <testcase classname="src/modules/auth/auth.schemas.test.ts" name="resetPasswordSchema &gt; enforces the strength policy on the NEW password" time="0.0003873">
        </testcase>
        <testcase classname="src/modules/auth/auth.schemas.test.ts" name="resetPasswordSchema &gt; rejects an implausibly short token" time="0.0002189">
        </testcase>
    </testsuite>
    <testsuite name="src/modules/auth/auth.signup-mode.test.ts" timestamp="2026-09-06T14:24:08.702Z" hostname="KorentzPC" tests="5" failures="0" errors="0" skipped="0" time="0.4778841">
        <testcase classname="src/modules/auth/auth.signup-mode.test.ts" name="SIGNUP_MODE &gt; 403s a registration attempt on the DEFAULT config — nothing needs setting to be safe" time="0.3740167">
        </testcase>
        <testcase classname="src/modules/auth/auth.signup-mode.test.ts" name="SIGNUP_MODE &gt; refuses BEFORE validating the body, so it cannot be used to map the schema" time="0.047668">
        </testcase>
        <testcase classname="src/modules/auth/auth.signup-mode.test.ts" name="SIGNUP_MODE &gt; tells the caller what to do instead, rather than a bare &quot;forbidden&quot;" time="0.0133716">
        </testcase>
        <testcase classname="src/modules/auth/auth.signup-mode.test.ts" name="SIGNUP_MODE &gt; lets registration through when signup is explicitly opened" time="0.018955">
        </testcase>
        <testcase classname="src/modules/auth/auth.signup-mode.test.ts" name="SIGNUP_MODE &gt; never gates the invite path — that is how a closed instance still adds people" time="0.021184">
        </testcase>
    </testsuite>
    <testsuite name="src/modules/billing/metering-coverage.test.ts" timestamp="2026-09-06T14:24:08.703Z" hostname="KorentzPC" tests="3" failures="0" errors="0" skipped="0" time="0.0069873">
        <testcase classname="src/modules/billing/metering-coverage.test.ts" name="lead metering coverage &gt; finds the lead-creation sites at all (the scanner itself must not silently break)" time="0.0025324">
        </testcase>
        <testcase classname="src/modules/billing/metering-coverage.test.ts" name="lead metering coverage &gt; every lead-creation site either meters or is explicitly exempt" time="0.0015142">
        </testcase>
        <testcase classname="src/modules/billing/metering-coverage.test.ts" name="lead metering coverage &gt; the exempt sites are the two we decided on, and no more" time="0.0005122">
        </testcase>
    </testsuite>
    <testsuite name="src/modules/billing/period.test.ts" timestamp="2026-09-06T14:24:08.704Z" hostname="KorentzPC" tests="12" failures="0" errors="0" skipped="0" time="0.0240682">
        <testcase classname="src/modules/billing/period.test.ts" name="periodBounds &gt; runs anchor-day midnight to anchor-day midnight" time="0.0072102">
        </testcase>
        <testcase classname="src/modules/billing/period.test.ts" name="periodBounds &gt; before the anchor day, you are still in the period that opened LAST month" time="0.0015598">
        </testcase>
        <testcase classname="src/modules/billing/period.test.ts" name="periodBounds &gt; the anchor day itself belongs to the NEW period" time="0.0009827">
        </testcase>
        <testcase classname="src/modules/billing/period.test.ts" name="periodBounds &gt; rolls the year over in December" time="0.001335">
        </testcase>
        <testcase classname="src/modules/billing/period.test.ts" name="periodBounds &gt; and backwards across the year boundary in January" time="0.0015218">
        </testcase>
        <testcase classname="src/modules/billing/period.test.ts" name="periodBounds &gt; a lead at 00:30 Israel time on the anchor day is in the new period, not the old one" time="0.0012462">
        </testcase>
        <testcase classname="src/modules/billing/period.test.ts" name="periodBounds &gt; a lead at 23:30 Israel time on the last day is still in the OLD period" time="0.0011725">
        </testcase>
        <testcase classname="src/modules/billing/period.test.ts" name="periodBounds &gt; survives the DST changes at both ends of the year" time="0.0018926">
        </testcase>
        <testcase classname="src/modules/billing/period.test.ts" name="periodBounds &gt; February is not special, because the anchor day can never exceed 28" time="0.0010065">
        </testcase>
        <testcase classname="src/modules/billing/period.test.ts" name="periodBounds &gt; clamps a nonsense anchor day instead of throwing" time="0.001984">
        </testcase>
        <testcase classname="src/modules/billing/period.test.ts" name="periodBounds &gt; consecutive periods tile without gap or overlap" time="0.0004996">
        </testcase>
        <testcase classname="src/modules/billing/period.test.ts" name="periodLabel &gt; names a period after the month it opened in" time="0.0004221">
        </testcase>
    </testsuite>
    <testsuite name="src/modules/billing/pricing.test.ts" timestamp="2026-09-06T14:24:08.708Z" hostname="KorentzPC" tests="16" failures="0" errors="0" skipped="0" time="0.0145899">
        <testcase classname="src/modules/billing/pricing.test.ts" name="costOfCall &gt; prices each component and sums them" time="0.0031241">
        </testcase>
        <testcase classname="src/modules/billing/pricing.test.ts" name="costOfCall &gt; treats cached tokens as a SUBSET of prompt tokens, not an addition" time="0.0005164">
        </testcase>
        <testcase classname="src/modules/billing/pricing.test.ts" name="costOfCall &gt; does not let a cached count larger than the prompt count produce negative cost" time="0.0005092">
        </testcase>
        <testcase classname="src/modules/billing/pricing.test.ts" name="costOfCall &gt; a call with no usage costs zero rather than throwing" time="0.0003738">
        </testcase>
        <testcase classname="src/modules/billing/pricing.test.ts" name="costOfCall &gt; ignores junk instead of producing NaN" time="0.0003934">
        </testcase>
        <testcase classname="src/modules/billing/pricing.test.ts" name="costOfCall &gt; rounds per component, at the end, so a short call is not rounded to nothing" time="0.0004487">
        </testcase>
        <testcase classname="src/modules/billing/pricing.test.ts" name="costOfCall &gt; uses the real rate card by default and produces a plausible per-minute cost" time="0.0003867">
        </testcase>
        <testcase classname="src/modules/billing/pricing.test.ts" name="readUsageSummary &gt; reads the shape LiveKit sends today" time="0.0014971">
        </testcase>
        <testcase classname="src/modules/billing/pricing.test.ts" name="readUsageSummary &gt; unwraps a nested `usage` property, since the event is sometimes the wrapper" time="0.0002847">
        </testcase>
        <testcase classname="src/modules/billing/pricing.test.ts" name="readUsageSummary &gt; degrades to zeros on an unrecognised shape rather than throwing" time="0.0007785">
        </testcase>
        <testcase classname="src/modules/billing/pricing.test.ts" name="readUsageSummary &gt; modelUsage[] — the shape the SDK actually sends &gt; reads every provider out of the array" time="0.0016294">
        </testcase>
        <testcase classname="src/modules/billing/pricing.test.ts" name="readUsageSummary &gt; modelUsage[] — the shape the SDK actually sends &gt; prices ALL FOUR components, not just the platform leg" time="0.0004164">
        </testcase>
        <testcase classname="src/modules/billing/pricing.test.ts" name="readUsageSummary &gt; modelUsage[] — the shape the SDK actually sends &gt; SUMS repeated entries — a call that switched model reports one per model" time="0.0002912">
        </testcase>
        <testcase classname="src/modules/billing/pricing.test.ts" name="readUsageSummary &gt; modelUsage[] — the shape the SDK actually sends &gt; still reads the old flat shape, so an older payload keeps pricing" time="0.0003224">
        </testcase>
        <testcase classname="src/modules/billing/pricing.test.ts" name="readUsageSummary &gt; modelUsage[] — the shape the SDK actually sends &gt; an empty or junk-filled array is zeros, not a throw" time="0.0002221">
        </testcase>
        <testcase classname="src/modules/billing/pricing.test.ts" name="formatMilliAgorot &gt; renders shekels for humans" time="0.0002752">
        </testcase>
    </testsuite>
    <testsuite name="src/modules/billing/usage.service.test.ts" timestamp="2026-09-06T14:24:08.711Z" hostname="KorentzPC" tests="17" failures="0" errors="0" skipped="0" time="0.054589">
        <testcase classname="src/modules/billing/usage.service.test.ts" name="recordUsageEvent &gt; appends to the ledger and moves the counter, once" time="0.0102594">
        </testcase>
        <testcase classname="src/modules/billing/usage.service.test.ts" name="recordUsageEvent &gt; a repeat of the same unit is a NO-OP, not an error and not a second count" time="0.0024515">
        </testcase>
        <testcase classname="src/modules/billing/usage.service.test.ts" name="recordUsageEvent &gt; opens a period and FREEZES the plan values into it" time="0.0017956">
        </testcase>
        <testcase classname="src/modules/billing/usage.service.test.ts" name="recordUsageEvent &gt; reuses an open period instead of opening a second one" time="0.0016961">
        </testcase>
        <testcase classname="src/modules/billing/usage.service.test.ts" name="recordUsageEvent &gt; a negotiated override of ZERO wins over the plan price" time="0.0016694">
        </testcase>
        <testcase classname="src/modules/billing/usage.service.test.ts" name="recordUsageEvent &gt; a tenant with no plan still gets metered" time="0.0009441">
        </testcase>
        <testcase classname="src/modules/billing/usage.service.test.ts" name="recordUsageEvent &gt; a call event carries BOTH what we charge (seconds) and what it cost us" time="0.0007721">
        </testcase>
        <testcase classname="src/modules/billing/usage.service.test.ts" name="recordUsageEvent &gt; moves BOTH unit counters on every event, so neither kind silently stops counting" time="0.0023098">
        </testcase>
        <testcase classname="src/modules/billing/usage.service.test.ts" name="recordUsageEvent &gt; never stores a negative cost" time="0.0008796">
        </testcase>
        <testcase classname="src/modules/billing/usage.service.test.ts" name="recordUsageEvent &gt; throws on a database failure, so a retryable caller can retry" time="0.0030994">
        </testcase>
        <testcase classname="src/modules/billing/usage.service.test.ts" name="meterLead / meterCall never throw &gt; a metering failure does not fail lead creation" time="0.0065562">
        </testcase>
        <testcase classname="src/modules/billing/usage.service.test.ts" name="meterLead / meterCall never throw &gt; a metering failure does not break call teardown" time="0.0094969">
        </testcase>
        <testcase classname="src/modules/billing/usage.service.test.ts" name="meterLead / meterCall never throw &gt; meterLead records exactly one billable unit" time="0.0031141">
        </testcase>
        <testcase classname="src/modules/billing/usage.service.test.ts" name="meterLead / meterCall never throw &gt; meterCall prices the call and keeps the rate version with it" time="0.0020667">
        </testcase>
        <testcase classname="src/modules/billing/usage.service.test.ts" name="meterLead / meterCall never throw &gt; bills the seconds it was given, rounded, and never credits minutes back" time="0.0021305">
        </testcase>
        <testcase classname="src/modules/billing/usage.service.test.ts" name="meterLead / meterCall never throw &gt; a call with no duration at all bills zero rather than NaN" time="0.0007615">
        </testcase>
        <testcase classname="src/modules/billing/usage.service.test.ts" name="meterLead / meterCall never throw &gt; an unmeasured call is recorded at zero cost rather than skipped" time="0.0007673">
        </testcase>
    </testsuite>
    <testsuite name="src/modules/calls/call-deletion.test.ts" timestamp="2026-09-06T14:24:08.715Z" hostname="KorentzPC" tests="5" failures="0" errors="0" skipped="0" time="0.0156063">
        <testcase classname="src/modules/calls/call-deletion.test.ts" name="CallsService.deleteCall &gt; deletes the transcript, the analysis and the messages — and NOT the lead" time="0.0071996">
        </testcase>
        <testcase classname="src/modules/calls/call-deletion.test.ts" name="CallsService.deleteCall &gt; reports the recording as NOT deleted, because it lives with the provider" time="0.0012925">
        </testcase>
        <testcase classname="src/modules/calls/call-deletion.test.ts" name="CallsService.deleteCall &gt; never issues an unconstrained learnings delete when the room name is null" time="0.0016023">
        </testcase>
        <testcase classname="src/modules/calls/call-deletion.test.ts" name="CallsService.deleteCall &gt; returns null for another tenant&apos;s call, so the route can 404 instead of confirming it exists" time="0.0021649">
        </testcase>
        <testcase classname="src/modules/calls/call-deletion.test.ts" name="CallsService.deleteCall &gt; refuses to delete a non-voice conversation through the calls endpoint" time="0.0009201">
        </testcase>
    </testsuite>
    <testsuite name="src/modules/calls/calls.service.test.ts" timestamp="2026-09-06T14:24:08.717Z" hostname="KorentzPC" tests="12" failures="0" errors="0" skipped="0" time="0.0292167">
        <testcase classname="src/modules/calls/calls.service.test.ts" name="getCall — call_learnings join &gt; returns learnings: null when no call_learnings row matches" time="0.0082118">
        </testcase>
        <testcase classname="src/modules/calls/calls.service.test.ts" name="getCall — call_learnings join &gt; does not query call_learnings when channelRef is null" time="0.0017733">
        </testcase>
        <testcase classname="src/modules/calls/calls.service.test.ts" name="getCall — call_learnings join &gt; maps a full row: verdict, tool calls, compliance, sales analysis, merged transcript" time="0.0057082">
        </testcase>
        <testcase classname="src/modules/calls/calls.service.test.ts" name="getCall — call_learnings join &gt; scopes the learnings lookup to the tenant (tenant isolation)" time="0.0032603">
        </testcase>
        <testcase classname="src/modules/calls/calls.service.test.ts" name="getCall — call_learnings join &gt; sales_analysis is null when the JSONB holds only agent-written keys" time="0.001927">
        </testcase>
        <testcase classname="src/modules/calls/calls.service.test.ts" name="getCall — call_learnings join &gt; never overrides a non-empty messages transcript with the learnings one" time="0.0014969">
        </testcase>
        <testcase classname="src/modules/calls/calls.service.test.ts" name="getCall — call_learnings join &gt; a learnings lookup failure degrades to learnings: null, never a throw" time="0.0016752">
        </testcase>
        <testcase classname="src/modules/calls/calls.service.test.ts" name="mapLearnings &gt; empty analysis JSONB → safe defaults everywhere" time="0.0004552">
        </testcase>
        <testcase classname="src/modules/calls/calls.service.test.ts" name="mapLearnings &gt; null analysis (jsonb column nullable) → same safe defaults" time="0.0003955">
        </testcase>
        <testcase classname="src/modules/calls/calls.service.test.ts" name="mapLearnings &gt; a single GPT-written key is enough to build sales_analysis, missing fields defaulted" time="0.0005055">
        </testcase>
        <testcase classname="src/modules/calls/calls.service.test.ts" name="mapLearningsTranscript &gt; maps speaker → role: agent/assistant → agent, anything else → user" time="0.0004412">
        </testcase>
        <testcase classname="src/modules/calls/calls.service.test.ts" name="mapLearningsTranscript &gt; start → time_in_call_secs, absent start → null" time="0.000315">
        </testcase>
    </testsuite>
    <testsuite name="src/modules/calls/deploy-guard.test.ts" timestamp="2026-09-06T14:24:08.719Z" hostname="KorentzPC" tests="6" failures="0" errors="0" skipped="0" time="0.1060611">
        <testcase classname="src/modules/calls/deploy-guard.test.ts" name="assertDeployableCode &gt; accepts a tree that has every capability" time="0.022493">
        </testcase>
        <testcase classname="src/modules/calls/deploy-guard.test.ts" name="assertDeployableCode &gt; refuses a tree with no DID routing — the actual incident" time="0.0141907">
        </testcase>
        <testcase classname="src/modules/calls/deploy-guard.test.ts" name="assertDeployableCode &gt; names the consequence, not just the missing symbol" time="0.01815">
        </testcase>
        <testcase classname="src/modules/calls/deploy-guard.test.ts" name="assertDeployableCode &gt; refuses a tree missing the fail-closed refusal" time="0.0117932">
        </testcase>
        <testcase classname="src/modules/calls/deploy-guard.test.ts" name="assertDeployableCode &gt; refuses a build context that is missing the file entirely" time="0.008176">
        </testcase>
        <testcase classname="src/modules/calls/deploy-guard.test.ts" name="assertDeployableCode &gt; checks the tool-context file for both of its markers" time="0.0018195">
        </testcase>
    </testsuite>
    <testsuite name="src/modules/calls/deploy-ledger.test.ts" timestamp="2026-09-06T14:24:08.721Z" hostname="KorentzPC" tests="10" failures="0" errors="0" skipped="0" time="0.0159107">
        <testcase classname="src/modules/calls/deploy-ledger.test.ts" name="parseLiveVersion &gt; reads the deployed version out of `lk agent status --json`" time="0.0034809">
        </testcase>
        <testcase classname="src/modules/calls/deploy-ledger.test.ts" name="parseLiveVersion &gt; returns null rather than throwing when the CLI prints nothing useful" time="0.0008015">
        </testcase>
        <testcase classname="src/modules/calls/deploy-ledger.test.ts" name="refFor &gt; namespaces the ref outside refs/heads so it can never conflict with a branch" time="0.0007977">
        </testcase>
        <testcase classname="src/modules/calls/deploy-ledger.test.ts" name="refFor &gt; refuses a version id that could carry ref syntax" time="0.0021232">
        </testcase>
        <testcase classname="src/modules/calls/deploy-ledger.test.ts" name="checkLiveDrop &gt; passes when the live build is an ancestor of this tree" time="0.001964">
        </testcase>
        <testcase classname="src/modules/calls/deploy-ledger.test.ts" name="checkLiveDrop &gt; refuses when the live build has voice commits this tree lacks — the whole point" time="0.0015821">
        </testcase>
        <testcase classname="src/modules/calls/deploy-ledger.test.ts" name="checkLiveDrop &gt; only counts voice-livekit commits, not any divergence" time="0.0003902">
        </testcase>
        <testcase classname="src/modules/calls/deploy-ledger.test.ts" name="checkLiveDrop &gt; reports uncertainty when the live version was deployed without the ledger" time="0.0004242">
        </testcase>
        <testcase classname="src/modules/calls/deploy-ledger.test.ts" name="checkLiveDrop &gt; reports uncertainty when LiveKit cannot be reached at all" time="0.000357">
        </testcase>
        <testcase classname="src/modules/calls/deploy-ledger.test.ts" name="describeDrop &gt; names the commits at risk and how to keep them" time="0.000729">
        </testcase>
    </testsuite>
    <testsuite name="src/modules/calls/spend-guard.test.ts" timestamp="2026-09-06T14:24:08.724Z" hostname="KorentzPC" tests="17" failures="0" errors="0" skipped="0" time="0.0549074">
        <testcase classname="src/modules/calls/spend-guard.test.ts" name="resolveTollFraudSettings — there is ALWAYS a limit &gt; defaults: $50/day, $0.10/min, 100 calls/day" time="0.0043316">
        </testcase>
        <testcase classname="src/modules/calls/spend-guard.test.ts" name="resolveTollFraudSettings — there is ALWAYS a limit &gt; tenant may TUNE the numbers" time="0.0008215">
        </testcase>
        <testcase classname="src/modules/calls/spend-guard.test.ts" name="resolveTollFraudSettings — there is ALWAYS a limit &gt; tenant can NEVER turn the brake off — 0/negative/garbage resolve to defaults" time="0.0010286">
        </testcase>
        <testcase classname="src/modules/calls/spend-guard.test.ts" name="startOfIsraelDay / israelDayKey — DST-safe day boundary &gt; summer (IDT, UTC+3): 23:59 vs 00:01 Israel land on different days" time="0.0017561">
        </testcase>
        <testcase classname="src/modules/calls/spend-guard.test.ts" name="startOfIsraelDay / israelDayKey — DST-safe day boundary &gt; winter (IST, UTC+2): boundary shifts with the clock change" time="0.0007973">
        </testcase>
        <testcase classname="src/modules/calls/spend-guard.test.ts" name="evaluateSpend — dual caps, read-only &gt; under both caps → allowed, spend computed from minutes × rate" time="0.0045552">
        </testcase>
        <testcase classname="src/modules/calls/spend-guard.test.ts" name="evaluateSpend — dual caps, read-only &gt; unfinished calls (null duration) are charged the assumed 2 minutes each" time="0.0015703">
        </testcase>
        <testcase classname="src/modules/calls/spend-guard.test.ts" name="evaluateSpend — dual caps, read-only &gt; dollar cap exceeded → blocked with daily_spend_limit_exceeded" time="0.002009">
        </testcase>
        <testcase classname="src/modules/calls/spend-guard.test.ts" name="evaluateSpend — dual caps, read-only &gt; DOES NOT COUNT — reading the caps has no side effect" time="0.0039278">
        </testcase>
        <testcase classname="src/modules/calls/spend-guard.test.ts" name="evaluateSpend — dual caps, read-only &gt; fail-open: everything down → allowed, but loudly (this is a brake, not billing)" time="0.0039103">
            <system-err>
spend_guard_check_failed {&quot;cap&quot;:&quot;spend&quot;,&quot;consecutiveFailures&quot;:1,&quot;error&quot;:&quot;db down&quot;}

spend_guard_check_failed {&quot;cap&quot;:&quot;calls&quot;,&quot;consecutiveFailures&quot;:1,&quot;error&quot;:&quot;redis down&quot;}

            </system-err>
        </testcase>
        <testcase classname="src/modules/calls/spend-guard.test.ts" name="countDialAttempt — the only writer &gt; INCRs the Israel-day key and sets a TTL" time="0.0016437">
        </testcase>
        <testcase classname="src/modules/calls/spend-guard.test.ts" name="countDialAttempt — the only writer &gt; swallows a Redis failure — a blip must not stop a working sales channel" time="0.002214">
            <system-err>
spend_guard_check_failed {&quot;cap&quot;:&quot;calls&quot;,&quot;consecutiveFailures&quot;:1,&quot;error&quot;:&quot;redis down&quot;}

            </system-err>
        </testcase>
        <testcase classname="src/modules/calls/spend-guard.test.ts" name="the call cap fires at exactly the configured number &gt; allows exactly 100 dials with dailyCallLimit: 100, then blocks" time="0.0112424">
        </testcase>
        <testcase classname="src/modules/calls/spend-guard.test.ts" name="the call cap fires at exactly the configured number &gt; honours a raised tenant limit" time="0.0012619">
        </testcase>
        <testcase classname="src/modules/calls/spend-guard.test.ts" name="the 3-strike operator alert — per cap &gt; 2 consecutive failures → no email; the 3rd → exactly one email" time="0.00421">
            <system-err>
spend_guard_check_failed {&quot;cap&quot;:&quot;spend&quot;,&quot;consecutiveFailures&quot;:1,&quot;error&quot;:&quot;db down&quot;}

spend_guard_check_failed {&quot;cap&quot;:&quot;calls&quot;,&quot;consecutiveFailures&quot;:1,&quot;error&quot;:&quot;redis down&quot;}

spend_guard_check_failed {&quot;cap&quot;:&quot;spend&quot;,&quot;consecutiveFailures&quot;:2,&quot;error&quot;:&quot;db down&quot;}

spend_guard_check_failed {&quot;cap&quot;:&quot;calls&quot;,&quot;consecutiveFailures&quot;:2,&quot;error&quot;:&quot;redis down&quot;}

spend_guard_check_failed {&quot;cap&quot;:&quot;spend&quot;,&quot;consecutiveFailures&quot;:3,&quot;error&quot;:&quot;db down&quot;}

spend_guard_check_failed {&quot;cap&quot;:&quot;calls&quot;,&quot;consecutiveFailures&quot;:3,&quot;error&quot;:&quot;redis down&quot;}

spend_guard_check_failed {&quot;cap&quot;:&quot;spend&quot;,&quot;consecutiveFailures&quot;:4,&quot;error&quot;:&quot;db down&quot;}

spend_guard_check_failed {&quot;cap&quot;:&quot;calls&quot;,&quot;consecutiveFailures&quot;:4,&quot;error&quot;:&quot;redis down&quot;}

            </system-err>
        </testcase>
        <testcase classname="src/modules/calls/spend-guard.test.ts" name="the 3-strike operator alert — per cap &gt; A LIVE REDIS NO LONGER MASKS A DEAD DATABASE" time="0.0024109">
            <system-err>
spend_guard_check_failed {&quot;cap&quot;:&quot;spend&quot;,&quot;consecutiveFailures&quot;:1,&quot;error&quot;:&quot;db down&quot;}

spend_guard_check_failed {&quot;cap&quot;:&quot;spend&quot;,&quot;consecutiveFailures&quot;:2,&quot;error&quot;:&quot;db down&quot;}

spend_guard_check_failed {&quot;cap&quot;:&quot;spend&quot;,&quot;consecutiveFailures&quot;:3,&quot;error&quot;:&quot;db down&quot;}

            </system-err>
        </testcase>
        <testcase classname="src/modules/calls/spend-guard.test.ts" name="the 3-strike operator alert — per cap &gt; a recovered cap resets its own streak and re-arms its alert" time="0.0031873">
            <system-err>
spend_guard_check_failed {&quot;cap&quot;:&quot;spend&quot;,&quot;consecutiveFailures&quot;:1,&quot;error&quot;:&quot;db down&quot;}

spend_guard_check_failed {&quot;cap&quot;:&quot;calls&quot;,&quot;consecutiveFailures&quot;:1,&quot;error&quot;:&quot;redis down&quot;}

spend_guard_check_failed {&quot;cap&quot;:&quot;spend&quot;,&quot;consecutiveFailures&quot;:2,&quot;error&quot;:&quot;db down&quot;}

spend_guard_check_failed {&quot;cap&quot;:&quot;calls&quot;,&quot;consecutiveFailures&quot;:2,&quot;error&quot;:&quot;redis down&quot;}

spend_guard_check_failed {&quot;cap&quot;:&quot;spend&quot;,&quot;consecutiveFailures&quot;:1,&quot;error&quot;:&quot;db down&quot;}

spend_guard_check_failed {&quot;cap&quot;:&quot;calls&quot;,&quot;consecutiveFailures&quot;:1,&quot;error&quot;:&quot;redis down&quot;}

spend_guard_check_failed {&quot;cap&quot;:&quot;spend&quot;,&quot;consecutiveFailures&quot;:2,&quot;error&quot;:&quot;db down&quot;}

spend_guard_check_failed {&quot;cap&quot;:&quot;calls&quot;,&quot;consecutiveFailures&quot;:2,&quot;error&quot;:&quot;redis down&quot;}

            </system-err>
        </testcase>
    </testsuite>
    <testsuite name="src/modules/calls/trunk-numbers.test.ts" timestamp="2026-09-06T14:24:08.731Z" hostname="KorentzPC" tests="9" failures="0" errors="0" skipped="0" time="0.0126974">
        <testcase classname="src/modules/calls/trunk-numbers.test.ts" name="bothForms &gt; lists a number in both spellings Zadarma might send" time="0.00385">
        </testcase>
        <testcase classname="src/modules/calls/trunk-numbers.test.ts" name="bothForms &gt; refuses anything that is not E.164" time="0.0029115">
        </testcase>
        <testcase classname="src/modules/calls/trunk-numbers.test.ts" name="expectedNumbers &gt; derives the trunk list from the rows that can legitimately take a call" time="0.0006258">
        </testcase>
        <testcase classname="src/modules/calls/trunk-numbers.test.ts" name="expectedNumbers &gt; excludes an unassigned number" time="0.0003222">
        </testcase>
        <testcase classname="src/modules/calls/trunk-numbers.test.ts" name="expectedNumbers &gt; excludes a deactivated number" time="0.0003371">
        </testcase>
        <testcase classname="src/modules/calls/trunk-numbers.test.ts" name="expectedNumbers &gt; de-duplicates" time="0.0003332">
        </testcase>
        <testcase classname="src/modules/calls/trunk-numbers.test.ts" name="diffNumbers &gt; separates the two directions of drift, which are not equally dangerous" time="0.000514">
        </testcase>
        <testcase classname="src/modules/calls/trunk-numbers.test.ts" name="diffNumbers &gt; reports no drift when the two agree" time="0.0003759">
        </testcase>
        <testcase classname="src/modules/calls/trunk-numbers.test.ts" name="diffNumbers &gt; treats an empty trunk list as everything missing" time="0.0003313">
        </testcase>
    </testsuite>
    <testsuite name="src/modules/flows/flow.schemas.test.ts" timestamp="2026-09-06T14:24:08.733Z" hostname="KorentzPC" tests="6" failures="0" errors="0" skipped="0" time="0.015251">
        <testcase classname="src/modules/flows/flow.schemas.test.ts" name="flowDefinitionSchema &gt; accepts a valid whatsapp flow" time="0.0070919">
        </testcase>
        <testcase classname="src/modules/flows/flow.schemas.test.ts" name="flowDefinitionSchema &gt; accepts a call step" time="0.0006693">
        </testcase>
        <testcase classname="src/modules/flows/flow.schemas.test.ts" name="flowDefinitionSchema &gt; accepts mixed steps" time="0.0009677">
        </testcase>
        <testcase classname="src/modules/flows/flow.schemas.test.ts" name="flowDefinitionSchema &gt; rejects empty steps" time="0.0023991">
        </testcase>
        <testcase classname="src/modules/flows/flow.schemas.test.ts" name="flowDefinitionSchema &gt; rejects delay &gt; 7 days" time="0.0007367">
        </testcase>
        <testcase classname="src/modules/flows/flow.schemas.test.ts" name="flowDefinitionSchema &gt; rejects unknown step type" time="0.0007523">
        </testcase>
    </testsuite>
    <testsuite name="src/modules/leads/lead-deletion.test.ts" timestamp="2026-09-06T14:24:08.737Z" hostname="KorentzPC" tests="7" failures="0" errors="0" skipped="0" time="0.0235776">
        <testcase classname="src/modules/leads/lead-deletion.test.ts" name="LeadService.delete &gt; deletes children before the lead, in dependency order" time="0.0076019">
        </testcase>
        <testcase classname="src/modules/leads/lead-deletion.test.ts" name="LeadService.delete &gt; reports what it destroyed, since the rows are gone by the time anyone asks" time="0.0026434">
        </testcase>
        <testcase classname="src/modules/leads/lead-deletion.test.ts" name="LeadService.delete &gt; 404s on a lead that is not this tenant&apos;s, rather than reporting a successful no-op" time="0.0042333">
        </testcase>
        <testcase classname="src/modules/leads/lead-deletion.test.ts" name="LeadService.delete &gt; skips the message delete entirely when there are no conversations" time="0.0009161">
        </testcase>
        <testcase classname="src/modules/leads/lead-deletion.test.ts" name="LeadService.delete &gt; surfaces reminder job ids so the caller can cancel them" time="0.0008683">
        </testcase>
        <testcase classname="src/modules/leads/lead-deletion.test.ts" name="LeadService.delete &gt; reports calendar events as SURVIVING rather than cancelling them" time="0.0006903">
        </testcase>
        <testcase classname="src/modules/leads/lead-deletion.test.ts" name="LeadService.delete &gt; scopes every delete to the tenant, not just the ownership check" time="0.003745">
        </testcase>
    </testsuite>
    <testsuite name="src/modules/leads/lead-status.test.ts" timestamp="2026-09-06T14:24:08.742Z" hostname="KorentzPC" tests="6" failures="0" errors="0" skipped="0" time="0.0088603">
        <testcase classname="src/modules/leads/lead-status.test.ts" name="canTransition &gt; still allows every edge the chat qualifier attempts (no regression)" time="0.0026791">
        </testcase>
        <testcase classname="src/modules/leads/lead-status.test.ts" name="canTransition &gt; allows a voice call to reach a terminal outcome in one step" time="0.000522">
        </testcase>
        <testcase classname="src/modules/leads/lead-status.test.ts" name="canTransition &gt; makes opt-out reachable from any state (safety boundary)" time="0.0004805">
        </testcase>
        <testcase classname="src/modules/leads/lead-status.test.ts" name="canTransition &gt; treats opted_out as terminal and rejects reversals" time="0.0003042">
        </testcase>
        <testcase classname="src/modules/leads/lead-status.test.ts" name="canTransition &gt; is not a transition when from === to" time="0.0002253">
        </testcase>
        <testcase classname="src/modules/leads/lead-status.test.ts" name="canTransition &gt; rejects unknown statuses rather than throwing" time="0.0014753">
        </testcase>
    </testsuite>
    <testsuite name="src/modules/leads/lead.routes.test.ts" timestamp="2026-09-06T14:24:08.746Z" hostname="KorentzPC" tests="6" failures="0" errors="0" skipped="0" time="0.5038935">
        <testcase classname="src/modules/leads/lead.routes.test.ts" name="lead routes &gt; POST / creates a lead and returns 201" time="0.4272581">
        </testcase>
        <testcase classname="src/modules/leads/lead.routes.test.ts" name="lead routes &gt; still creates the lead when usage metering fails" time="0.0212039">
        </testcase>
        <testcase classname="src/modules/leads/lead.routes.test.ts" name="lead routes &gt; GET / lists leads" time="0.0155039">
        </testcase>
        <testcase classname="src/modules/leads/lead.routes.test.ts" name="lead routes &gt; GET /:id returns the lead" time="0.0128651">
        </testcase>
        <testcase classname="src/modules/leads/lead.routes.test.ts" name="lead routes &gt; GET /:id returns 404 with NOT_FOUND code when not found" time="0.0128598">
        </testcase>
        <testcase classname="src/modules/leads/lead.routes.test.ts" name="lead routes &gt; returns 401 without auth header" time="0.0112988">
        </testcase>
    </testsuite>
    <testsuite name="src/modules/leads/lead.schemas.test.ts" timestamp="2026-09-06T14:24:08.750Z" hostname="KorentzPC" tests="9" failures="0" errors="0" skipped="0" time="0.0167283">
        <testcase classname="src/modules/leads/lead.schemas.test.ts" name="createLeadSchema &gt; accepts valid input" time="0.0052966">
        </testcase>
        <testcase classname="src/modules/leads/lead.schemas.test.ts" name="createLeadSchema &gt; accepts empty object (all fields optional)" time="0.0016994">
        </testcase>
        <testcase classname="src/modules/leads/lead.schemas.test.ts" name="createLeadSchema &gt; rejects invalid email" time="0.0028968">
        </testcase>
        <testcase classname="src/modules/leads/lead.schemas.test.ts" name="createLeadSchema &gt; rejects invalid source" time="0.0007762">
        </testcase>
        <testcase classname="src/modules/leads/lead.schemas.test.ts" name="createLeadSchema &gt; accepts metadata as record" time="0.0006652">
        </testcase>
        <testcase classname="src/modules/leads/lead.schemas.test.ts" name="updateLeadSchema &gt; accepts status field" time="0.0005116">
        </testcase>
        <testcase classname="src/modules/leads/lead.schemas.test.ts" name="updateLeadSchema &gt; accepts score" time="0.0006233">
        </testcase>
        <testcase classname="src/modules/leads/lead.schemas.test.ts" name="updateLeadSchema &gt; rejects score out of range" time="0.0009389">
        </testcase>
        <testcase classname="src/modules/leads/lead.schemas.test.ts" name="updateLeadSchema &gt; rejects invalid status" time="0.0007455">
        </testcase>
    </testsuite>
    <testsuite name="src/modules/leads/lead.service.test.ts" timestamp="2026-09-06T14:24:08.754Z" hostname="KorentzPC" tests="9" failures="0" errors="0" skipped="0" time="0.0273633">
        <testcase classname="src/modules/leads/lead.service.test.ts" name="LeadService &gt; create &gt; inserts and returns the created lead" time="0.008255">
        </testcase>
        <testcase classname="src/modules/leads/lead.service.test.ts" name="LeadService &gt; getById &gt; returns the lead when found" time="0.0020184">
        </testcase>
        <testcase classname="src/modules/leads/lead.service.test.ts" name="LeadService &gt; getById &gt; throws NotFoundError when lead does not exist" time="0.005519">
        </testcase>
        <testcase classname="src/modules/leads/lead.service.test.ts" name="LeadService &gt; list &gt; returns paginated leads with total for the tenant" time="0.0019471">
        </testcase>
        <testcase classname="src/modules/leads/lead.service.test.ts" name="LeadService &gt; update &gt; returns the updated lead" time="0.0016739">
        </testcase>
        <testcase classname="src/modules/leads/lead.service.test.ts" name="LeadService &gt; update &gt; throws NotFoundError when no row is updated" time="0.0013942">
        </testcase>
        <testcase classname="src/modules/leads/lead.service.test.ts" name="LeadService &gt; findByPhone &gt; returns lead when found" time="0.0012398">
        </testcase>
        <testcase classname="src/modules/leads/lead.service.test.ts" name="LeadService &gt; findByPhone &gt; returns null when not found" time="0.001094">
        </testcase>
        <testcase classname="src/modules/leads/lead.service.test.ts" name="LeadService &gt; findByEmail &gt; returns null when not found" time="0.0010885">
        </testcase>
    </testsuite>
    <testsuite name="src/modules/integrations/crm-sync.service.test.ts" timestamp="2026-09-06T14:24:08.760Z" hostname="KorentzPC" tests="16" failures="0" errors="0" skipped="0" time="0.0380455">
        <testcase classname="src/modules/integrations/crm-sync.service.test.ts" name="syncCallToCrm — B1 status sync &gt; meeting_booked → qualified, pushed to Monday with the tenant label" time="0.0093319">
        </testcase>
        <testcase classname="src/modules/integrations/crm-sync.service.test.ts" name="syncCallToCrm — B1 status sync &gt; not_interested → disqualified with reason, pushed to Airtable with the mapped value" time="0.0037624">
        </testcase>
        <testcase classname="src/modules/integrations/crm-sync.service.test.ts" name="syncCallToCrm — B1 status sync &gt; respects a per-tenant statusMap override" time="0.00169">
        </testcase>
        <testcase classname="src/modules/integrations/crm-sync.service.test.ts" name="syncCallToCrm — B1 status sync &gt; skips silently when no CRM is connected" time="0.0034939">
        </testcase>
        <testcase classname="src/modules/integrations/crm-sync.service.test.ts" name="syncCallToCrm — B1 status sync &gt; skips when crm_sync is disabled" time="0.0009072">
        </testcase>
        <testcase classname="src/modules/integrations/crm-sync.service.test.ts" name="syncCallToCrm — B1 status sync &gt; returns no_status_change for an outcome that does not move the pipeline" time="0.0013528">
        </testcase>
        <testcase classname="src/modules/integrations/crm-sync.service.test.ts" name="syncCallToCrm — B1 status sync &gt; honors canTransition — never pushes a status the guard rejects (opted_out lead)" time="0.0018782">
        </testcase>
        <testcase classname="src/modules/integrations/crm-sync.service.test.ts" name="syncCallToCrm — B1 status sync &gt; still pushes to CRM when the lead is already at the target (book_meeting set it live)" time="0.001207">
        </testcase>
        <testcase classname="src/modules/integrations/crm-sync.service.test.ts" name="syncCallToCrm — B1 status sync &gt; creates a Monday item when the lead is not linked yet" time="0.0016037">
        </testcase>
        <testcase classname="src/modules/integrations/crm-sync.service.test.ts" name="syncCallToCrm — failure isolation &gt; never throws and isolates one CRM failure from the other" time="0.0016843">
        </testcase>
        <testcase classname="src/modules/integrations/crm-sync.service.test.ts" name="syncCallToCrm — failure isolation &gt; returns an empty result (no throw) if the tenant lookup itself explodes" time="0.0007545">
        </testcase>
        <testcase classname="src/modules/integrations/crm-sync.service.test.ts" name="syncCallToCrm — B2 summary push &gt; posts the summary as a Monday update, with facts and the dashboard link" time="0.0020265">
        </testcase>
        <testcase classname="src/modules/integrations/crm-sync.service.test.ts" name="syncCallToCrm — B2 summary push &gt; writes status + summary to Airtable in a single PATCH" time="0.0016261">
        </testcase>
        <testcase classname="src/modules/integrations/crm-sync.service.test.ts" name="syncCallToCrm — B2 summary push &gt; does not push a summary when pushSummary is disabled" time="0.0010844">
        </testcase>
        <testcase classname="src/modules/integrations/crm-sync.service.test.ts" name="syncCallToCrm — B2 summary push &gt; pushes the summary even when the outcome does not move the status" time="0.0010758">
        </testcase>
        <testcase classname="src/modules/integrations/crm-sync.service.test.ts" name="syncCallToCrm — B2 summary push &gt; omits the dashboard link when no dashboard URL is configured" time="0.0008453">
        </testcase>
    </testsuite>
    <testsuite name="src/modules/integrations/crm-sync.settings.test.ts" timestamp="2026-09-06T14:24:08.765Z" hostname="KorentzPC" tests="10" failures="0" errors="0" skipped="0" time="0.0112484">
        <testcase classname="src/modules/integrations/crm-sync.settings.test.ts" name="resolveCrmSyncSettings &gt; defaults to enabled + pushSummary on empty settings" time="0.0040575">
        </testcase>
        <testcase classname="src/modules/integrations/crm-sync.settings.test.ts" name="resolveCrmSyncSettings &gt; only turns enabled/pushSummary off on an explicit false" time="0.0008122">
        </testcase>
        <testcase classname="src/modules/integrations/crm-sync.settings.test.ts" name="resolveCrmSyncSettings &gt; reads per-tenant label + field maps" time="0.000656">
        </testcase>
        <testcase classname="src/modules/integrations/crm-sync.settings.test.ts" name="resolveCrmSyncSettings &gt; drops non-string label values defensively" time="0.0003873">
        </testcase>
        <testcase classname="src/modules/integrations/crm-sync.settings.test.ts" name="resolveLeadStatusForOutcome &gt; uses the code defaults" time="0.000444">
        </testcase>
        <testcase classname="src/modules/integrations/crm-sync.settings.test.ts" name="resolveLeadStatusForOutcome &gt; returns null for outcomes that do not move the pipeline" time="0.0004102">
        </testcase>
        <testcase classname="src/modules/integrations/crm-sync.settings.test.ts" name="resolveLeadStatusForOutcome &gt; returns null for the system-only reflex reasons (nobody engaged)" time="0.0002528">
        </testcase>
        <testcase classname="src/modules/integrations/crm-sync.settings.test.ts" name="resolveLeadStatusForOutcome &gt; lets a per-tenant override win over the default" time="0.0004305">
        </testcase>
        <testcase classname="src/modules/integrations/crm-sync.settings.test.ts" name="resolveLeadStatusForOutcome &gt; lets a per-tenant null suppress a default mapping" time="0.0003832">
        </testcase>
        <testcase classname="src/modules/integrations/crm-sync.settings.test.ts" name="resolveLeadStatusForOutcome &gt; the default map is exactly the five moving outcomes" time="0.0004358">
        </testcase>
    </testsuite>
    <testsuite name="src/modules/integrations/integrations.routes.test.ts" timestamp="2026-09-06T14:24:08.769Z" hostname="KorentzPC" tests="8" failures="0" errors="0" skipped="0" time="0.4325002">
        <testcase classname="src/modules/integrations/integrations.routes.test.ts" name="integrations routes &gt; returns 401 on all routes when auth is missing" time="0.3198319">
        </testcase>
        <testcase classname="src/modules/integrations/integrations.routes.test.ts" name="integrations routes &gt; POST /import returns 202 with jobId on valid CSV content" time="0.028821">
        </testcase>
        <testcase classname="src/modules/integrations/integrations.routes.test.ts" name="integrations routes &gt; POST /import returns 400 when csvContent is missing" time="0.0142547">
        </testcase>
        <testcase classname="src/modules/integrations/integrations.routes.test.ts" name="integrations routes &gt; POST /import returns 400 when csvContent is empty string" time="0.0144234">
        </testcase>
        <testcase classname="src/modules/integrations/integrations.routes.test.ts" name="integrations routes &gt; GET /import/:jobId returns job status" time="0.0137366">
        </testcase>
        <testcase classname="src/modules/integrations/integrations.routes.test.ts" name="integrations routes &gt; GET /import/:jobId returns 404 when job not found" time="0.0137216">
        </testcase>
        <testcase classname="src/modules/integrations/integrations.routes.test.ts" name="integrations routes &gt; POST /google-sheets/connect returns 501 NOT_IMPLEMENTED" time="0.0132586">
        </testcase>
        <testcase classname="src/modules/integrations/integrations.routes.test.ts" name="integrations routes &gt; POST /google-sheets/sync returns 501 NOT_IMPLEMENTED" time="0.0112324">
        </testcase>
    </testsuite>
    <testsuite name="src/modules/metrics/metrics.service.test.ts" timestamp="2026-09-06T14:24:08.770Z" hostname="KorentzPC" tests="17" failures="0" errors="0" skipped="0" time="0.0193625">
        <testcase classname="src/modules/metrics/metrics.service.test.ts" name="booking rate — the denominator is calls that recorded a reason &gt; 3 booked of 10 measured calls is 30%" time="0.0047373">
        </testcase>
        <testcase classname="src/modules/metrics/metrics.service.test.ts" name="booking rate — the denominator is calls that recorded a reason &gt; NULL when nothing was measured — &quot;none closed&quot; and &quot;none measured&quot; are different facts" time="0.0010123">
        </testcase>
        <testcase classname="src/modules/metrics/metrics.service.test.ts" name="booking rate — the denominator is calls that recorded a reason &gt; reasonless calls stay VISIBLE as `unknown` and out of the denominator" time="0.0017058">
        </testcase>
        <testcase classname="src/modules/metrics/metrics.service.test.ts" name="latency &gt; no instrumented calls → every figure null and callsWithLatency 0 (drives &quot;awaiting data&quot;)" time="0.00083">
        </testcase>
        <testcase classname="src/modules/metrics/metrics.service.test.ts" name="latency &gt; rounds percentiles to whole milliseconds" time="0.0005499">
        </testcase>
        <testcase classname="src/modules/metrics/metrics.service.test.ts" name="latency &gt; a stage nobody recorded stays null while the others report" time="0.0004416">
        </testcase>
        <testcase classname="src/modules/metrics/metrics.service.test.ts" name="usage — minutes only, never our provider cost &gt; 90 seconds is 1.5 minutes" time="0.0003565">
        </testcase>
        <testcase classname="src/modules/metrics/metrics.service.test.ts" name="usage — minutes only, never our provider cost &gt; serves NO money field to a tenant — cost is margin data, operator-only" time="0.0013266">
        </testcase>
        <testcase classname="src/modules/metrics/metrics.service.test.ts" name="bundle — what the customer bought and what they have spent &gt; inside the bundle there is no overage and nothing to pay" time="0.001573">
        </testcase>
        <testcase classname="src/modules/metrics/metrics.service.test.ts" name="bundle — what the customer bought and what they have spent &gt; past the bundle, only the minutes BEYOND it are charged" time="0.0004192">
        </testcase>
        <testcase classname="src/modules/metrics/metrics.service.test.ts" name="bundle — what the customer bought and what they have spent &gt; rounds the PERIOD once, not every call — a part-minute is one minute, not one per call" time="0.0002637">
        </testcase>
        <testcase classname="src/modules/metrics/metrics.service.test.ts" name="bundle — what the customer bought and what they have spent &gt; an unmetered plan has NO bundle — not a bundle of zero" time="0.0001409">
        </testcase>
        <testcase classname="src/modules/metrics/metrics.service.test.ts" name="bundle — what the customer bought and what they have spent &gt; no open period yet means no bundle" time="0.0001111">
        </testcase>
        <testcase classname="src/modules/metrics/metrics.service.test.ts" name="bundle — what the customer bought and what they have spent &gt; the bundle is period-scoped and ignores the range selector" time="0.0002611">
        </testcase>
        <testcase classname="src/modules/metrics/metrics.service.test.ts" name="series &gt; zero-fills every bucket so the chart is a line, not a dot" time="0.0016394">
        </testcase>
        <testcase classname="src/modules/metrics/metrics.service.test.ts" name="series &gt; ENDS ON TODAY — buckets are UTC days, so today&apos;s calls can&apos;t fall off the chart" time="0.0003849">
        </testcase>
        <testcase classname="src/modules/metrics/metrics.service.test.ts" name="attention signals &gt; passes the compliance and speech-quality counters straight through" time="0.0003755">
        </testcase>
    </testsuite>
    <testsuite name="src/modules/settings/agent-persona.service.test.ts" timestamp="2026-09-06T14:24:08.776Z" hostname="KorentzPC" tests="6" failures="0" errors="0" skipped="0" time="0.0171257">
        <testcase classname="src/modules/settings/agent-persona.service.test.ts" name="saveAgentPersona &gt; preserves an operator-set voice through a tenant edit" time="0.0075245">
        </testcase>
        <testcase classname="src/modules/settings/agent-persona.service.test.ts" name="saveAgentPersona &gt; cannot introduce a voice through the content patch" time="0.0009901">
        </testcase>
        <testcase classname="src/modules/settings/agent-persona.service.test.ts" name="saveAgentPersona &gt; merges over stored fields rather than replacing the object" time="0.0018741">
        </testcase>
        <testcase classname="src/modules/settings/agent-persona.service.test.ts" name="saveAgentPersona &gt; leaves the rest of tenants.settings untouched" time="0.0012538">
        </testcase>
        <testcase classname="src/modules/settings/agent-persona.service.test.ts" name="getAgentPersona &gt; reports configured:false for a tenant that has never set one" time="0.0016606">
        </testcase>
        <testcase classname="src/modules/settings/agent-persona.service.test.ts" name="getAgentPersona &gt; reports configured:true once anything is stored" time="0.0009231">
        </testcase>
    </testsuite>
    <testsuite name="src/modules/settings/settings.mount.test.ts" timestamp="2026-09-06T14:24:08.779Z" hostname="KorentzPC" tests="6" failures="0" errors="0" skipped="0" time="0.3270771">
        <testcase classname="src/modules/settings/settings.mount.test.ts" name="the settings module honours its prefix &gt; mounts under the prefix it is registered with, not at the root" time="0.2380957">
        </testcase>
        <testcase classname="src/modules/settings/settings.mount.test.ts" name="the settings module honours its prefix &gt; registers more than one settings route under the prefix" time="0.0281623">
        </testcase>
        <testcase classname="src/modules/settings/settings.mount.test.ts" name="the SPA fallback must not swallow API routes &gt; 404s an unknown API route as JSON" time="0.0360873">
        </testcase>
        <testcase classname="src/modules/settings/settings.mount.test.ts" name="the SPA fallback must not swallow API routes &gt; 404s an unknown webhook route too" time="0.0062752">
        </testcase>
        <testcase classname="src/modules/settings/settings.mount.test.ts" name="the SPA fallback must not swallow API routes &gt; does not leak the query string back into the response" time="0.0068248">
        </testcase>
        <testcase classname="src/modules/settings/settings.mount.test.ts" name="the SPA fallback must not swallow API routes &gt; still serves the SPA for a browser route" time="0.0084801">
        </testcase>
    </testsuite>
    <testsuite name="src/modules/scheduling/scheduling.routes.test.ts" timestamp="2026-09-06T14:24:08.781Z" hostname="KorentzPC" tests="3" failures="0" errors="0" skipped="0" time="0.2487882">
        <testcase classname="src/modules/scheduling/scheduling.routes.test.ts" name="POST /cancel/:bookingUid — reminder cleanup (C1) &gt; cancels, then removes every reminder job id stored on the row" time="0.2272066">
        </testcase>
        <testcase classname="src/modules/scheduling/scheduling.routes.test.ts" name="POST /cancel/:bookingUid — reminder cleanup (C1) &gt; row with no reminders (pre-C1 bookings) → cancel succeeds, no queue calls" time="0.0095426">
        </testcase>
        <testcase classname="src/modules/scheduling/scheduling.routes.test.ts" name="POST /cancel/:bookingUid — reminder cleanup (C1) &gt; reminder removal failure NEVER fails the cancellation — the worker backstop covers it" time="0.0094318">
        </testcase>
    </testsuite>
    <testsuite name="src/modules/scheduling/scheduling.tenant-calendar.test.ts" timestamp="2026-09-06T14:24:08.782Z" hostname="KorentzPC" tests="7" failures="0" errors="0" skipped="0" time="0.3290323">
        <testcase classname="src/modules/scheduling/scheduling.tenant-calendar.test.ts" name="POST /book - the calendar a booking lands in &gt; refuses a customer with no connected calendar instead of using ClickScales" time="0.2261936">
            <system-err>
gcal_no_calendar_for_tenant {&quot;tenantId&quot;:&quot;customer-tenant&quot;,&quot;isPlatformTenant&quot;:false,&quot;hint&quot;:&quot;tenant has not connected a Google account — booking is disabled for this tenant&quot;}

            </system-err>
        </testcase>
        <testcase classname="src/modules/scheduling/scheduling.tenant-calendar.test.ts" name="POST /book - the calendar a booking lands in &gt; books a connected customer into their own calendar with their own credentials" time="0.0210465">
        </testcase>
        <testcase classname="src/modules/scheduling/scheduling.tenant-calendar.test.ts" name="POST /book - the calendar a booking lands in &gt; leaves ClickScales on its service account, so the live tenant is unchanged" time="0.0176399">
        </testcase>
        <testcase classname="src/modules/scheduling/scheduling.tenant-calendar.test.ts" name="POST /book - the calendar a booking lands in &gt; never treats the platform env as a fallback, even when it is fully configured" time="0.0269103">
            <system-err>
gcal_no_calendar_for_tenant {&quot;tenantId&quot;:&quot;customer-tenant&quot;,&quot;isPlatformTenant&quot;:false,&quot;hint&quot;:&quot;tenant has not connected a Google account — booking is disabled for this tenant&quot;}

            </system-err>
        </testcase>
        <testcase classname="src/modules/scheduling/scheduling.tenant-calendar.test.ts" name="GET /slots - the calendar availability is read from &gt; reads the connected customer calendar rather than ClickScales" time="0.0120074">
        </testcase>
        <testcase classname="src/modules/scheduling/scheduling.tenant-calendar.test.ts" name="GET /slots - the calendar availability is read from &gt; refuses rather than offering someone elses free time" time="0.0105478">
            <system-err>
gcal_no_calendar_for_tenant {&quot;tenantId&quot;:&quot;customer-tenant&quot;,&quot;isPlatformTenant&quot;:false,&quot;hint&quot;:&quot;tenant has not connected a Google account — booking is disabled for this tenant&quot;}

            </system-err>
        </testcase>
        <testcase classname="src/modules/scheduling/scheduling.tenant-calendar.test.ts" name="POST /book - when the calendar write succeeds and the database write does not &gt; cancels the event it just created, rather than leaving it in a customer calendar" time="0.0114666">
        </testcase>
    </testsuite>
    <testsuite name="src/modules/tenants/settings-policy.test.ts" timestamp="2026-09-06T14:24:08.786Z" hostname="KorentzPC" tests="22" failures="0" errors="0" skipped="0" time="0.0214608">
        <testcase classname="src/modules/tenants/settings-policy.test.ts" name="write allowlist — closed by default &gt; permits the tenant-owned sections" time="0.0029739">
        </testcase>
        <testcase classname="src/modules/tenants/settings-policy.test.ts" name="write allowlist — closed by default &gt; refuses the spend cap — the one that costs money" time="0.0005442">
        </testcase>
        <testcase classname="src/modules/tenants/settings-policy.test.ts" name="write allowlist — closed by default &gt; refuses every operator-controlled section" time="0.0008166">
        </testcase>
        <testcase classname="src/modules/tenants/settings-policy.test.ts" name="write allowlist — closed by default &gt; refuses a section nobody has classified" time="0.0003644">
        </testcase>
        <testcase classname="src/modules/tenants/settings-policy.test.ts" name="write allowlist — closed by default &gt; explains refusals in terms an operator can act on" time="0.0005832">
        </testcase>
        <testcase classname="src/modules/tenants/settings-policy.test.ts" name="redaction — pattern-based, so it cannot leak by omission &gt; redacts all three spellings the codebase actually uses" time="0.001351">
        </testcase>
        <testcase classname="src/modules/tenants/settings-policy.test.ts" name="redaction — pattern-based, so it cannot leak by omission &gt; keeps the non-secret fields beside them" time="0.0004848">
        </testcase>
        <testcase classname="src/modules/tenants/settings-policy.test.ts" name="redaction — pattern-based, so it cannot leak by omission &gt; keeps the key so &quot;configured&quot; stays distinguishable from &quot;not configured&quot;" time="0.0002157">
        </testcase>
        <testcase classname="src/modules/tenants/settings-policy.test.ts" name="redaction — pattern-based, so it cannot leak by omission &gt; redacts at any depth, including inside arrays" time="0.0003966">
        </testcase>
        <testcase classname="src/modules/tenants/settings-policy.test.ts" name="redaction — pattern-based, so it cannot leak by omission &gt; redacts a whole subtree when the CONTAINER key is itself a credential" time="0.0003028">
        </testcase>
        <testcase classname="src/modules/tenants/settings-policy.test.ts" name="redaction — pattern-based, so it cannot leak by omission &gt; leaves ordinary configuration untouched" time="0.0018852">
        </testcase>
        <testcase classname="src/modules/tenants/settings-policy.test.ts" name="redaction — pattern-based, so it cannot leak by omission &gt; survives the shapes a jsonb column can actually hold" time="0.0005345">
        </testcase>
        <testcase classname="src/modules/tenants/settings-policy.test.ts" name="redaction — pattern-based, so it cannot leak by omission &gt; does not mutate its input" time="0.0001758">
        </testcase>
        <testcase classname="src/modules/tenants/settings-policy.test.ts" name="redaction — pattern-based, so it cannot leak by omission &gt; matches whole words across camelCase and snake_case, not substrings" time="0.0003636">
        </testcase>
        <testcase classname="src/modules/tenants/settings-policy.test.ts" name="safeTenant — the single exit for a tenant row &gt; drops the key hash and reports only whether one exists" time="0.0002318">
        </testcase>
        <testcase classname="src/modules/tenants/settings-policy.test.ts" name="safeTenant — the single exit for a tenant row &gt; redacts credentials inside settings" time="0.0001459">
        </testcase>
        <testcase classname="src/modules/tenants/settings-policy.test.ts" name="safeTenant — the single exit for a tenant row &gt; handles a row selected without settings" time="0.0001406">
        </testcase>
        <testcase classname="src/modules/tenants/settings-policy.test.ts" name="PATCH /tenants/me no longer accepts a settings blob &gt; accepts a rename" time="0.0019113">
        </testcase>
        <testcase classname="src/modules/tenants/settings-policy.test.ts" name="PATCH /tenants/me no longer accepts a settings blob &gt; REJECTS settings outright rather than ignoring them" time="0.0026661">
        </testcase>
        <testcase classname="src/modules/tenants/settings-policy.test.ts" name="PATCH /tenants/me no longer accepts a settings blob &gt; rejects the fields a tenant must never set on itself" time="0.0008516">
        </testcase>
        <testcase classname="src/modules/tenants/settings-policy.test.ts" name="the two lists cannot silently drift apart &gt; no namespace is both writable and operator-only" time="0.000437">
        </testcase>
        <testcase classname="src/modules/tenants/settings-policy.test.ts" name="the two lists cannot silently drift apart &gt; every credential-bearing namespace is refused for writes" time="0.0003383">
        </testcase>
    </testsuite>
    <testsuite name="src/modules/tenants/tenant.create.test.ts" timestamp="2026-09-06T14:24:08.796Z" hostname="KorentzPC" tests="6" failures="0" errors="0" skipped="0" time="0.0252125">
        <testcase classname="src/modules/tenants/tenant.create.test.ts" name="createTenantSchema &gt; rejects a workspace with no plan" time="0.0051089">
        </testcase>
        <testcase classname="src/modules/tenants/tenant.create.test.ts" name="createTenantSchema &gt; accepts one with a plan" time="0.0010342">
        </testcase>
        <testcase classname="src/modules/tenants/tenant.create.test.ts" name="TenantService.create &gt; persists the plan, so the first usage period snapshots a real price" time="0.0078579">
        </testcase>
        <testcase classname="src/modules/tenants/tenant.create.test.ts" name="TenantService.create &gt; names the valid plans when given an unknown one" time="0.0038172">
        </testcase>
        <testcase classname="src/modules/tenants/tenant.create.test.ts" name="TenantService.create &gt; returns the api key exactly once, and never the stored hash" time="0.0034329">
        </testcase>
        <testcase classname="src/modules/tenants/tenant.create.test.ts" name="TenantService.create &gt; still refuses a duplicate slug before looking at the plan" time="0.0012616">
        </testcase>
    </testsuite>
    <testsuite name="src/modules/webhooks/meta.utils.test.ts" timestamp="2026-09-06T14:24:08.799Z" hostname="KorentzPC" tests="7" failures="0" errors="0" skipped="0" time="0.0114396">
        <testcase classname="src/modules/webhooks/meta.utils.test.ts" name="verifyMetaSignature &gt; returns true for valid signature" time="0.0040724">
        </testcase>
        <testcase classname="src/modules/webhooks/meta.utils.test.ts" name="verifyMetaSignature &gt; returns false for tampered body" time="0.0006795">
        </testcase>
        <testcase classname="src/modules/webhooks/meta.utils.test.ts" name="verifyMetaSignature &gt; returns false for wrong secret" time="0.0004049">
        </testcase>
        <testcase classname="src/modules/webhooks/meta.utils.test.ts" name="verifyMetaSignature &gt; returns false for malformed signature" time="0.0003189">
        </testcase>
        <testcase classname="src/modules/webhooks/meta.utils.test.ts" name="normalizeMetaLeadPayload &gt; extracts fields from Meta Lead Ads payload" time="0.0018692">
        </testcase>
        <testcase classname="src/modules/webhooks/meta.utils.test.ts" name="normalizeMetaLeadPayload &gt; handles missing fields gracefully" time="0.0005561">
        </testcase>
        <testcase classname="src/modules/webhooks/meta.utils.test.ts" name="normalizeMetaLeadPayload &gt; handles empty payload" time="0.0002969">
        </testcase>
    </testsuite>
    <testsuite name="src/modules/webhooks/netlify-forms.utils.test.ts" timestamp="2026-09-06T14:24:08.802Z" hostname="KorentzPC" tests="12" failures="0" errors="0" skipped="0" time="0.0137757">
        <testcase classname="src/modules/webhooks/netlify-forms.utils.test.ts" name="verifyNetlifyJws &gt; accepts a correctly signed payload" time="0.0038424">
        </testcase>
        <testcase classname="src/modules/webhooks/netlify-forms.utils.test.ts" name="verifyNetlifyJws &gt; rejects a signature made with a different secret" time="0.0006147">
        </testcase>
        <testcase classname="src/modules/webhooks/netlify-forms.utils.test.ts" name="verifyNetlifyJws &gt; rejects a replayed token against a DIFFERENT body" time="0.0005995">
        </testcase>
        <testcase classname="src/modules/webhooks/netlify-forms.utils.test.ts" name="verifyNetlifyJws &gt; rejects a token with no sha256 claim rather than skipping the body check" time="0.0004201">
        </testcase>
        <testcase classname="src/modules/webhooks/netlify-forms.utils.test.ts" name="verifyNetlifyJws &gt; rejects malformed tokens without throwing" time="0.0025822">
        </testcase>
        <testcase classname="src/modules/webhooks/netlify-forms.utils.test.ts" name="normalizeNetlifyFormSubmission &gt; reads the answers out of `data`" time="0.0008718">
        </testcase>
        <testcase classname="src/modules/webhooks/netlify-forms.utils.test.ts" name="normalizeNetlifyFormSubmission &gt; falls back to top-level fields when Netlify lifts them" time="0.0003733">
        </testcase>
        <testcase classname="src/modules/webhooks/netlify-forms.utils.test.ts" name="normalizeNetlifyFormSubmission &gt; derives locale from the form name — demo-he is the Hebrew page" time="0.0002766">
        </testcase>
        <testcase classname="src/modules/webhooks/netlify-forms.utils.test.ts" name="normalizeNetlifyFormSubmission &gt; keeps the whole submission so new form fields need no code change" time="0.0002868">
        </testcase>
        <testcase classname="src/modules/webhooks/netlify-forms.utils.test.ts" name="normalizeNetlifyFormSubmission &gt; trims blanks to undefined so empty inputs never become empty-string leads" time="0.0003619">
        </testcase>
        <testcase classname="src/modules/webhooks/netlify-forms.utils.test.ts" name="normalizeNetlifyFormSubmission &gt; leaves consent undefined unless the form actually sent one" time="0.0002373">
        </testcase>
        <testcase classname="src/modules/webhooks/netlify-forms.utils.test.ts" name="normalizeNetlifyFormSubmission &gt; survives a payload with no data object at all" time="0.0003863">
        </testcase>
    </testsuite>
    <testsuite name="src/modules/webhooks/webhook-tokens.test.ts" timestamp="2026-09-06T14:24:08.806Z" hostname="KorentzPC" tests="9" failures="0" errors="0" skipped="0" time="0.012072">
        <testcase classname="src/modules/webhooks/webhook-tokens.test.ts" name="signed webhook URLs &gt; round-trips the tenant id" time="0.0040972">
        </testcase>
        <testcase classname="src/modules/webhooks/webhook-tokens.test.ts" name="signed webhook URLs &gt; rejects a tampered tenant id — the actual attack" time="0.0006983">
        </testcase>
        <testcase classname="src/modules/webhooks/webhook-tokens.test.ts" name="signed webhook URLs &gt; rejects a tampered signature" time="0.0004887">
        </testcase>
        <testcase classname="src/modules/webhooks/webhook-tokens.test.ts" name="signed webhook URLs &gt; rejects a token signed with a different key" time="0.000425">
        </testcase>
        <testcase classname="src/modules/webhooks/webhook-tokens.test.ts" name="signed webhook URLs &gt; is domain-separated per provider" time="0.0004545">
        </testcase>
        <testcase classname="src/modules/webhooks/webhook-tokens.test.ts" name="signed webhook URLs &gt; gives different tenants different signatures" time="0.0017103">
        </testcase>
        <testcase classname="src/modules/webhooks/webhook-tokens.test.ts" name="signed webhook URLs &gt; returns null rather than throwing on malformed input" time="0.0005633">
        </testcase>
        <testcase classname="src/modules/webhooks/webhook-tokens.test.ts" name="signed webhook URLs &gt; accepts only a full-length signature" time="0.0004329">
        </testcase>
        <testcase classname="src/modules/webhooks/webhook-tokens.test.ts" name="signed webhook URLs &gt; matches the derivation in scripts/webhook-url.mjs" time="0.0003646">
        </testcase>
    </testsuite>
    <testsuite name="src/queues/workers/airtable-lead-push.worker.test.ts" timestamp="2026-09-06T14:24:08.811Z" hostname="KorentzPC" tests="8" failures="0" errors="0" skipped="0" time="0.0315112">
        <testcase classname="src/queues/workers/airtable-lead-push.worker.test.ts" name="airtable-lead-push worker &gt; REFUSES another tenant — this board is not a per-tenant feature" time="0.0078405">
            <system-err>
{&quot;event&quot;:&quot;airtable_lead_push_skip&quot;,&quot;reason&quot;:&quot;not_platform_tenant&quot;,&quot;tenantId&quot;:&quot;11111111-2222-3333-4444-555555555555&quot;}

            </system-err>
        </testcase>
        <testcase classname="src/queues/workers/airtable-lead-push.worker.test.ts" name="airtable-lead-push worker &gt; refuses everyone when PLATFORM_TENANT_ID is unset" time="0.0016897">
            <system-err>
{&quot;event&quot;:&quot;airtable_lead_push_skip&quot;,&quot;reason&quot;:&quot;not_platform_tenant&quot;,&quot;tenantId&quot;:&quot;613d826c-ad00-4302-9817-1c0649ed4f98&quot;}

            </system-err>
        </testcase>
        <testcase classname="src/queues/workers/airtable-lead-push.worker.test.ts" name="airtable-lead-push worker &gt; skips when the board is not configured" time="0.0013582">
            <system-err>
{&quot;event&quot;:&quot;airtable_lead_push_skip&quot;,&quot;reason&quot;:&quot;not_configured&quot;,&quot;tenantId&quot;:&quot;613d826c-ad00-4302-9817-1c0649ed4f98&quot;}

            </system-err>
        </testcase>
        <testcase classname="src/queues/workers/airtable-lead-push.worker.test.ts" name="airtable-lead-push worker &gt; creates the row and caches the record id back onto the lead" time="0.007583">
            <system-out>
{&quot;event&quot;:&quot;airtable_lead_push_ok&quot;,&quot;tenantId&quot;:&quot;613d826c-ad00-4302-9817-1c0649ed4f98&quot;,&quot;leadId&quot;:&quot;lead-1&quot;,&quot;recordId&quot;:&quot;recNEW123&quot;}

            </system-out>
        </testcase>
        <testcase classname="src/queues/workers/airtable-lead-push.worker.test.ts" name="airtable-lead-push worker &gt; no-ops when the lead already has a board row" time="0.0013479">
        </testcase>
        <testcase classname="src/queues/workers/airtable-lead-push.worker.test.ts" name="airtable-lead-push worker &gt; does not retry a lead that no longer exists" time="0.0013982">
            <system-err>
{&quot;event&quot;:&quot;airtable_lead_push_skip&quot;,&quot;reason&quot;:&quot;lead_not_found&quot;,&quot;tenantId&quot;:&quot;613d826c-ad00-4302-9817-1c0649ed4f98&quot;,&quot;leadId&quot;:&quot;lead-1&quot;}

            </system-err>
        </testcase>
        <testcase classname="src/queues/workers/airtable-lead-push.worker.test.ts" name="airtable-lead-push worker &gt; lets an Airtable failure surface as a job failure, and dead-letters it" time="0.0050863">
            <system-err>
{&quot;event&quot;:&quot;airtable_lead_push_failed&quot;,&quot;jobId&quot;:&quot;airtable-lead-lead-1&quot;,&quot;tenantId&quot;:&quot;613d826c-ad00-4302-9817-1c0649ed4f98&quot;,&quot;leadId&quot;:&quot;lead-1&quot;,&quot;error&quot;:&quot;Circuit breaker is OPEN for airtable&quot;}

            </system-err>
        </testcase>
        <testcase classname="src/queues/workers/airtable-lead-push.worker.test.ts" name="airtable-lead-push worker &gt; keeps PII out of the failure log" time="0.0025948">
        </testcase>
    </testsuite>
    <testsuite name="src/queues/workers/call-analysis.worker.test.ts" timestamp="2026-09-06T14:24:08.814Z" hostname="KorentzPC" tests="5" failures="0" errors="0" skipped="0" time="0.0179108">
        <testcase classname="src/queues/workers/call-analysis.worker.test.ts" name="analyzeLiveKitCall &gt; layers GPT analysis over the agent fields and marks the learning analyzed" time="0.0075321">
        </testcase>
        <testcase classname="src/queues/workers/call-analysis.worker.test.ts" name="analyzeLiveKitCall &gt; finalizes the conversation to ended + summary" time="0.0023232">
        </testcase>
        <testcase classname="src/queues/workers/call-analysis.worker.test.ts" name="analyzeLiveKitCall &gt; skips the LLM round-trip for a too-thin transcript but still finalizes" time="0.0019049">
        </testcase>
        <testcase classname="src/queues/workers/call-analysis.worker.test.ts" name="analyzeLiveKitCall &gt; does not touch a conversation when none was threaded in" time="0.0007967">
        </testcase>
        <testcase classname="src/queues/workers/call-analysis.worker.test.ts" name="analyzeLiveKitCall &gt; throws when the learning row is missing (job retries, transcript is safe on the row)" time="0.0028723">
        </testcase>
    </testsuite>
    <testsuite name="src/queues/workers/csv-import.worker.test.ts" timestamp="2026-09-06T14:24:08.815Z" hostname="KorentzPC" tests="10" failures="0" errors="0" skipped="0" time="0.066015">
        <testcase classname="src/queues/workers/csv-import.worker.test.ts" name="csv-import worker &gt; marks job as processing then done on success" time="0.0167352">
            <system-err>
usage_meter_failed {&quot;kind&quot;:&quot;lead&quot;,&quot;tenantId&quot;:&quot;tenant-1&quot;,&quot;leadId&quot;:&quot;lead-uuid&quot;,&quot;error&quot;:&quot;db.transaction is not a function&quot;}

            </system-err>
        </testcase>
        <testcase classname="src/queues/workers/csv-import.worker.test.ts" name="csv-import worker &gt; inserts a lead for each valid row" time="0.0064488">
            <system-err>
usage_meter_failed {&quot;kind&quot;:&quot;lead&quot;,&quot;tenantId&quot;:&quot;tenant-1&quot;,&quot;leadId&quot;:&quot;lead-uuid&quot;,&quot;error&quot;:&quot;db.transaction is not a function&quot;}

usage_meter_failed {&quot;kind&quot;:&quot;lead&quot;,&quot;tenantId&quot;:&quot;tenant-1&quot;,&quot;leadId&quot;:&quot;lead-uuid&quot;,&quot;error&quot;:&quot;db.transaction is not a function&quot;}

            </system-err>
        </testcase>
        <testcase classname="src/queues/workers/csv-import.worker.test.ts" name="csv-import worker &gt; skips rows with no email or phone (silent, not counted as error)" time="0.0038063">
            <system-err>
usage_meter_failed {&quot;kind&quot;:&quot;lead&quot;,&quot;tenantId&quot;:&quot;tenant-1&quot;,&quot;leadId&quot;:&quot;lead-uuid&quot;,&quot;error&quot;:&quot;db.transaction is not a function&quot;}

            </system-err>
        </testcase>
        <testcase classname="src/queues/workers/csv-import.worker.test.ts" name="csv-import worker &gt; skips duplicate — matched by phone" time="0.0023368">
        </testcase>
        <testcase classname="src/queues/workers/csv-import.worker.test.ts" name="csv-import worker &gt; skips duplicate — matched by email when phone not present" time="0.0023349">
        </testcase>
        <testcase classname="src/queues/workers/csv-import.worker.test.ts" name="csv-import worker &gt; marks job as failed when ALL rows fail" time="0.0030537">
        </testcase>
        <testcase classname="src/queues/workers/csv-import.worker.test.ts" name="csv-import worker &gt; handles a mix of successes and failures — marks done (not failed)" time="0.0039955">
            <system-err>
usage_meter_failed {&quot;kind&quot;:&quot;lead&quot;,&quot;tenantId&quot;:&quot;tenant-1&quot;,&quot;leadId&quot;:&quot;lead-uuid&quot;,&quot;error&quot;:&quot;db.transaction is not a function&quot;}

            </system-err>
        </testcase>
        <testcase classname="src/queues/workers/csv-import.worker.test.ts" name="csv-import worker &gt; uses source &quot;csv&quot; for inserted leads" time="0.0059201">
        </testcase>
        <testcase classname="src/queues/workers/csv-import.worker.test.ts" name="csv-import worker &gt; returns processedRows and errorCount" time="0.0038166">
            <system-err>
usage_meter_failed {&quot;kind&quot;:&quot;lead&quot;,&quot;tenantId&quot;:&quot;tenant-1&quot;,&quot;leadId&quot;:&quot;lead-uuid&quot;,&quot;error&quot;:&quot;db.transaction is not a function&quot;}

usage_meter_failed {&quot;kind&quot;:&quot;lead&quot;,&quot;tenantId&quot;:&quot;tenant-1&quot;,&quot;leadId&quot;:&quot;lead-uuid&quot;,&quot;error&quot;:&quot;db.transaction is not a function&quot;}

            </system-err>
        </testcase>
        <testcase classname="src/queues/workers/csv-import.worker.test.ts" name="csv-import worker &gt; updates import_job status to failed on worker failure event" time="0.0139946">
            <system-err>
CSV import failed for job j1: Error: catastrophic
    at [90mC:\keren-latency\[39msrc\queues\workers\csv-import.worker.test.ts:256:30
[90m    at processTicksAndRejections (node:internal/process/task_queues:104:5)[39m
    at [90mfile:///C:/keren-latency/[39mnode_modules/[4m@vitest/runner[24m/dist/chunk-hooks.js:752:20

            </system-err>
        </testcase>
    </testsuite>
    <testsuite name="src/queues/workers/flow-executor.airtable-isolation.test.ts" timestamp="2026-09-06T14:24:08.819Z" hostname="KorentzPC" tests="3" failures="0" errors="0" skipped="0" time="0.0281036">
        <testcase classname="src/queues/workers/flow-executor.airtable-isolation.test.ts" name="update_airtable — the platform credentials are not a shared fallback &gt; REFUSES to use ClickScales credentials for another tenant" time="0.0199968">
        </testcase>
        <testcase classname="src/queues/workers/flow-executor.airtable-isolation.test.ts" name="update_airtable — the platform credentials are not a shared fallback &gt; still lets ClickScales itself use them" time="0.0037749">
        </testcase>
        <testcase classname="src/queues/workers/flow-executor.airtable-isolation.test.ts" name="update_airtable — the platform credentials are not a shared fallback &gt; refuses everyone when PLATFORM_TENANT_ID is unset" time="0.0017182">
        </testcase>
    </testsuite>
    <testsuite name="src/queues/workers/flow-executor.worker.test.ts" timestamp="2026-09-06T14:24:08.820Z" hostname="KorentzPC" tests="18" failures="0" errors="0" skipped="0" time="0.0864578">
        <testcase classname="src/queues/workers/flow-executor.worker.test.ts" name="flow-executor worker &gt; send_whatsapp step — calls whatsapp.sendMessage with interpolated text" time="0.0186398">
        </testcase>
        <testcase classname="src/queues/workers/flow-executor.worker.test.ts" name="flow-executor worker &gt; send_whatsapp step — uses &quot;there&quot; when leadName is missing" time="0.0022058">
        </testcase>
        <testcase classname="src/queues/workers/flow-executor.worker.test.ts" name="flow-executor worker &gt; send_whatsapp step — calls sendVideo for video messageType" time="0.0027705">
        </testcase>
        <testcase classname="src/queues/workers/flow-executor.worker.test.ts" name="flow-executor worker &gt; send_whatsapp step — skips gracefully when WhatsApp service not configured" time="0.0016051">
        </testcase>
        <testcase classname="src/queues/workers/flow-executor.worker.test.ts" name="flow-executor worker &gt; enqueues next step with correct delay when next step has delayMinutes" time="0.0020232">
        </testcase>
        <testcase classname="src/queues/workers/flow-executor.worker.test.ts" name="flow-executor worker &gt; does NOT enqueue next step when current step is the last one" time="0.0017527">
        </testcase>
        <testcase classname="src/queues/workers/flow-executor.worker.test.ts" name="flow-executor worker &gt; make_call step — calls voiceLivekit.initiateOutboundCall" time="0.0094758">
            <system-err>
spend_guard_check_failed {&quot;cap&quot;:&quot;calls&quot;,&quot;consecutiveFailures&quot;:1,&quot;error&quot;:&quot;deps.redis.get is not a function&quot;}

            </system-err>
        </testcase>
        <testcase classname="src/queues/workers/flow-executor.worker.test.ts" name="flow-executor worker &gt; make_call step — NEVER dials an opted_out lead" time="0.002502">
        </testcase>
        <testcase classname="src/queues/workers/flow-executor.worker.test.ts" name="flow-executor worker &gt; make_call step — SKIPS (never throws) when the daily spend limit is exhausted" time="0.0238827">
        </testcase>
        <testcase classname="src/queues/workers/flow-executor.worker.test.ts" name="flow-executor worker &gt; make_call step — SKIPS an email-only lead instead of dead-lettering it" time="0.0027944">
        </testcase>
        <testcase classname="src/queues/workers/flow-executor.worker.test.ts" name="flow-executor worker &gt; make_call step — treats a whitespace-only phone as no phone" time="0.0022178">
        </testcase>
        <testcase classname="src/queues/workers/flow-executor.worker.test.ts" name="flow-executor worker &gt; make_call step — skips when voice service not configured" time="0.0037367">
            <system-err>
spend_guard_check_failed {&quot;cap&quot;:&quot;calls&quot;,&quot;consecutiveFailures&quot;:1,&quot;error&quot;:&quot;deps.redis.get is not a function&quot;}

            </system-err>
        </testcase>
        <testcase classname="src/queues/workers/flow-executor.worker.test.ts" name="flow-executor worker &gt; returns undefined when tenant is not found" time="0.0010992">
        </testcase>
        <testcase classname="src/queues/workers/flow-executor.worker.test.ts" name="flow-executor worker &gt; returns undefined when flow is not found in tenant settings" time="0.0009413">
        </testcase>
        <testcase classname="src/queues/workers/flow-executor.worker.test.ts" name="flow-executor worker &gt; returns undefined when flow is disabled" time="0.001263">
        </testcase>
        <testcase classname="src/queues/workers/flow-executor.worker.test.ts" name="flow-executor worker &gt; returns undefined when stepIndex is out of bounds" time="0.0011122">
        </testcase>
        <testcase classname="src/queues/workers/flow-executor.worker.test.ts" name="flow-executor worker &gt; returns undefined when flow config fails Zod validation" time="0.0037771">
            <system-err>
Flow executor: invalid flow config for &quot;onboarding&quot; {
  formErrors: [],
  fieldErrors: {
    steps: [
      [32m&quot;Invalid discriminator value. Expected &apos;send_whatsapp&apos; | &apos;make_call&apos; | &apos;send_email&apos; | &apos;update_monday&apos; | &apos;book_calendar&apos; | &apos;update_airtable&apos;&quot;[39m
    ]
  }
}

            </system-err>
        </testcase>
        <testcase classname="src/queues/workers/flow-executor.worker.test.ts" name="flow-executor worker &gt; passes correct job data to enqueueFlowStep for next step" time="0.0016127">
        </testcase>
    </testsuite>
    <testsuite name="src/queues/workers/meeting-reminders.worker.test.ts" timestamp="2026-09-06T14:24:08.824Z" hostname="KorentzPC" tests="13" failures="0" errors="0" skipped="0" time="0.0300457">
        <testcase classname="src/queues/workers/meeting-reminders.worker.test.ts" name="processMeetingReminder — fire-time authority checks &gt; cancelled meeting (row status changed) → skipped, nothing sent — the cancellation backstop" time="0.0082854">
        </testcase>
        <testcase classname="src/queues/workers/meeting-reminders.worker.test.ts" name="processMeetingReminder — fire-time authority checks &gt; row gone entirely → skipped" time="0.0012669">
        </testcase>
        <testcase classname="src/queues/workers/meeting-reminders.worker.test.ts" name="processMeetingReminder — fire-time authority checks &gt; meeting already started → dropped" time="0.0008063">
        </testcase>
        <testcase classname="src/queues/workers/meeting-reminders.worker.test.ts" name="processMeetingReminder — fire-time authority checks &gt; opted-out lead is NEVER messaged — unconditional, before any channel logic" time="0.0011772">
        </testcase>
        <testcase classname="src/queues/workers/meeting-reminders.worker.test.ts" name="processMeetingReminder — fire-time authority checks &gt; tenant disabled reminders since booking → respected at fire time" time="0.0009202">
        </testcase>
        <testcase classname="src/queues/workers/meeting-reminders.worker.test.ts" name="processMeetingReminder — delivery per channel &gt; email: sends with Hebrew subject + body carrying the reply hook" time="0.0025703">
        </testcase>
        <testcase classname="src/queues/workers/meeting-reminders.worker.test.ts" name="processMeetingReminder — delivery per channel &gt; whatsapp in-window (lead messaged us 1h ago) → FREEFORM body" time="0.0017277">
        </testcase>
        <testcase classname="src/queues/workers/meeting-reminders.worker.test.ts" name="processMeetingReminder — delivery per channel &gt; whatsapp out-of-window + consent + configured SID → TEMPLATE with interpolated variables" time="0.00148">
        </testcase>
        <testcase classname="src/queues/workers/meeting-reminders.worker.test.ts" name="processMeetingReminder — delivery per channel &gt; whatsapp out-of-window WITHOUT consent → blocked, logged outcome, nothing sent" time="0.0011214">
        </testcase>
        <testcase classname="src/queues/workers/meeting-reminders.worker.test.ts" name="processMeetingReminder — quiet hours (Israel wall clock, DST-pinned) &gt; IDT: fires at 22:00 Israel → deferred to next 08:00 (10h), -d1 id recorded on the row" time="0.0035402">
        </testcase>
        <testcase classname="src/queues/workers/meeting-reminders.worker.test.ts" name="processMeetingReminder — quiet hours (Israel wall clock, DST-pinned) &gt; IST (winter): 22:00 Israel is a different UTC hour, deferral is still exactly 10h of wall clock" time="0.0012776">
        </testcase>
        <testcase classname="src/queues/workers/meeting-reminders.worker.test.ts" name="processMeetingReminder — quiet hours (Israel wall clock, DST-pinned) &gt; deferral that would land AFTER the meeting starts → dropped, not deferred" time="0.0008586">
        </testcase>
        <testcase classname="src/queues/workers/meeting-reminders.worker.test.ts" name="processMeetingReminder — quiet hours (Israel wall clock, DST-pinned) &gt; morning-meeting defer-then-deliver: 08:30 meeting → T-1h at 07:30 → deferred to 08:00 → DELIVERS" time="0.0021462">
        </testcase>
    </testsuite>
    <testsuite name="src/queues/workers/message-processor.worker.test.ts" timestamp="2026-09-06T14:24:08.827Z" hostname="KorentzPC" tests="7" failures="0" errors="0" skipped="0" time="0.0372607">
        <testcase classname="src/queues/workers/message-processor.worker.test.ts" name="message-processor worker &gt; processes a whatsapp message — finds existing lead + conversation" time="0.0109634">
        </testcase>
        <testcase classname="src/queues/workers/message-processor.worker.test.ts" name="message-processor worker &gt; processes an email channel job — uses email identifier" time="0.0032051">
        </testcase>
        <testcase classname="src/queues/workers/message-processor.worker.test.ts" name="message-processor worker &gt; creates new lead + conversation when none exist" time="0.0058036">
            <system-err>
usage_meter_failed {&quot;kind&quot;:&quot;lead&quot;,&quot;tenantId&quot;:&quot;tenant-abc&quot;,&quot;leadId&quot;:&quot;lead-new&quot;,&quot;error&quot;:&quot;db.transaction is not a function&quot;}

            </system-err>
        </testcase>
        <testcase classname="src/queues/workers/message-processor.worker.test.ts" name="message-processor worker &gt; updates lead status from new to contacted" time="0.0058701">
        </testcase>
        <testcase classname="src/queues/workers/message-processor.worker.test.ts" name="message-processor worker &gt; does NOT update lead status when already qualifying (no further auto-transition)" time="0.0023825">
        </testcase>
        <testcase classname="src/queues/workers/message-processor.worker.test.ts" name="message-processor worker &gt; uses fallback message when AI engine is not configured" time="0.0026304">
        </testcase>
        <testcase classname="src/queues/workers/message-processor.worker.test.ts" name="message-processor worker &gt; enqueues to outbound queue with correct job shape" time="0.003368">
        </testcase>
    </testsuite>
    <testsuite name="src/queues/workers/outbound-sender.worker.test.ts" timestamp="2026-09-06T14:24:08.829Z" hostname="KorentzPC" tests="19" failures="0" errors="0" skipped="0" time="0.035417">
        <testcase classname="src/queues/workers/outbound-sender.worker.test.ts" name="outbound-sender worker &gt; sends a WhatsApp message via whatsapp service" time="0.0102187">
        </testcase>
        <testcase classname="src/queues/workers/outbound-sender.worker.test.ts" name="outbound-sender worker &gt; throws when channel is whatsapp but service not configured" time="0.0031859">
        </testcase>
        <testcase classname="src/queues/workers/outbound-sender.worker.test.ts" name="outbound-sender worker &gt; sends an email via email service" time="0.0014189">
        </testcase>
        <testcase classname="src/queues/workers/outbound-sender.worker.test.ts" name="outbound-sender worker &gt; throws when channel is email but service not configured" time="0.0008933">
        </testcase>
        <testcase classname="src/queues/workers/outbound-sender.worker.test.ts" name="outbound-sender worker &gt; voice channel skips silently (real-time channel)" time="0.0005533">
        </testcase>
        <testcase classname="src/queues/workers/outbound-sender.worker.test.ts" name="outbound-sender worker &gt; returns correct shape with conversationId" time="0.0010309">
        </testcase>
        <testcase classname="src/queues/workers/outbound-sender.worker.test.ts" name="outbound-sender worker &gt; WhatsApp service error propagates out of the processor" time="0.0011132">
        </testcase>
        <testcase classname="src/queues/workers/outbound-sender.worker.test.ts" name="outbound-sender worker &gt; email service error propagates out of the processor" time="0.0007299">
        </testcase>
        <testcase classname="src/queues/workers/outbound-sender.worker.test.ts" name="outbound-sender worker &gt; email uses the job subject when present, legacy fallback otherwise" time="0.001093">
        </testcase>
        <testcase classname="src/queues/workers/outbound-sender.worker.test.ts" name="outbound-sender worker &gt; open window → freeform even when a template is configured (cheaper, natural)" time="0.0013429">
        </testcase>
        <testcase classname="src/queues/workers/outbound-sender.worker.test.ts" name="outbound-sender worker &gt; closed window + consent + configured SID → template send with variables" time="0.0021707">
        </testcase>
        <testcase classname="src/queues/workers/outbound-sender.worker.test.ts" name="outbound-sender worker &gt; closed window WITHOUT consent → blocked, nothing sent, job succeeds (no DLQ poisoning)" time="0.001248">
        </testcase>
        <testcase classname="src/queues/workers/outbound-sender.worker.test.ts" name="outbound-sender worker &gt; closed window, consent, but NO configured template → blocked no_template" time="0.0009175">
        </testcase>
        <testcase classname="src/queues/workers/outbound-sender.worker.test.ts" name="outbound-sender worker &gt; UChat-only deployment (no template support) → out-of-window is blocked" time="0.0009351">
        </testcase>
        <testcase classname="src/queues/workers/outbound-sender.worker.test.ts" name="outbound-sender worker &gt; unknown lead (no row) out of window → blocked, never a blind freeform" time="0.0009116">
        </testcase>
        <testcase classname="src/queues/workers/outbound-sender.worker.test.ts" name="outbound-sender worker &gt; owner alert out of window → template send, NOT blocked for missing lead consent" time="0.0017564">
        </testcase>
        <testcase classname="src/queues/workers/outbound-sender.worker.test.ts" name="outbound-sender worker &gt; owner alert inside an open window → freeform, the cheaper natural path" time="0.0010599">
        </testcase>
        <testcase classname="src/queues/workers/outbound-sender.worker.test.ts" name="outbound-sender worker &gt; owner alert with no configured template SID still blocks — email is the fallback" time="0.0007632">
        </testcase>
        <testcase classname="src/queues/workers/outbound-sender.worker.test.ts" name="outbound-sender worker &gt; the consent shortcut is scoped to notifyRole:owner — a lead job is unaffected" time="0.0010038">
        </testcase>
    </testsuite>
    <testsuite name="src/modules/channels/voice-livekit/ask-memory.replay.test.ts" timestamp="2026-09-06T14:24:08.833Z" hostname="KorentzPC" tests="14" failures="0" errors="0" skipped="0" time="0.0340028">
        <testcase classname="src/modules/channels/voice-livekit/ask-memory.replay.test.ts" name="ask memory — the 2026-09-01 14:56 call, replayed &gt; counts five business asks where the old detector counted three" time="0.0101611">
        </testcase>
        <testcase classname="src/modules/channels/voice-livekit/ask-memory.replay.test.ts" name="ask memory — the 2026-09-01 14:56 call, replayed &gt; counts four process asks where the old detector had no field at all" time="0.0020002">
        </testcase>
        <testcase classname="src/modules/channels/voice-livekit/ask-memory.replay.test.ts" name="ask memory — the 2026-09-01 14:56 call, replayed &gt; does not count a follow-up that builds on an answer he has already given" time="0.0014816">
        </testcase>
        <testcase classname="src/modules/channels/voice-livekit/ask-memory.replay.test.ts" name="ask memory — the 2026-09-01 14:56 call, replayed &gt; reads the frustration and closing questions too, and stops once he answers them" time="0.0013363">
        </testcase>
        <testcase classname="src/modules/channels/voice-livekit/ask-memory.replay.test.ts" name="ask memory — the 2026-09-01 14:56 call, replayed &gt; credits an answer the endpointer split across two turns" time="0.0012898">
        </testcase>
        <testcase classname="src/modules/channels/voice-livekit/ask-memory.replay.test.ts" name="ask memory — the 2026-09-01 14:56 call, replayed &gt; does not invent asks for the fields she never raised on this call" time="0.0015095">
        </testcase>
        <testcase classname="src/modules/channels/voice-livekit/ask-memory.replay.test.ts" name="ask memory — the 2026-09-01 14:56 call, replayed &gt; does not read &quot;יש לי עסק&quot; as an answer — she did not read it as one either" time="0.0016471">
        </testcase>
        <testcase classname="src/modules/channels/voice-livekit/ask-memory.replay.test.ts" name="ask memory — the 2026-09-01 15:33 call, replayed &gt; counts one ask per discovery question and no more" time="0.0009333">
        </testcase>
        <testcase classname="src/modules/channels/voice-livekit/ask-memory.replay.test.ts" name="ask memory — the 2026-09-01 15:33 call, replayed &gt; counts the two business asks the old detector already saw, and not a third" time="0.0014492">
        </testcase>
        <testcase classname="src/modules/channels/voice-livekit/ask-memory.replay.test.ts" name="ask memory — the 2026-09-01 15:33 call, replayed &gt; marks every discovery question he answered as answered" time="0.0031815">
        </testcase>
        <testcase classname="src/modules/channels/voice-livekit/ask-memory.replay.test.ts" name="ask memory — the 2026-09-01 15:33 call, replayed &gt; the near misses stay near misses" time="0.0008271">
        </testcase>
        <testcase classname="src/modules/channels/voice-livekit/ask-memory.replay.test.ts" name="ask memory — the note &gt; names the discovery questions he has answered, and never tells her to stop" time="0.0024081">
        </testcase>
        <testcase classname="src/modules/channels/voice-livekit/ask-memory.replay.test.ts" name="ask memory — the note &gt; a question he answered is never listed as one she is stuck on" time="0.0012226">
        </testcase>
        <testcase classname="src/modules/channels/voice-livekit/ask-memory.replay.test.ts" name="ask memory — the note &gt; with the intent layer off, a call that only asked discovery questions has no new note" time="0.0009987">
        </testcase>
    </testsuite>
    <testsuite name="src/modules/channels/voice-livekit/booking-note.test.ts" timestamp="2026-09-06T14:24:08.837Z" hostname="KorentzPC" tests="17" failures="0" errors="0" skipped="0" time="0.0156408">
        <testcase classname="src/modules/channels/voice-livekit/booking-note.test.ts" name="bookingNote — what is actually booked &gt; says plainly that nothing is booked, and that checking availability is not booking" time="0.0039999">
        </testcase>
        <testcase classname="src/modules/channels/voice-livekit/booking-note.test.ts" name="bookingNote — what is actually booked &gt; names the missing REQUIRED argument, and says the email is not one" time="0.0004859">
        </testcase>
        <testcase classname="src/modules/channels/voice-livekit/booking-note.test.ts" name="bookingNote — what is actually booked &gt; forbids the exact &quot;only the email is missing&quot; claim she made twice" time="0.0003546">
        </testcase>
        <testcase classname="src/modules/channels/voice-livekit/booking-note.test.ts" name="bookingNote — what is actually booked &gt; when both required fields are held it tells her to call the tool and not to end the call" time="0.0004821">
        </testcase>
        <testcase classname="src/modules/channels/voice-livekit/booking-note.test.ts" name="bookingNote — what is actually booked &gt; offers the number he is calling from as a CONFIRMATION, never as a substitution" time="0.0004023">
        </testcase>
        <testcase classname="src/modules/channels/voice-livekit/booking-note.test.ts" name="bookingNote — what is actually booked &gt; hands her the number in the form she has to SAY, and never the E.164" time="0.0004062">
        </testcase>
        <testcase classname="src/modules/channels/voice-livekit/booking-note.test.ts" name="bookingNote — what is actually booked &gt; KILL-SWITCH: offerCallerPhone=false keeps the note and drops only that paragraph" time="0.0003422">
        </testcase>
        <testcase classname="src/modules/channels/voice-livekit/booking-note.test.ts" name="bookingNote — what is actually booked &gt; an outbound or web call has no caller ID to offer, and says nothing about one" time="0.0003858">
        </testcase>
        <testcase classname="src/modules/channels/voice-livekit/booking-note.test.ts" name="bookingNote — the bounds that keep it from costing tokens on every call &gt; silent before the booking phase begins" time="0.0004096">
        </testcase>
        <testcase classname="src/modules/channels/voice-livekit/booking-note.test.ts" name="bookingNote — the bounds that keep it from costing tokens on every call &gt; silent on a call with no tools — there is nothing it could be about" time="0.0003388">
        </testcase>
        <testcase classname="src/modules/channels/voice-livekit/booking-note.test.ts" name="bookingNote — the bounds that keep it from costing tokens on every call &gt; flips to the OTHER truth once a booking exists — the mirror-image failure" time="0.0003381">
        </testcase>
        <testcase classname="src/modules/channels/voice-livekit/booking-note.test.ts" name="bookingNote — the bounds that keep it from costing tokens on every call &gt; a booking that succeeded reports itself even before the scheduling flag is set" time="0.0001744">
        </testcase>
        <testcase classname="src/modules/channels/voice-livekit/booking-note.test.ts" name="toSpokenIsraeliNumber — conversion, so the model never has to do arithmetic &gt; turns the E.164 the SIP participant carries into the number she says" time="0.0004663">
        </testcase>
        <testcase classname="src/modules/channels/voice-livekit/booking-note.test.ts" name="toSpokenIsraeliNumber — conversion, so the model never has to do arithmetic &gt; leaves an already-local number exactly as it is" time="0.0002027">
        </testcase>
        <testcase classname="src/modules/channels/voice-livekit/booking-note.test.ts" name="toSpokenIsraeliNumber — conversion, so the model never has to do arithmetic &gt; adds the trunk prefix to a bare Israeli mobile" time="0.000209">
        </testcase>
        <testcase classname="src/modules/channels/voice-livekit/booking-note.test.ts" name="toSpokenIsraeliNumber — conversion, so the model never has to do arithmetic &gt; hands back anything it does not recognise UNTOUCHED" time="0.0002613">
        </testcase>
        <testcase classname="src/modules/channels/voice-livekit/booking-note.test.ts" name="toSpokenIsraeliNumber — conversion, so the model never has to do arithmetic &gt; never loses or invents a digit — the defect itself, stated as a property" time="0.0028825">
        </testcase>
    </testsuite>
    <testsuite name="src/modules/channels/voice-livekit/bracket-net.test.ts" timestamp="2026-09-06T14:24:08.843Z" hostname="KorentzPC" tests="12" failures="0" errors="0" skipped="0" time="0.0201651">
        <testcase classname="src/modules/channels/voice-livekit/bracket-net.test.ts" name="normaliseBrackets &gt; deletes the tag that laughs on one engine and is spelled on the other" time="0.0026489">
        </testcase>
        <testcase classname="src/modules/channels/voice-livekit/bracket-net.test.ts" name="normaliseBrackets &gt; deletes a mid-sentence breath tag and heals the spacing" time="0.000463">
        </testcase>
        <testcase classname="src/modules/channels/voice-livekit/bracket-net.test.ts" name="normaliseBrackets &gt; deletes a TRUNCATED tag — the one a closing-bracket requirement would leave on the wire" time="0.0003629">
        </testcase>
        <testcase classname="src/modules/channels/voice-livekit/bracket-net.test.ts" name="normaliseBrackets &gt; counts every token separately" time="0.0002429">
        </testcase>
        <testcase classname="src/modules/channels/voice-livekit/bracket-net.test.ts" name="normaliseBrackets &gt; leaves Hebrew-bracketed text alone — a bracket followed by Hebrew is not markup" time="0.0002795">
        </testcase>
        <testcase classname="src/modules/channels/voice-livekit/bracket-net.test.ts" name="normaliseBrackets &gt; never touches an angle tag — &lt;break&gt; belongs to voice-mode.ts, not this net" time="0.0002932">
        </testcase>
        <testcase classname="src/modules/channels/voice-livekit/bracket-net.test.ts" name="normaliseBrackets &gt; is a no-op (same reference, zero work) on bracket-free text" time="0.0001904">
        </testcase>
        <testcase classname="src/modules/channels/voice-livekit/bracket-net.test.ts" name="guardSpeech integration &gt; drops the token and counts it as bracketTagsDropped" time="0.0064175">
        </testcase>
        <testcase classname="src/modules/channels/voice-livekit/bracket-net.test.ts" name="guardSpeech integration &gt; runs AFTER the leak scrub — a JSON payload with arrays is scrubbed whole, not chewed" time="0.0012698">
        </testcase>
        <testcase classname="src/modules/channels/voice-livekit/bracket-net.test.ts" name="guardSpeech integration &gt; reports zero on an ordinary sentence" time="0.0022289">
        </testcase>
        <testcase classname="src/modules/channels/voice-livekit/bracket-net.test.ts" name="the counter reaches the report &gt; call-report carries the field and the recorder" time="0.0013903">
        </testcase>
        <testcase classname="src/modules/channels/voice-livekit/bracket-net.test.ts" name="the counter reaches the report &gt; agent.ts wires the callback at the tts call site and into the report" time="0.00152">
        </testcase>
    </testsuite>
    <testsuite name="src/modules/channels/voice-livekit/call-record.test.ts" timestamp="2026-09-06T14:24:08.845Z" hostname="KorentzPC" tests="6" failures="0" errors="0" skipped="0" time="0.023295">
        <testcase classname="src/modules/channels/voice-livekit/call-record.test.ts" name="ensureWebCallPlaceholderLead &gt; reuses the existing per-tenant placeholder lead — no insert" time="0.0072244">
        </testcase>
        <testcase classname="src/modules/channels/voice-livekit/call-record.test.ts" name="ensureWebCallPlaceholderLead &gt; creates one when none exists, tagged with the sentinel source" time="0.0031296">
        </testcase>
        <testcase classname="src/modules/channels/voice-livekit/call-record.test.ts" name="createVoiceConversation &gt; inserts a voice conversation keyed by room name and returns its id" time="0.0018121">
        </testcase>
        <testcase classname="src/modules/channels/voice-livekit/call-record.test.ts" name="ensureAgentSideConversation (inbound Task 0) &gt; uses a known leadId directly — no lead lookup — and opens the conversation" time="0.0026228">
        </testcase>
        <testcase classname="src/modules/channels/voice-livekit/call-record.test.ts" name="ensureAgentSideConversation (inbound Task 0) &gt; inbound with no leadId resolves the caller to an existing lead by phone" time="0.0018052">
        </testcase>
        <testcase classname="src/modules/channels/voice-livekit/call-record.test.ts" name="ensureAgentSideConversation (inbound Task 0) &gt; inbound with no leadId and no phone match creates a fresh lead, then the conversation" time="0.0033674">
            <system-err>
usage_meter_failed {&quot;kind&quot;:&quot;lead&quot;,&quot;tenantId&quot;:&quot;t1&quot;,&quot;leadId&quot;:&quot;lead-fresh&quot;,&quot;error&quot;:&quot;db.transaction is not a function&quot;}

            </system-err>
        </testcase>
    </testsuite>
    <testsuite name="src/modules/channels/voice-livekit/call-reflexes.test.ts" timestamp="2026-09-06T14:24:08.848Z" hostname="KorentzPC" tests="10" failures="0" errors="0" skipped="0" time="0.0095487">
        <testcase classname="src/modules/channels/voice-livekit/call-reflexes.test.ts" name="decideSilenceAction &gt; strike 1 is a stage-scoped nudge that does NOT hang up" time="0.0034481">
        </testcase>
        <testcase classname="src/modules/channels/voice-livekit/call-reflexes.test.ts" name="decideSilenceAction &gt; uses a different line per stage" time="0.0006183">
        </testcase>
        <testcase classname="src/modules/channels/voice-livekit/call-reflexes.test.ts" name="decideSilenceAction &gt; strike 2 reassures and holds the line — NEVER hangs up on silence" time="0.0005658">
        </testcase>
        <testcase classname="src/modules/channels/voice-livekit/call-reflexes.test.ts" name="decideSilenceAction &gt; past the nudge cap it returns null — Keren waits quietly, no hang-up" time="0.0002552">
        </testcase>
        <testcase classname="src/modules/channels/voice-livekit/call-reflexes.test.ts" name="silenceNudgeWaitMs — the nudge that fired into a man who was thinking &gt; would have refused BOTH nudges on the 2026-08-31 13:52 call" time="0.0003148">
        </testcase>
        <testcase classname="src/modules/channels/voice-livekit/call-reflexes.test.ts" name="silenceNudgeWaitMs — the nudge that fired into a man who was thinking &gt; still allows it once the silence is longer than any pause we have measured" time="0.0004488">
        </testcase>
        <testcase classname="src/modules/channels/voice-livekit/call-reflexes.test.ts" name="silenceNudgeWaitMs — the nudge that fired into a man who was thinking &gt; re-arms for exactly the REMAINDER, so the nudge lands on time and not an interval late" time="0.0002205">
        </testcase>
        <testcase classname="src/modules/channels/voice-livekit/call-reflexes.test.ts" name="silenceNudgeWaitMs — the nudge that fired into a man who was thinking &gt; 0 restores the 2026-08-31 behaviour exactly — nudge the moment the SDK says away" time="0.0001872">
        </testcase>
        <testcase classname="src/modules/channels/voice-livekit/call-reflexes.test.ts" name="silenceNudgeWaitMs — the nudge that fired into a man who was thinking &gt; a missing quiet-clock reading never suppresses the nudge forever" time="0.0001684">
        </testcase>
        <testcase classname="src/modules/channels/voice-livekit/call-reflexes.test.ts" name="decideVoicemailAction &gt; leaves the voicemail message and hangs up with end reason voicemail" time="0.0006382">
        </testcase>
    </testsuite>
    <testsuite name="src/modules/channels/voice-livekit/call-report.test.ts" timestamp="2026-09-06T14:24:08.851Z" hostname="KorentzPC" tests="35" failures="0" errors="0" skipped="0" time="0.0650208">
        <testcase classname="src/modules/channels/voice-livekit/call-report.test.ts" name="CallReport dead air &gt; measures the silence between the caller stopping and the agent speaking" time="0.0126671">
            <system-out>
latency dead_air ms=850

            </system-out>
        </testcase>
        <testcase classname="src/modules/channels/voice-livekit/call-report.test.ts" name="CallReport dead air &gt; measures from the LAST stop when the turn detector shreds one sentence" time="0.002333">
            <system-out>
latency dead_air ms=600

            </system-out>
        </testcase>
        <testcase classname="src/modules/channels/voice-livekit/call-report.test.ts" name="CallReport dead air &gt; scores one wait per reply, not one per audio segment" time="0.0015615">
            <system-out>
latency dead_air ms=700

            </system-out>
        </testcase>
        <testcase classname="src/modules/channels/voice-livekit/call-report.test.ts" name="CallReport dead air &gt; ignores the greeting, which answers no one" time="0.0009286">
        </testcase>
        <testcase classname="src/modules/channels/voice-livekit/call-report.test.ts" name="CallReport dead air &gt; reports p90 as well as the median — the worst turns are what the caller remembers" time="0.0021107">
            <system-out>
latency dead_air ms=200
latency dead_air ms=250
latency dead_air ms=300
latency dead_air ms=350
latency dead_air ms=400
latency dead_air ms=450
latency dead_air ms=500
latency dead_air ms=600
latency dead_air ms=2000
latency dead_air ms=6000

            </system-out>
        </testcase>
        <testcase classname="src/modules/channels/voice-livekit/call-report.test.ts" name="CallReport dead air &gt; reports nulls rather than a fabricated zero when nothing was measured" time="0.0025249">
        </testcase>
        <testcase classname="src/modules/channels/voice-livekit/call-report.test.ts" name="CallReport repeatedPhraseCount — the anti-repetition gate (2026-08-27) &gt; counts distinct 4-grams the agent said 2+ times, over the agent lines only" time="0.0025299">
        </testcase>
        <testcase classname="src/modules/channels/voice-livekit/call-report.test.ts" name="CallReport repeatedPhraseCount — the anti-repetition gate (2026-08-27) &gt; is zero on a varied call — the gate is ≤2, the target is 0" time="0.0009755">
        </testcase>
        <testcase classname="src/modules/channels/voice-livekit/call-report.test.ts" name="CallReport agentGap — silence INSIDE a reply &gt; reproduces the 2026-08-29 shape: a 6.2s commit interval that is 2.2s of silence" time="0.003186">
            <system-out>
latency agent_gap ms=2204 toolMs=979 unexplainedMs=1225 tools=capture_lead_info endedBy=reply

            </system-out>
        </testcase>
        <testcase classname="src/modules/channels/voice-livekit/call-report.test.ts" name="CallReport agentGap — silence INSIDE a reply &gt; a gap across a CALLER turn is not a gap — that is a conversation, not a hole" time="0.0015796">
        </testcase>
        <testcase classname="src/modules/channels/voice-livekit/call-report.test.ts" name="CallReport agentGap — silence INSIDE a reply &gt; contributes nothing rather than a wrong number when the SDK gave no timestamps" time="0.00115">
        </testcase>
        <testcase classname="src/modules/channels/voice-livekit/call-report.test.ts" name="CallReport agentGap — silence INSIDE a reply &gt; keeps atMs as the commit clock, so every report written before today still compares" time="0.0013125">
        </testcase>
        <testcase classname="src/modules/channels/voice-livekit/call-report.test.ts" name="CallReport agentGap — silence INSIDE a reply &gt; names the reflex that ended a silence, so a timer never reads as a stall" time="0.0030262">
            <system-out>
latency agent_gap ms=15294 toolMs=0 unexplainedMs=15294 tools=none endedBy=silence_reflex

            </system-out>
        </testcase>
        <testcase classname="src/modules/channels/voice-livekit/call-report.test.ts" name="CallReport agentGap — silence INSIDE a reply &gt; leaves an ordinary tool gap unattributed to any reflex — it was not one" time="0.0025755">
            <system-out>
latency agent_gap ms=1500 toolMs=900 unexplainedMs=600 tools=capture_lead_info endedBy=reply

            </system-out>
        </testcase>
        <testcase classname="src/modules/channels/voice-livekit/call-report.test.ts" name="CallReport pipeline record &gt; is null until the session is up — a report must not invent a pipeline it never saw" time="0.0006318">
        </testcase>
        <testcase classname="src/modules/channels/voice-livekit/call-report.test.ts" name="CallReport pipeline record &gt; persists the resolved pipeline, so a past call can still be attributed" time="0.0019776">
        </testcase>
        <testcase classname="src/modules/channels/voice-livekit/call-report.test.ts" name="CallReport pipeline record &gt; survives the JSON round-trip that is the only channel out of a cloud worker" time="0.0005617">
        </testcase>
        <testcase classname="src/modules/channels/voice-livekit/call-report.test.ts" name="CallReport preemptive counters &gt; is null when nothing was watching, which is not the same as zero drafts" time="0.0002904">
        </testcase>
        <testcase classname="src/modules/channels/voice-livekit/call-report.test.ts" name="CallReport preemptive counters &gt; reads the counters LIVE, because the report is rewritten after every turn" time="0.0004776">
        </testcase>
        <testcase classname="src/modules/channels/voice-livekit/call-report.test.ts" name="CallReport preemptive counters &gt; separates a feature that worked from one that never ran — draftsDiscarded cannot" time="0.0004176">
        </testcase>
        <testcase classname="src/modules/channels/voice-livekit/call-report.test.ts" name="CallReport preemptive counters &gt; never loses a call report to a throwing counter" time="0.0009838">
        </testcase>
        <testcase classname="src/modules/channels/voice-livekit/call-report.test.ts" name="CallReport speech pace &gt; is empty, not zero, on a call that synthesized nothing" time="0.0005389">
        </testcase>
        <testcase classname="src/modules/channels/voice-livekit/call-report.test.ts" name="CallReport speech pace &gt; reports ms per character and the spread between best and worst turn" time="0.0009149">
        </testcase>
        <testcase classname="src/modules/channels/voice-livekit/call-report.test.ts" name="CallReport speech pace &gt; excludes a synthesis nobody heard" time="0.0004605">
        </testcase>
        <testcase classname="src/modules/channels/voice-livekit/call-report.test.ts" name="CallReport speech pace &gt; ignores a synthesis with no characters or no audio rather than scoring it zero" time="0.0005241">
        </testcase>
        <testcase classname="src/modules/channels/voice-livekit/call-report.test.ts" name="CallReport coach note &gt; is empty on a call that never injected one" time="0.0009251">
        </testcase>
        <testcase classname="src/modules/channels/voice-livekit/call-report.test.ts" name="CallReport coach note &gt; reports the median, the worst turn, and how much it grew across the call" time="0.0005976">
        </testcase>
        <testcase classname="src/modules/channels/voice-livekit/call-report.test.ts" name="CallReport coach note &gt; reports no growth from a single turn rather than inventing one" time="0.0002829">
        </testcase>
        <testcase classname="src/modules/channels/voice-livekit/call-report.test.ts" name="CallReport — reading a call back &gt; keeps the opening of each sentence that carried a pause" time="0.0004748">
        </testcase>
        <testcase classname="src/modules/channels/voice-livekit/call-report.test.ts" name="CallReport — reading a call back &gt; ignores an utterance too short for ms-per-character to mean anything" time="0.0009082">
        </testcase>
        <testcase classname="src/modules/channels/voice-livekit/call-report.test.ts" name="CallReport — reading a call back &gt; records how far the call got, without copying the lead into a third place" time="0.0071292">
        </testcase>
        <testcase classname="src/modules/channels/voice-livekit/call-report.test.ts" name="CallReport — reading a call back &gt; says nothing about the stage on a call that never ran the state machine" time="0.0007697">
        </testcase>
        <testcase classname="src/modules/channels/voice-livekit/call-report.test.ts" name="CallReport facts &gt; is null on a call that ran without fact memory, not an empty object" time="0.0006515">
        </testcase>
        <testcase classname="src/modules/channels/voice-livekit/call-report.test.ts" name="CallReport facts &gt; reports what she held against what she asked for" time="0.0014984">
        </testcase>
        <testcase classname="src/modules/channels/voice-livekit/call-report.test.ts" name="CallReport facts &gt; copies the snapshot rather than aliasing it" time="0.0004212">
        </testcase>
    </testsuite>
    <testsuite name="src/modules/channels/voice-livekit/call-state.test.ts" timestamp="2026-09-06T14:24:08.859Z" hostname="KorentzPC" tests="14" failures="0" errors="0" skipped="0" time="0.0151782">
        <testcase classname="src/modules/channels/voice-livekit/call-state.test.ts" name="CallStateMachine — stages &gt; starts in opening with an opening entry at 0" time="0.0034926">
        </testcase>
        <testcase classname="src/modules/channels/voice-livekit/call-state.test.ts" name="CallStateMachine — stages &gt; first user turn leaves the greeting → discovery" time="0.0007529">
        </testcase>
        <testcase classname="src/modules/channels/voice-livekit/call-state.test.ts" name="CallStateMachine — stages &gt; reaches qualifying after enough discovery turns (fallback signal)" time="0.0004089">
        </testcase>
        <testcase classname="src/modules/channels/voice-livekit/call-state.test.ts" name="CallStateMachine — stages &gt; a qualification read advances discovery→qualifying immediately" time="0.0004466">
        </testcase>
        <testcase classname="src/modules/channels/voice-livekit/call-state.test.ts" name="CallStateMachine — stages &gt; check_calendar → scheduling, book_meeting success → closing" time="0.0002831">
        </testcase>
        <testcase classname="src/modules/channels/voice-livekit/call-state.test.ts" name="CallStateMachine — stages &gt; end_call → terminal, and isTerminal reports it" time="0.0003465">
        </testcase>
        <testcase classname="src/modules/channels/voice-livekit/call-state.test.ts" name="CallStateMachine — stages &gt; is monotonic — a late signal never regresses the stage" time="0.0002483">
        </testcase>
        <testcase classname="src/modules/channels/voice-livekit/call-state.test.ts" name="CallStateMachine — stages &gt; a failed tool call does not advance the stage" time="0.000176">
        </testcase>
        <testcase classname="src/modules/channels/voice-livekit/call-state.test.ts" name="CallStateMachine — stages &gt; markTerminal forces terminal from anywhere" time="0.0002099">
        </testcase>
        <testcase classname="src/modules/channels/voice-livekit/call-state.test.ts" name="CallStateMachine — working memory &gt; merges captured facts and coalesces (a blank never erases a known value)" time="0.0004721">
        </testcase>
        <testcase classname="src/modules/channels/voice-livekit/call-state.test.ts" name="CallStateMachine — working memory &gt; exposes facts as a copy (callers cannot mutate internal state)" time="0.0002195">
        </testcase>
        <testcase classname="src/modules/channels/voice-livekit/call-state.test.ts" name="CallStateMachine — situations + serialize &gt; logs silence strikes, increments, and returns the running count" time="0.0031322">
        </testcase>
        <testcase classname="src/modules/channels/voice-livekit/call-state.test.ts" name="CallStateMachine — situations + serialize &gt; notes a situation with detail and a timestamp from the clock" time="0.0003967">
        </testcase>
        <testcase classname="src/modules/channels/voice-livekit/call-state.test.ts" name="CallStateMachine — situations + serialize &gt; serialize() carries final_stage, history, situations and working_memory" time="0.0014268">
        </testcase>
    </testsuite>
    <testsuite name="src/modules/channels/voice-livekit/call4-conclusions.test.ts" timestamp="2026-09-06T14:24:08.861Z" hostname="KorentzPC" tests="25" failures="0" errors="0" skipped="0" time="0.0511313">
        <testcase classname="src/modules/channels/voice-livekit/call4-conclusions.test.ts" name="conclusion 1 — the comprehension claim was reading the WRONG TURN &gt; every turn that got a wrong &quot;טוב, הבנתי&quot; is correctly refused when read fresh" time="0.0065271">
        </testcase>
        <testcase classname="src/modules/channels/voice-livekit/call4-conclusions.test.ts" name="conclusion 1 — the comprehension claim was reading the WRONG TURN &gt; …and the PREVIOUS turn in each case passes, which is exactly why they were spoken" time="0.0010717">
        </testcase>
        <testcase classname="src/modules/channels/voice-livekit/call4-conclusions.test.ts" name="conclusion 1 — the comprehension claim was reading the WRONG TURN &gt; the one that WAS earned still is — the fix removes four claims, not five" time="0.0003873">
        </testcase>
        <testcase classname="src/modules/channels/voice-livekit/call4-conclusions.test.ts" name="conclusion 1 — the comprehension claim was reading the WRONG TURN &gt; latestCallerText reads the turn the model is answering, not the one before it" time="0.0004581">
        </testcase>
        <testcase classname="src/modules/channels/voice-livekit/call4-conclusions.test.ts" name="conclusion 1 — the comprehension claim was reading the WRONG TURN &gt; degrades to null rather than throwing on a chat context it does not recognise" time="0.0005228">
        </testcase>
        <testcase classname="src/modules/channels/voice-livekit/call4-conclusions.test.ts" name="conclusion 12 — the opener is for a turn that needs the time it buys &gt; replays the whole call and keeps only the turns whose reply is long or complex" time="0.0011009">
        </testcase>
        <testcase classname="src/modules/channels/voice-livekit/call4-conclusions.test.ts" name="conclusion 12 — the opener is for a turn that needs the time it buys &gt; silences the three stray one-word agent turns that were whole committed messages" time="0.0003841">
        </testcase>
        <testcase classname="src/modules/channels/voice-livekit/call4-conclusions.test.ts" name="conclusion 12 — the opener is for a turn that needs the time it buys &gt; a question always needs one, however short it is" time="0.0003675">
        </testcase>
        <testcase classname="src/modules/channels/voice-livekit/call4-conclusions.test.ts" name="conclusion 12 — the opener is for a turn that needs the time it buys &gt; a missing caller turn keeps the receipt — a degradation restores what shipped" time="0.0002696">
        </testcase>
        <testcase classname="src/modules/channels/voice-livekit/call4-conclusions.test.ts" name="conclusion 12 — the opener is for a turn that needs the time it buys &gt; chooseTurnOpener falls silent, and does NOT spend a word from the deck" time="0.0005703">
        </testcase>
        <testcase classname="src/modules/channels/voice-livekit/call4-conclusions.test.ts" name="conclusion 12 — the opener is for a turn that needs the time it buys &gt; the switch OFF restores the every-turn receipt exactly" time="0.0013441">
        </testcase>
        <testcase classname="src/modules/channels/voice-livekit/call4-conclusions.test.ts" name="conclusion 12 — the opener is for a turn that needs the time it buys &gt; does not take a step away from the two branches Koren judged by ear" time="0.0005783">
        </testcase>
        <testcase classname="src/modules/channels/voice-livekit/call4-conclusions.test.ts" name="conclusion 12 — the opener is for a turn that needs the time it buys &gt; ACK_MIN_SHARE_WORDS is its own number, not ENGAGED_MIN_WORDS wearing a hat" time="0.0002205">
        </testcase>
        <testcase classname="src/modules/channels/voice-livekit/call4-conclusions.test.ts" name="conclusion 6 — one question per reply, enforced &gt; drops the second of the two double questions she actually asked" time="0.0157155">
            <system-out>
speech_guard {&quot;note&quot;:&quot;stripped model-emitted niqqud (unverified pointing is unreliable on Cartesia)&quot;,&quot;said&quot;:&quot;ומה הכי היית רוצֶה לשפר שם?&quot;}
speech_guard {&quot;note&quot;:&quot;dropped the second question in one reply (one question per turn)&quot;,&quot;said&quot;:&quot;ומה הכי היית רוצֶה לשפר שם?&quot;}

            </system-out>
        </testcase>
        <testcase classname="src/modules/channels/voice-livekit/call4-conclusions.test.ts" name="conclusion 6 — one question per reply, enforced &gt; keeps a statement that happens to sit between two questions" time="0.0023881">
            <system-out>
speech_guard {&quot;note&quot;:&quot;stripped model-emitted niqqud (unverified pointing is unreliable on Cartesia)&quot;,&quot;said&quot;:&quot;כמה זמן לוקח לךָ לחזור לפנייה?&quot;}

speech_guard {&quot;note&quot;:&quot;stripped model-emitted niqqud (unverified pointing is unreliable on Cartesia)&quot;,&quot;said&quot;:&quot;ומה היית רוצֶה לשפר?&quot;}
speech_guard {&quot;note&quot;:&quot;dropped the second question in one reply (one question per turn)&quot;,&quot;said&quot;:&quot;ומה היית רוצֶה לשפר?&quot;}

            </system-out>
        </testcase>
        <testcase classname="src/modules/channels/voice-livekit/call4-conclusions.test.ts" name="conclusion 6 — one question per reply, enforced &gt; leaves the either/or form alone — one sentence, one mark, and he approved it" time="0.0014222">
            <system-out>
speech_guard {&quot;note&quot;:&quot;stripped model-emitted niqqud (unverified pointing is unreliable on Cartesia)&quot;,&quot;said&quot;:&quot;מתי הכי נוֹחַ לךָ — בבוקר, או אחר הצהריים?&quot;}

            </system-out>
        </testcase>
        <testcase classname="src/modules/channels/voice-livekit/call4-conclusions.test.ts" name="conclusion 6 — one question per reply, enforced &gt; the switch OFF speaks both, as on 2026-08-31" time="0.0017026">
            <system-out>
speech_guard {&quot;note&quot;:&quot;stripped model-emitted niqqud (unverified pointing is unreliable on Cartesia)&quot;,&quot;said&quot;:&quot;ומה היית רוצֶה לשפר שם?&quot;}

            </system-out>
        </testcase>
        <testcase classname="src/modules/channels/voice-livekit/call4-conclusions.test.ts" name="conclusion 6 — one question per reply, enforced &gt; the counter is PER REPLY — the next reply may ask again" time="0.0022223">
            <system-out>
speech_guard {&quot;note&quot;:&quot;stripped model-emitted niqqud (unverified pointing is unreliable on Cartesia)&quot;,&quot;said&quot;:&quot;ומה הכי מציק לךָ?&quot;}
speech_guard {&quot;note&quot;:&quot;dropped the second question in one reply (one question per turn)&quot;,&quot;said&quot;:&quot;ומה הכי מציק לךָ?&quot;}

speech_guard {&quot;note&quot;:&quot;stripped model-emitted niqqud (unverified pointing is unreliable on Cartesia)&quot;,&quot;said&quot;:&quot;ומה הכי מציק לךָ?&quot;}

            </system-out>
        </testcase>
        <testcase classname="src/modules/channels/voice-livekit/call4-conclusions.test.ts" name="conclusion 6 — one question per reply, enforced &gt; isQuestionSentence reads the mark, not the grammar" time="0.0003782">
        </testcase>
        <testcase classname="src/modules/channels/voice-livekit/call4-conclusions.test.ts" name="conclusion 8 — she never narrates her own configuration &gt; drops the two sentences she actually said on the call" time="0.000692">
        </testcase>
        <testcase classname="src/modules/channels/voice-livekit/call4-conclusions.test.ts" name="conclusion 8 — she never narrates her own configuration &gt; drops the self-critique she volunteered on the 16:51 call" time="0.0003704">
        </testcase>
        <testcase classname="src/modules/channels/voice-livekit/call4-conclusions.test.ts" name="conclusion 8 — she never narrates her own configuration &gt; catches the instruction quoted back at the caller, and the configuration named" time="0.0031343">
        </testcase>
        <testcase classname="src/modules/channels/voice-livekit/call4-conclusions.test.ts" name="conclusion 8 — she never narrates her own configuration &gt; does NOT touch honesty about being an AI — that is a fact, not a prompt leak" time="0.0014956">
        </testcase>
        <testcase classname="src/modules/channels/voice-livekit/call4-conclusions.test.ts" name="conclusion 8 — she never narrates her own configuration &gt; does not touch an ordinary sentence about the PRODUCT or about the call" time="0.0018297">
        </testcase>
        <testcase classname="src/modules/channels/voice-livekit/call4-conclusions.test.ts" name="conclusion 8 — she never narrates her own configuration &gt; the switch OFF speaks it, exactly as on 2026-08-31" time="0.0005159">
        </testcase>
    </testsuite>
    <testsuite name="src/modules/channels/voice-livekit/call5-defects.test.ts" timestamp="2026-09-06T14:24:08.866Z" hostname="KorentzPC" tests="27" failures="0" errors="0" skipped="0" time="0.05184">
        <testcase classname="src/modules/channels/voice-livekit/call5-defects.test.ts" name="defect 1 — the counter that read ZERO through three identical openings &gt; replays 205/209/212s and the report now SEES it" time="0.008624">
        </testcase>
        <testcase classname="src/modules/channels/voice-livekit/call5-defects.test.ts" name="defect 1 — the counter that read ZERO through three identical openings &gt; the OLD test — exact string equality — is still zero on the same three replies" time="0.0004785">
        </testcase>
        <testcase classname="src/modules/channels/voice-livekit/call5-defects.test.ts" name="defect 1 — the counter that read ZERO through three identical openings &gt; strips the injected acknowledgement before comparing — it is our token, not hers" time="0.0016214">
        </testcase>
        <testcase classname="src/modules/channels/voice-livekit/call5-defects.test.ts" name="defect 1 — the counter that read ZERO through three identical openings &gt; a restart is not &quot;one is a prefix of the other&quot; — 209 and 212 diverge at the last word" time="0.0012261">
        </testcase>
        <testcase classname="src/modules/channels/voice-livekit/call5-defects.test.ts" name="defect 1 — the counter that read ZERO through three identical openings &gt; does not call two replies that merely OPEN alike a restart — that is a repeated phrase" time="0.0003889">
        </testcase>
        <testcase classname="src/modules/channels/voice-livekit/call5-defects.test.ts" name="defect 1 — the counter that read ZERO through three identical openings &gt; needs real shared text — a couple of words in common is not a restart" time="0.0006186">
        </testcase>
        <testcase classname="src/modules/channels/voice-livekit/call5-defects.test.ts" name="defect 1 + 4 — one sentence, spoken once &gt; the restarted empathy opener is spoken once and then suppressed" time="0.0167319">
            <system-out>
speech_guard {&quot;note&quot;:&quot;suppressed a sentence she had already said on this call&quot;,&quot;said&quot;:&quot;זה חשש הגיוני, והרבה בעלי עסקים שואלים את זה בדיוק ככה.&quot;}

            </system-out>
        </testcase>
        <testcase classname="src/modules/channels/voice-livekit/call5-defects.test.ts" name="defect 1 + 4 — one sentence, spoken once &gt; the two booking apologies become one — their second halves were word-for-word identical" time="0.0021072">
            <system-out>
speech_guard {&quot;note&quot;:&quot;suppressed a sentence she had already said on this call&quot;,&quot;said&quot;:&quot;אני אעביר את זה לצוות שלנו והם יחזרו אליךָ לתיאום מדויק.&quot;}

            </system-out>
        </testcase>
        <testcase classname="src/modules/channels/voice-livekit/call5-defects.test.ts" name="defect 1 + 4 — one sentence, spoken once &gt; never goes silent: a reply that is ENTIRELY a repeat is spoken rather than dropped" time="0.0021451">
            <system-out>
speech_guard {&quot;note&quot;:&quot;suppressed a sentence she had already said on this call&quot;,&quot;said&quot;:&quot;אני אעביר את זה לצוות שלנו והם יחזרו אליךָ לתיאום מדויק.&quot;}

speech_guard {&quot;note&quot;:&quot;the whole reply was a repeat — speaking it rather than going silent&quot;,&quot;said&quot;:&quot;אני אעביר את זה לצוות שלנו והם יחזרו אליךָ לתיאום מדויק.&quot;}

            </system-out>
        </testcase>
        <testcase classname="src/modules/channels/voice-livekit/call5-defects.test.ts" name="defect 1 + 4 — one sentence, spoken once &gt; leaves her short reactions alone — repeating &quot;בסדר.&quot; is speech, not repetition" time="0.0013923">
        </testcase>
        <testcase classname="src/modules/channels/voice-livekit/call5-defects.test.ts" name="defect 1 + 4 — one sentence, spoken once &gt; gives him the repeat when he ASKS for it" time="0.0008891">
        </testcase>
        <testcase classname="src/modules/channels/voice-livekit/call5-defects.test.ts" name="defect 1 + 4 — one sentence, spoken once &gt; forgets a sentence once it is out of the window" time="0.0002965">
        </testcase>
        <testcase classname="src/modules/channels/voice-livekit/call5-defects.test.ts" name="defect 2 — the scheduling loop: he answered, and she asked again &gt; replays 161-293s and knows he has answered by the time she asks the third time" time="0.0044646">
        </testcase>
        <testcase classname="src/modules/channels/voice-livekit/call5-defects.test.ts" name="defect 2 — the scheduling loop: he answered, and she asked again &gt; records the day, the part of the day and the hour he actually named" time="0.0006163">
        </testcase>
        <testcase classname="src/modules/channels/voice-livekit/call5-defects.test.ts" name="defect 2 — the scheduling loop: he answered, and she asked again &gt; counts HER asks, so the note can say how many times he has been asked" time="0.0004408">
        </testcase>
        <testcase classname="src/modules/channels/voice-livekit/call5-defects.test.ts" name="defect 2 — the scheduling loop: he answered, and she asked again &gt; does NOT read an incidental &quot;מחר&quot; as a booking preference before scheduling starts" time="0.0005247">
        </testcase>
        <testcase classname="src/modules/channels/voice-livekit/call5-defects.test.ts" name="defect 2 — the scheduling loop: he answered, and she asked again &gt; does not double-count the preemptive-draft echo of one ask" time="0.000246">
        </testcase>
        <testcase classname="src/modules/channels/voice-livekit/call5-defects.test.ts" name="defect 3 — she accepted the ending and reversed it eleven seconds later &gt; rewrites the 320s sentence into the question the end-call gate already asks" time="0.0004667">
        </testcase>
        <testcase classname="src/modules/channels/voice-livekit/call5-defects.test.ts" name="defect 3 — she accepted the ending and reversed it eleven seconds later &gt; catches the shapes she reaches for, and leaves a farewell alone" time="0.0004338">
        </testcase>
        <testcase classname="src/modules/channels/voice-livekit/call5-defects.test.ts" name="defect 3 — she accepted the ending and reversed it eleven seconds later &gt; says nothing once the ending is REAL — a booked call may close itself" time="0.0004689">
        </testcase>
        <testcase classname="src/modules/channels/voice-livekit/call5-defects.test.ts" name="defect 3 — she accepted the ending and reversed it eleven seconds later &gt; OFF restores the 2026-09-01 sentence exactly" time="0.000413">
        </testcase>
        <testcase classname="src/modules/channels/voice-livekit/call5-defects.test.ts" name="defect 5 — אחלה inside a claim about the product &gt; rewrites the sentence she actually said on the 09:43 call" time="0.0001692">
        </testcase>
        <testcase classname="src/modules/channels/voice-livekit/call5-defects.test.ts" name="defect 5 — אחלה inside a claim about the product &gt; leaves slang for RAPPORT alone — an arrangement is not a product claim" time="0.0003474">
        </testcase>
        <testcase classname="src/modules/channels/voice-livekit/call5-defects.test.ts" name="defect 5 — אחלה inside a claim about the product &gt; is wired into guardSpeech and reported" time="0.0003322">
        </testcase>
        <testcase classname="src/modules/channels/voice-livekit/call5-defects.test.ts" name="defect 5 — אחלה inside a claim about the product &gt; OFF restores the 2026-09-01 wording exactly" time="0.0002304">
        </testcase>
        <testcase classname="src/modules/channels/voice-livekit/call5-defects.test.ts" name="defect 7 — the fragmentation instrument, before anyone touches the threshold &gt; measures the pause INSIDE each chopped thought, and drops the impossible ones" time="0.0014187">
        </testcase>
        <testcase classname="src/modules/channels/voice-livekit/call5-defects.test.ts" name="defect 7 — the fragmentation instrument, before anyone touches the threshold &gt; reports nulls rather than a fabricated zero when nothing was measurable" time="0.000947">
        </testcase>
    </testsuite>
    <testsuite name="src/modules/channels/voice-livekit/coach-note.test.ts" timestamp="2026-09-06T14:24:08.872Z" hostname="KorentzPC" tests="5" failures="0" errors="0" skipped="0" time="0.0142235">
        <testcase classname="src/modules/channels/voice-livekit/coach-note.test.ts" name="coach note — every registered producer reaches the model &gt; joins every id in COACH_NOTE_ORDER, in that order" time="0.0049779">
        </testcase>
        <testcase classname="src/modules/channels/voice-livekit/coach-note.test.ts" name="coach note — every registered producer reaches the model &gt; the registry has no duplicates — one line per producer per turn" time="0.0004739">
        </testcase>
        <testcase classname="src/modules/channels/voice-livekit/coach-note.test.ts" name="coach note — every registered producer reaches the model &gt; the spoken-register nudge is one of them — it was not, for three days" time="0.0016192">
        </testcase>
        <testcase classname="src/modules/channels/voice-livekit/coach-note.test.ts" name="coach note — every registered producer reaches the model &gt; a producer that is switched off costs nothing and shifts nobody" time="0.000462">
        </testcase>
        <testcase classname="src/modules/channels/voice-livekit/coach-note.test.ts" name="coach note — every registered producer reaches the model &gt; one producer throwing does not take the others with it" time="0.0035024">
        </testcase>
    </testsuite>
    <testsuite name="src/modules/channels/voice-livekit/db-probe.test.ts" timestamp="2026-09-06T14:24:08.873Z" hostname="KorentzPC" tests="5" failures="0" errors="0" skipped="0" time="0.0169672">
        <testcase classname="src/modules/channels/voice-livekit/db-probe.test.ts" name="probeDatabase &gt; reports success with the host, so the logs answer &quot;which database is this&quot;" time="0.0076453">
        </testcase>
        <testcase classname="src/modules/channels/voice-livekit/db-probe.test.ts" name="probeDatabase &gt; does NOT throw when the database is unreachable" time="0.0025144">
        </testcase>
        <testcase classname="src/modules/channels/voice-livekit/db-probe.test.ts" name="probeDatabase &gt; says what broke, what it costs, and how to fix it" time="0.0015382">
        </testcase>
        <testcase classname="src/modules/channels/voice-livekit/db-probe.test.ts" name="probeDatabase &gt; survives a malformed DATABASE_URL rather than throwing on the URL parse" time="0.0012901">
        </testcase>
        <testcase classname="src/modules/channels/voice-livekit/db-probe.test.ts" name="probeDatabase &gt; releases the pool on both paths, so probing never leaks a connection" time="0.0009025">
        </testcase>
    </testsuite>
    <testsuite name="src/modules/channels/voice-livekit/dictation.test.ts" timestamp="2026-09-06T14:24:08.875Z" hostname="KorentzPC" tests="10" failures="0" errors="0" skipped="0" time="0.0121537">
        <testcase classname="src/modules/channels/voice-livekit/dictation.test.ts" name="isDictationTurn — is the caller reading something out? &gt; catches the turn that produced the bug — a phone number left hanging" time="0.0028181">
        </testcase>
        <testcase classname="src/modules/channels/voice-livekit/dictation.test.ts" name="isDictationTurn — is the caller reading something out? &gt; catches a whole number said in one go, however it is grouped" time="0.0005187">
        </testcase>
        <testcase classname="src/modules/channels/voice-livekit/dictation.test.ts" name="isDictationTurn — is the caller reading something out? &gt; catches an email said the way Israelis say one on the phone" time="0.0013548">
        </testcase>
        <testcase classname="src/modules/channels/voice-livekit/dictation.test.ts" name="isDictationTurn — is the caller reading something out? &gt; catches letters being spelled out" time="0.0006636">
        </testcase>
        <testcase classname="src/modules/channels/voice-livekit/dictation.test.ts" name="isDictationTurn — is the caller reading something out? &gt; leaves ordinary conversation alone — a nod there would be the new bug" time="0.0007412">
        </testcase>
        <testcase classname="src/modules/channels/voice-livekit/dictation.test.ts" name="isDictationTurn — is the caller reading something out? &gt; never nods through a QUESTION, even one full of digits" time="0.0003376">
        </testcase>
        <testcase classname="src/modules/channels/voice-livekit/dictation.test.ts" name="isDictationTurn — is the caller reading something out? &gt; is false for nothing at all — the first turn of a call has no previous utterance" time="0.0003172">
        </testcase>
        <testcase classname="src/modules/channels/voice-livekit/dictation.test.ts" name="isDictationTurn — is the caller reading something out? &gt; every nod is short and none of them is a sentence" time="0.0004468">
        </testcase>
        <testcase classname="src/modules/channels/voice-livekit/dictation.test.ts" name="isDictationTurn — is the caller reading something out? &gt; THE BANK IS HIS, VERBATIM — round-11 card `n1`, options C, F and L" time="0.0013747">
        </testcase>
        <testcase classname="src/modules/channels/voice-livekit/dictation.test.ts" name="isDictationTurn — is the caller reading something out? &gt; a nod is never a receipt — except the ONE he chose to be both, deliberately" time="0.0009516">
        </testcase>
    </testsuite>
    <testsuite name="src/modules/channels/voice-livekit/email-dictation.test.ts" timestamp="2026-09-06T14:24:08.877Z" hostname="KorentzPC" tests="24" failures="0" errors="0" skipped="0" time="0.0190517">
        <testcase classname="src/modules/channels/voice-livekit/email-dictation.test.ts" name="spelledLetters — the stitching claim &gt; pulls a dashed run in order" time="0.0034725">
        </testcase>
        <testcase classname="src/modules/channels/voice-livekit/email-dictation.test.ts" name="spelledLetters — the stitching claim &gt; pulls a run the STT punctuated as sentences — &quot;K. A-F.&quot;" time="0.0006674">
        </testcase>
        <testcase classname="src/modules/channels/voice-livekit/email-dictation.test.ts" name="spelledLetters — the stitching claim &gt; reads letters out of a turn that also carries the spoken domain" time="0.0003702">
        </testcase>
        <testcase classname="src/modules/channels/voice-livekit/email-dictation.test.ts" name="spelledLetters — the stitching claim &gt; is NOT fooled by ordinary code-switching — &quot;AI&quot; and &quot;CRM&quot; are words, not spelling" time="0.0003607">
        </testcase>
        <testcase classname="src/modules/channels/voice-livekit/email-dictation.test.ts" name="spokenDomain &gt; resolves the Hebrew furniture — ג&apos;ימייל נקודה קום" time="0.0005984">
        </testcase>
        <testcase classname="src/modules/channels/voice-livekit/email-dictation.test.ts" name="spokenDomain &gt; resolves the English form too, because Soniox produces both" time="0.0003181">
        </testcase>
        <testcase classname="src/modules/channels/voice-livekit/email-dictation.test.ts" name="spokenDomain &gt; says nothing when no domain was named" time="0.0004235">
        </testcase>
        <testcase classname="src/modules/channels/voice-livekit/email-dictation.test.ts" name="readbackCandidate — what she just proposed out loud &gt; reads a written address" time="0.0003976">
        </testcase>
        <testcase classname="src/modules/channels/voice-livekit/email-dictation.test.ts" name="readbackCandidate — what she just proposed out loud &gt; reads a SPELLED address with the English &quot;at&quot;" time="0.0005784">
        </testcase>
        <testcase classname="src/modules/channels/voice-livekit/email-dictation.test.ts" name="readbackCandidate — what she just proposed out loud &gt; reads a SPELLED address with the Hebrew prefix and no &quot;at&quot; at all" time="0.0003799">
        </testcase>
        <testcase classname="src/modules/channels/voice-livekit/email-dictation.test.ts" name="readbackCandidate — what she just proposed out loud &gt; finds nothing in an ordinary sentence, or in a phone-number read-back" time="0.0001858">
        </testcase>
        <testcase classname="src/modules/channels/voice-livekit/email-dictation.test.ts" name="readbackCandidate — what she just proposed out loud &gt; is not fooled by a PROGRESS report on a partial spelling — she is not proposing an address" time="0.0002956">
        </testcase>
        <testcase classname="src/modules/channels/voice-livekit/email-dictation.test.ts" name="EmailDictation — replaying the call that lost the booking &gt; records the value the lead contradicted, and reports it to the caller of observeCallerUtterance" time="0.0012654">
        </testcase>
        <testcase classname="src/modules/channels/voice-livekit/email-dictation.test.ts" name="EmailDictation — replaying the call that lost the booking &gt; stitches the letters he spelled across three separate turns into one ordered run" time="0.0013691">
        </testcase>
        <testcase classname="src/modules/channels/voice-livekit/email-dictation.test.ts" name="EmailDictation — replaying the call that lost the booking &gt; resolves the domain and keeps the rejection across the rest of the exchange" time="0.0004995">
        </testcase>
        <testcase classname="src/modules/channels/voice-livekit/email-dictation.test.ts" name="EmailDictation — replaying the call that lost the booking &gt; the note names the rejected value and the stitched letters" time="0.0006747">
        </testcase>
        <testcase classname="src/modules/channels/voice-livekit/email-dictation.test.ts" name="EmailDictation — replaying the call that lost the booking &gt; the note asks for the ENGLISH-letter read-back the prompt asks for, not the old Hebrew one" time="0.0006454">
        </testcase>
        <testcase classname="src/modules/channels/voice-livekit/email-dictation.test.ts" name="EmailDictation — replaying the call that lost the booking &gt; a rejection RESETS the letter buffer — the wrong reading must not concatenate onto the right one" time="0.0003513">
        </testcase>
        <testcase classname="src/modules/channels/voice-livekit/email-dictation.test.ts" name="EmailDictation — the bounds that keep a stateful classifier from getting stuck &gt; collects nothing until she has asked for the email" time="0.0013844">
        </testcase>
        <testcase classname="src/modules/channels/voice-livekit/email-dictation.test.ts" name="EmailDictation — the bounds that keep a stateful classifier from getting stuck &gt; stops collecting once he confirms the read-back" time="0.0004052">
        </testcase>
        <testcase classname="src/modules/channels/voice-livekit/email-dictation.test.ts" name="EmailDictation — the bounds that keep a stateful classifier from getting stuck &gt; does not read &quot;לא, תמשיכי&quot; as a rejection — a false rejection would bin a confirmed value" time="0.0002135">
        </testcase>
        <testcase classname="src/modules/channels/voice-livekit/email-dictation.test.ts" name="EmailDictation — the bounds that keep a stateful classifier from getting stuck &gt; ignores the preemptive-draft echo — the same committed line arrives twice" time="0.0002116">
        </testcase>
        <testcase classname="src/modules/channels/voice-livekit/email-dictation.test.ts" name="EmailDictation — the bounds that keep a stateful classifier from getting stuck &gt; takes a LONE letter turn while collecting — &quot;S.&quot; on its own is the endpointer, not a word" time="0.0002495">
        </testcase>
        <testcase classname="src/modules/channels/voice-livekit/email-dictation.test.ts" name="EmailDictation — the bounds that keep a stateful classifier from getting stuck &gt; holds at most MAX_LETTERS, so a stuck collector can never grow without bound" time="0.0004884">
        </testcase>
    </testsuite>
    <testsuite name="src/modules/channels/voice-livekit/end-call-gate.test.ts" timestamp="2026-09-06T14:24:08.881Z" hostname="KorentzPC" tests="13" failures="0" errors="0" skipped="0" time="0.0180618">
        <testcase classname="src/modules/channels/voice-livekit/end-call-gate.test.ts" name="the 260-second hang-up cannot happen again &gt; refuses end_call(not_qualified) on the real 19:54 sequence, and says what to ask instead" time="0.0069489">
        </testcase>
        <testcase classname="src/modules/channels/voice-livekit/end-call-gate.test.ts" name="the 260-second hang-up cannot happen again &gt; the echo test catches it too, independently of the overlap" time="0.0018722">
        </testcase>
        <testcase classname="src/modules/channels/voice-livekit/end-call-gate.test.ts" name="the 260-second hang-up cannot happen again &gt; and a third condition catches it even with neither: he never said no" time="0.0004339">
        </testcase>
        <testcase classname="src/modules/channels/voice-livekit/end-call-gate.test.ts" name="what the gate must never block &gt; opt_out fires immediately — it is a legal instruction, not a sales judgement" time="0.0003186">
        </testcase>
        <testcase classname="src/modules/channels/voice-livekit/end-call-gate.test.ts" name="what the gate must never block &gt; every reason the caller himself chose passes untouched" time="0.0019065">
        </testcase>
        <testcase classname="src/modules/channels/voice-livekit/end-call-gate.test.ts" name="what the gate must never block &gt; a caller who says he is done gets off the phone on the first attempt" time="0.0014452">
        </testcase>
        <testcase classname="src/modules/channels/voice-livekit/end-call-gate.test.ts" name="what the gate must never block &gt; never traps anybody — the gate stops refusing after MAX_REFUSALS" time="0.0004711">
        </testcase>
        <testcase classname="src/modules/channels/voice-livekit/end-call-gate.test.ts" name="what the gate must never block &gt; once she has asked and he answered without talking over her, the answer stands" time="0.0003382">
        </testcase>
        <testcase classname="src/modules/channels/voice-livekit/end-call-gate.test.ts" name="what the gate must never block &gt; a call where the lead never spoke is not this gate’s business" time="0.000223">
        </testcase>
        <testcase classname="src/modules/channels/voice-livekit/end-call-gate.test.ts" name="the two crude tests, at their edges &gt; &quot;לא&quot; alone is never a decline — it answers whatever she asked" time="0.0004319">
        </testcase>
        <testcase classname="src/modules/channels/voice-livekit/end-call-gate.test.ts" name="the two crude tests, at their edges &gt; an echo needs two content words, so a bare backchannel is never called one" time="0.0003202">
        </testcase>
        <testcase classname="src/modules/channels/voice-livekit/end-call-gate.test.ts" name="the two crude tests, at their edges &gt; a real answer that happens to reuse one of her words is not an echo" time="0.0002684">
        </testcase>
        <testcase classname="src/modules/channels/voice-livekit/end-call-gate.test.ts" name="the two crude tests, at their edges &gt; niqqud does not hide an echo — לךָ and לך are one word" time="0.0001804">
        </testcase>
    </testsuite>
    <testsuite name="src/modules/channels/voice-livekit/engagement.test.ts" timestamp="2026-09-06T14:24:08.884Z" hostname="KorentzPC" tests="21" failures="0" errors="0" skipped="0" time="0.0174565">
        <testcase classname="src/modules/channels/voice-livekit/engagement.test.ts" name="callerSharedSubstance — did he actually tell her something? &gt; YES for the most substantive thing the caller said all call" time="0.0054625">
        </testcase>
        <testcase classname="src/modules/channels/voice-livekit/engagement.test.ts" name="callerSharedSubstance — did he actually tell her something? &gt; YES for a long, real answer" time="0.0007092">
        </testcase>
        <testcase classname="src/modules/channels/voice-livekit/engagement.test.ts" name="callerSharedSubstance — did he actually tell her something? &gt; NO for a one-word answer — the &quot;טוב, הבנתי&quot; after &quot;מחר.&quot; is the whole complaint" time="0.000486">
        </testcase>
        <testcase classname="src/modules/channels/voice-livekit/engagement.test.ts" name="callerSharedSubstance — did he actually tell her something? &gt; NO for a question, however long — he is waiting for an ANSWER" time="0.0003233">
        </testcase>
        <testcase classname="src/modules/channels/voice-livekit/engagement.test.ts" name="callerSharedSubstance — did he actually tell her something? &gt; NO for a backchannel, even a repeated one" time="0.0005819">
        </testcase>
        <testcase classname="src/modules/channels/voice-livekit/engagement.test.ts" name="callerSharedSubstance — did he actually tell her something? &gt; NO for nothing at all" time="0.000924">
        </testcase>
        <testcase classname="src/modules/channels/voice-livekit/engagement.test.ts" name="callerSharedSubstance — did he actually tell her something? &gt; counts spoken digits as words — reading a number out loud IS talking" time="0.0002946">
        </testcase>
        <testcase classname="src/modules/channels/voice-livekit/engagement.test.ts" name="EngagementTracker — how much is he giving her? &gt; claims nothing until he has actually spoken a few times" time="0.0006453">
        </testcase>
        <testcase classname="src/modules/channels/voice-livekit/engagement.test.ts" name="EngagementTracker — how much is he giving her? &gt; THE 2026-08-31 CALLER, first half: short answers → mandatory questions only" time="0.0007473">
        </testcase>
        <testcase classname="src/modules/channels/voice-livekit/engagement.test.ts" name="EngagementTracker — how much is he giving her? &gt; a caller who tells stories unlocks the optional questions" time="0.0005116">
        </testcase>
        <testcase classname="src/modules/channels/voice-livekit/engagement.test.ts" name="EngagementTracker — how much is he giving her? &gt; speaks ONCE per level, not once per turn — the tail must not churn" time="0.0005144">
        </testcase>
        <testcase classname="src/modules/channels/voice-livekit/engagement.test.ts" name="EngagementTracker — how much is he giving her? &gt; follows a caller who warms up halfway through the call" time="0.0003236">
        </testcase>
        <testcase classname="src/modules/channels/voice-livekit/engagement.test.ts" name="EngagementTracker — how much is he giving her? &gt; only the last few turns count — the window is what makes it follow him" time="0.0003513">
        </testcase>
        <testcase classname="src/modules/channels/voice-livekit/engagement.test.ts" name="EngagementTracker — how much is he giving her? &gt; ignores an empty turn rather than counting it as a silent one" time="0.0003093">
        </testcase>
        <testcase classname="src/modules/channels/voice-livekit/engagement.test.ts" name="EngagementTracker — how much is he giving her? &gt; a sentence Soniox split into three is ONE turn, not three short ones" time="0.0002059">
        </testcase>
        <testcase classname="src/modules/channels/voice-livekit/engagement.test.ts" name="EngagementTracker — how much is he giving her? &gt; the whole talkative scenario reads as ENGAGED once fragments are coalesced" time="0.0003837">
        </testcase>
        <testcase classname="src/modules/channels/voice-livekit/engagement.test.ts" name="EngagementTracker — how much is he giving her? &gt; without a reply between them, items keep extending the same turn" time="0.0002521">
        </testcase>
        <testcase classname="src/modules/channels/voice-livekit/engagement.test.ts" name="callerTurnAwaitsAnswer — round 19, the receipt goes when he ASKED &gt; is true for the three caller turns Koren judged on the 10:53 call" time="0.0002552">
        </testcase>
        <testcase classname="src/modules/channels/voice-livekit/engagement.test.ts" name="callerTurnAwaitsAnswer — round 19, the receipt goes when he ASKED &gt; is false when he is telling her something, so the receipt stays" time="0.0001346">
        </testcase>
        <testcase classname="src/modules/channels/voice-livekit/engagement.test.ts" name="callerTurnAwaitsAnswer — round 19, the receipt goes when he ASKED &gt; a turn it cannot read keeps the receipt — the safe direction is the old behaviour" time="0.0003114">
        </testcase>
        <testcase classname="src/modules/channels/voice-livekit/engagement.test.ts" name="callerTurnAwaitsAnswer — round 19, the receipt goes when he ASKED &gt; disagrees with callerTurnNeedsThinkingTime on a question, which is the whole point" time="0.0003692">
        </testcase>
    </testsuite>
    <testsuite name="src/modules/channels/voice-livekit/fact-memory.test.ts" timestamp="2026-09-06T14:24:08.888Z" hostname="KorentzPC" tests="34" failures="0" errors="0" skipped="0" time="0.0284968">
        <testcase classname="src/modules/channels/voice-livekit/fact-memory.test.ts" name="FactMemory — counting what she already asked &gt; counts the three real name-asks from the 2026-08-29 call, in her own varied phrasings" time="0.0059886">
        </testcase>
        <testcase classname="src/modules/channels/voice-livekit/fact-memory.test.ts" name="FactMemory — counting what she already asked &gt; one utterance that matches two patterns is still ONE ask" time="0.0006177">
        </testcase>
        <testcase classname="src/modules/channels/voice-livekit/fact-memory.test.ts" name="FactMemory — counting what she already asked &gt; ignores the preemptive-draft echo — the same utterance twice inside 20s counts once" time="0.0004879">
        </testcase>
        <testcase classname="src/modules/channels/voice-livekit/fact-memory.test.ts" name="FactMemory — counting what she already asked &gt; does not read a sentence that merely USES his name as a question about it" time="0.0008665">
        </testcase>
        <testcase classname="src/modules/channels/voice-livekit/fact-memory.test.ts" name="FactMemory — counting what she already asked &gt; tracks phone and email asks separately" time="0.0009376">
        </testcase>
        <testcase classname="src/modules/channels/voice-livekit/fact-memory.test.ts" name="FactMemory — the note &gt; is null on a call where nothing is known and nothing was asked twice" time="0.0007334">
        </testcase>
        <testcase classname="src/modules/channels/voice-livekit/fact-memory.test.ts" name="FactMemory — the note &gt; names the established facts and forbids re-asking" time="0.0006729">
        </testcase>
        <testcase classname="src/modules/channels/voice-livekit/fact-memory.test.ts" name="FactMemory — the note &gt; tells her to stop after the ask limit on a fact she still does not have" time="0.0004087">
        </testcase>
        <testcase classname="src/modules/channels/voice-livekit/fact-memory.test.ts" name="FactMemory — the note &gt; the exhaustion note never licenses ending the call — the 16:51 replay" time="0.0011079">
        </testcase>
        <testcase classname="src/modules/channels/voice-livekit/fact-memory.test.ts" name="FactMemory — the note &gt; stops nagging about a fact she asked for and then GOT" time="0.0005286">
        </testcase>
        <testcase classname="src/modules/channels/voice-livekit/fact-memory.test.ts" name="FactMemory — the note &gt; a blank value never erases an established fact" time="0.0002848">
        </testcase>
        <testcase classname="src/modules/channels/voice-livekit/fact-memory.test.ts" name="FactMemory.guardIdentity — established beats offered &gt; THE BUG: a bare noun from a garbled turn cannot rename an identified lead" time="0.0019821">
        </testcase>
        <testcase classname="src/modules/channels/voice-livekit/fact-memory.test.ts" name="FactMemory.guardIdentity — established beats offered &gt; an EXPLICIT correction replaces it, and the new value becomes the protected one" time="0.0018287">
        </testcase>
        <testcase classname="src/modules/channels/voice-livekit/fact-memory.test.ts" name="FactMemory.guardIdentity — established beats offered &gt; ENRICHMENT is not a rename: a surname added to a first name is accepted" time="0.0002968">
        </testcase>
        <testcase classname="src/modules/channels/voice-livekit/fact-memory.test.ts" name="FactMemory.guardIdentity — established beats offered &gt; shortening a full name back to the first name is not a rename either" time="0.0002549">
        </testcase>
        <testcase classname="src/modules/channels/voice-livekit/fact-memory.test.ts" name="FactMemory.guardIdentity — established beats offered &gt; the same name in different punctuation/niqqud is the same name" time="0.0001818">
        </testcase>
        <testcase classname="src/modules/channels/voice-livekit/fact-memory.test.ts" name="FactMemory.guardIdentity — established beats offered &gt; protects phone and email the same way, and email case is not a change" time="0.0005682">
        </testcase>
        <testcase classname="src/modules/channels/voice-livekit/fact-memory.test.ts" name="FactMemory.guardIdentity — established beats offered &gt; a first value is always accepted — setting is cheap, replacing is not" time="0.0003046">
        </testcase>
        <testcase classname="src/modules/channels/voice-livekit/fact-memory.test.ts" name="FactMemory.guardIdentity — established beats offered &gt; blank and absent values are not offers — they never refuse and never establish" time="0.0004675">
        </testcase>
        <testcase classname="src/modules/channels/voice-livekit/fact-memory.test.ts" name="FactMemory — she introduces herself once &gt; starts having introduced nobody" time="0.0002599">
        </testcase>
        <testcase classname="src/modules/channels/voice-livekit/fact-memory.test.ts" name="FactMemory — she introduces herself once &gt; latches on the greeting she actually spoke — the 35s line" time="0.0003638">
        </testcase>
        <testcase classname="src/modules/channels/voice-livekit/fact-memory.test.ts" name="FactMemory — she introduces herself once &gt; latches on נעים להכיר too — she does not always use the same words" time="0.0002898">
        </testcase>
        <testcase classname="src/modules/channels/voice-livekit/fact-memory.test.ts" name="FactMemory — she introduces herself once &gt; does not latch on an ordinary reply" time="0.0001895">
        </testcase>
        <testcase classname="src/modules/channels/voice-livekit/fact-memory.test.ts" name="FactMemory — she introduces herself once &gt; tells the model, once it has happened" time="0.0001918">
        </testcase>
        <testcase classname="src/modules/channels/voice-livekit/fact-memory.test.ts" name="FactMemory — she introduces herself once &gt; says nothing while there is nothing to say" time="0.0001506">
        </testcase>
        <testcase classname="src/modules/channels/voice-livekit/fact-memory.test.ts" name="FactMemory — a value the lead ruled out &gt; refuses it at the tool, even on a first capture of an empty field" time="0.0005579">
        </testcase>
        <testcase classname="src/modules/channels/voice-livekit/fact-memory.test.ts" name="FactMemory — a value the lead ruled out &gt; refuses it even when the model claims is_correction — the lead is who ruled it out" time="0.0002818">
        </testcase>
        <testcase classname="src/modules/channels/voice-livekit/fact-memory.test.ts" name="FactMemory — a value the lead ruled out &gt; still accepts the value he actually meant" time="0.0002846">
        </testcase>
        <testcase classname="src/modules/channels/voice-livekit/fact-memory.test.ts" name="FactMemory — a value the lead ruled out &gt; clears a HELD value it contradicts — she must stop saying it, not just stop saving it" time="0.0002071">
        </testcase>
        <testcase classname="src/modules/channels/voice-livekit/fact-memory.test.ts" name="FactMemory — a value the lead ruled out &gt; tells the model, in the note, never to say it back" time="0.0004173">
        </testcase>
        <testcase classname="src/modules/channels/voice-livekit/fact-memory.test.ts" name="FactMemory — a value the lead ruled out &gt; ignores a blank rejection and does not invent a ledger entry" time="0.0003231">
        </testcase>
        <testcase classname="src/modules/channels/voice-livekit/fact-memory.test.ts" name="reportSnapshot — what survives the call, and what deliberately does not &gt; reports identity as SHAPE and discovery as VALUE" time="0.0007012">
        </testcase>
        <testcase classname="src/modules/channels/voice-livekit/fact-memory.test.ts" name="reportSnapshot — what survives the call, and what deliberately does not &gt; carries the ask counts, so the report says what the facts COST" time="0.0004388">
        </testcase>
        <testcase classname="src/modules/channels/voice-livekit/fact-memory.test.ts" name="reportSnapshot — what survives the call, and what deliberately does not &gt; held and answered can disagree, and that disagreement is the finding" time="0.0015476">
        </testcase>
    </testsuite>
    <testsuite name="src/modules/channels/voice-livekit/latency-anatomy.test.ts" timestamp="2026-09-06T14:24:08.895Z" hostname="KorentzPC" tests="22" failures="0" errors="0" skipped="0" time="0.0212154">
        <testcase classname="src/modules/channels/voice-livekit/latency-anatomy.test.ts" name="buildTurnAnatomy — grouping &gt; opens a turn at every end-of-turn event, and calls what precedes the first one the greeting" time="0.0049244">
        </testcase>
        <testcase classname="src/modules/channels/voice-livekit/latency-anatomy.test.ts" name="buildTurnAnatomy — grouping &gt; gives the boundary event to the turn it opens, not the one it closes" time="0.0008062">
        </testcase>
        <testcase classname="src/modules/channels/voice-livekit/latency-anatomy.test.ts" name="buildTurnAnatomy — grouping &gt; treats a whole call with no end-of-turn as one row — the caller never spoke" time="0.0021983">
        </testcase>
        <testcase classname="src/modules/channels/voice-livekit/latency-anatomy.test.ts" name="buildTurnAnatomy — grouping &gt; reports an end-of-utterance of 0 as null, so a barge-in cannot halve the median" time="0.0005993">
        </testcase>
        <testcase classname="src/modules/channels/voice-livekit/latency-anatomy.test.ts" name="buildTurnAnatomy — grouping &gt; takes the FIRST sample of each stage in a turn — a long reply must not flatter the wait" time="0.0005102">
        </testcase>
        <testcase classname="src/modules/channels/voice-livekit/latency-anatomy.test.ts" name="buildTurnAnatomy — grouping &gt; skips a cancelled synthesis when reading the turn first-byte" time="0.0003796">
        </testcase>
        <testcase classname="src/modules/channels/voice-livekit/latency-anatomy.test.ts" name="buildTurnAnatomy — classification &gt; calls a turn receipt_early when audio beat the model to the wire" time="0.0005355">
        </testcase>
        <testcase classname="src/modules/channels/voice-livekit/latency-anatomy.test.ts" name="buildTurnAnatomy — classification &gt; calls it no_receipt when the audio did not" time="0.0004277">
        </testcase>
        <testcase classname="src/modules/channels/voice-livekit/latency-anatomy.test.ts" name="buildTurnAnatomy — classification &gt; lets tool_step win over both, because a tool turn pays a second inference" time="0.0007222">
        </testcase>
        <testcase classname="src/modules/channels/voice-livekit/latency-anatomy.test.ts" name="buildTurnAnatomy — classification &gt; says unknown rather than guessing when the build recorded no first audio frame" time="0.0005432">
        </testcase>
        <testcase classname="src/modules/channels/voice-livekit/latency-anatomy.test.ts" name="buildTurnAnatomy — classification &gt; ignores a first audio frame of -1 — the caller had not stopped, so there is no wait" time="0.0004304">
        </testcase>
        <testcase classname="src/modules/channels/voice-livekit/latency-anatomy.test.ts" name="buildTurnAnatomy — classification &gt; assigns a tool to the turn whose window contains it, not to the next one" time="0.000642">
        </testcase>
        <testcase classname="src/modules/channels/voice-livekit/latency-anatomy.test.ts" name="buildTurnAnatomy — the numbers that used to lie &gt; does not read a cancelled draft as this turn having sent no prompt" time="0.0004568">
        </testcase>
        <testcase classname="src/modules/channels/voice-livekit/latency-anatomy.test.ts" name="buildTurnAnatomy — the numbers that used to lie &gt; counts the second generation a tool forces as a second inference step" time="0.0002087">
        </testcase>
        <testcase classname="src/modules/channels/voice-livekit/latency-anatomy.test.ts" name="buildTurnAnatomy — the numbers that used to lie &gt; computes the unexplained remainder, and refuses to when a term is missing" time="0.000313">
        </testcase>
        <testcase classname="src/modules/channels/voice-livekit/latency-anatomy.test.ts" name="buildTurnAnatomy — the numbers that used to lie &gt; brackets the wait with the voice node entry and the text reaching it" time="0.0003316">
        </testcase>
        <testcase classname="src/modules/channels/voice-livekit/latency-anatomy.test.ts" name="buildTurnAnatomy — the numbers that used to lie &gt; treats the voice path sentinel as &quot;the caller was not waiting&quot;, not as instant" time="0.0002039">
        </testcase>
        <testcase classname="src/modules/channels/voice-livekit/latency-anatomy.test.ts" name="buildTurnAnatomy — the numbers that used to lie &gt; carries the opener decision and its inputs through when the build records them" time="0.0001688">
        </testcase>
        <testcase classname="src/modules/channels/voice-livekit/latency-anatomy.test.ts" name="summarizeLatency &gt; splits the real call into the three populations behind its 1479ms median" time="0.0020267">
        </testcase>
        <testcase classname="src/modules/channels/voice-livekit/latency-anatomy.test.ts" name="summarizeLatency &gt; excludes the greeting, which has no caller waiting behind it" time="0.0004166">
        </testcase>
        <testcase classname="src/modules/channels/voice-livekit/latency-anatomy.test.ts" name="summarizeLatency &gt; reports the receipt question as unanswerable rather than 0% on an older report" time="0.0003347">
        </testcase>
        <testcase classname="src/modules/channels/voice-livekit/latency-anatomy.test.ts" name="summarizeLatency &gt; has no samples and no crash on an empty call" time="0.000286">
        </testcase>
    </testsuite>
    <testsuite name="src/modules/channels/voice-livekit/name-dictation.test.ts" timestamp="2026-09-06T14:24:08.899Z" hostname="KorentzPC" tests="18" failures="0" errors="0" skipped="0" time="0.0183469">
        <testcase classname="src/modules/channels/voice-livekit/name-dictation.test.ts" name="spelledNameLetters — the isolated-letter rule, which is the whole Hebrew problem &gt; pulls the spelled letters out of his turns and leaves the ordinary words alone" time="0.0041684">
        </testcase>
        <testcase classname="src/modules/channels/voice-livekit/name-dictation.test.ts" name="spelledNameLetters — the isolated-letter rule, which is the whole Hebrew problem &gt; takes nothing from ordinary Hebrew, however short the words are" time="0.0007513">
        </testcase>
        <testcase classname="src/modules/channels/voice-livekit/name-dictation.test.ts" name="spelledNameLetters — the isolated-letter rule, which is the whole Hebrew problem &gt; reads Latin spelling too, in the order it was said" time="0.0005958">
        </testcase>
        <testcase classname="src/modules/channels/voice-livekit/name-dictation.test.ts" name="joinHebrewLetters — a name a person could read back &gt; joins them in order" time="0.0006142">
        </testcase>
        <testcase classname="src/modules/channels/voice-livekit/name-dictation.test.ts" name="joinHebrewLetters — a name a person could read back &gt; a man spelling כץ says צ and means ץ — the last letter takes its final form" time="0.000318">
        </testcase>
        <testcase classname="src/modules/channels/voice-livekit/name-dictation.test.ts" name="joinHebrewLetters — a name a person could read back &gt; a final form said mid-word is written as the ordinary one" time="0.0002684">
        </testcase>
        <testcase classname="src/modules/channels/voice-livekit/name-dictation.test.ts" name="NameDictation — replaying the call that lost the surname &gt; stitches ט · ר · י · ת across the two turns the endpointer cut it into" time="0.0022108">
        </testcase>
        <testcase classname="src/modules/channels/voice-livekit/name-dictation.test.ts" name="NameDictation — replaying the call that lost the surname &gt; the note hands the model the joined name and tells it to read THAT back" time="0.000975">
        </testcase>
        <testcase classname="src/modules/channels/voice-livekit/name-dictation.test.ts" name="NameDictation — replaying the call that lost the surname &gt; two readings of one name are competing mishearings, never a first and a last name" time="0.0005796">
        </testcase>
        <testcase classname="src/modules/channels/voice-livekit/name-dictation.test.ts" name="NameDictation — replaying the call that lost the surname &gt; a name he says is wrong is reported to the caller, for fact memory to refuse" time="0.000874">
        </testcase>
        <testcase classname="src/modules/channels/voice-livekit/name-dictation.test.ts" name="NameDictation — replaying the call that lost the surname &gt; a rejection RESETS the letter buffer — a wrong reading must not concatenate onto the right one" time="0.0007503">
        </testcase>
        <testcase classname="src/modules/channels/voice-livekit/name-dictation.test.ts" name="NameDictation — the bounds that keep a stateful classifier from getting stuck &gt; collects nothing until she has asked for the name or its spelling" time="0.0004516">
        </testcase>
        <testcase classname="src/modules/channels/voice-livekit/name-dictation.test.ts" name="NameDictation — the bounds that keep a stateful classifier from getting stuck &gt; &quot;איך מאייתים&quot; opens the window — the question she actually asked" time="0.0002157">
        </testcase>
        <testcase classname="src/modules/channels/voice-livekit/name-dictation.test.ts" name="NameDictation — the bounds that keep a stateful classifier from getting stuck &gt; a confirmation closes it, so a stray letter later cannot reopen the field" time="0.0005613">
        </testcase>
        <testcase classname="src/modules/channels/voice-livekit/name-dictation.test.ts" name="NameDictation — the bounds that keep a stateful classifier from getting stuck &gt; the preemptive-draft echo arrives twice and is counted once" time="0.0003284">
        </testcase>
        <testcase classname="src/modules/channels/voice-livekit/name-dictation.test.ts" name="NameDictation — the bounds that keep a stateful classifier from getting stuck &gt; holds at most MAX_NAME_LETTERS however long the spelling runs" time="0.0007928">
        </testcase>
        <testcase classname="src/modules/channels/voice-livekit/name-dictation.test.ts" name="nameReadback — what she just proposed as his name &gt; reads it out of both shapes she used on the call" time="0.0003232">
        </testcase>
        <testcase classname="src/modules/channels/voice-livekit/name-dictation.test.ts" name="nameReadback — what she just proposed as his name &gt; is null for a sentence that proposes nothing" time="0.0001851">
        </testcase>
    </testsuite>
    <testsuite name="src/modules/channels/voice-livekit/persona.disclosure.test.ts" timestamp="2026-09-06T14:24:08.902Z" hostname="KorentzPC" tests="10" failures="0" errors="0" skipped="0" time="0.0152572">
        <testcase classname="src/modules/channels/voice-livekit/persona.disclosure.test.ts" name="every greeting discloses the agent is an AI &gt; the default persona — the live ClickScales agent" time="0.0030553">
        </testcase>
        <testcase classname="src/modules/channels/voice-livekit/persona.disclosure.test.ts" name="every greeting discloses the agent is an AI &gt; a renamed female agent at another company" time="0.000679">
        </testcase>
        <testcase classname="src/modules/channels/voice-livekit/persona.disclosure.test.ts" name="every greeting discloses the agent is an AI &gt; a MALE agent discloses in masculine Hebrew" time="0.0014584">
        </testcase>
        <testcase classname="src/modules/channels/voice-livekit/persona.disclosure.test.ts" name="every greeting discloses the agent is an AI &gt; a tenant&apos;s own greeting that already discloses is left EXACTLY as written" time="0.0007914">
        </testcase>
        <testcase classname="src/modules/channels/voice-livekit/persona.disclosure.test.ts" name="every greeting discloses the agent is an AI &gt; a tenant&apos;s own greeting that does NOT disclose gets one sentence appended" time="0.0009344">
        </testcase>
        <testcase classname="src/modules/channels/voice-livekit/persona.disclosure.test.ts" name="every greeting discloses the agent is an AI &gt; appending is not silent — the dashboard preview renders the same string the agent speaks" time="0.0005567">
        </testcase>
        <testcase classname="src/modules/channels/voice-livekit/persona.disclosure.test.ts" name="every greeting discloses the agent is an AI &gt; holds for every gender × custom-greeting combination" time="0.0007805">
        </testcase>
        <testcase classname="src/modules/channels/voice-livekit/persona.disclosure.test.ts" name="every greeting discloses the agent is an AI &gt; holds for a persona read from raw tenant settings, including junk" time="0.0012507">
        </testcase>
        <testcase classname="src/modules/channels/voice-livekit/persona.disclosure.test.ts" name="the two disclosure pattern lists agree &gt; anything persona.ts considers a disclosure, the runtime detector does too" time="0.001432">
        </testcase>
        <testcase classname="src/modules/channels/voice-livekit/persona.disclosure.test.ts" name="the two disclosure pattern lists agree &gt; neither list fires on an ordinary sentence" time="0.0005053">
        </testcase>
    </testsuite>
    <testsuite name="src/modules/channels/voice-livekit/phrase-ledger.test.ts" timestamp="2026-09-06T14:24:08.904Z" hostname="KorentzPC" tests="18" failures="0" errors="0" skipped="0" time="0.0132645">
        <testcase classname="src/modules/channels/voice-livekit/phrase-ledger.test.ts" name="ledgerTokens — a phrasing is words, not punctuation or pointing &gt; strips punctuation and niqqud, splits on whitespace" time="0.0033742">
        </testcase>
        <testcase classname="src/modules/channels/voice-livekit/phrase-ledger.test.ts" name="PhraseLedger — repetition is detected at the 4-gram level &gt; a fresh call has nothing to say — the common case costs nothing" time="0.0011632">
        </testcase>
        <testcase classname="src/modules/channels/voice-livekit/phrase-ledger.test.ts" name="PhraseLedger — repetition is detected at the 4-gram level &gt; the same phrasing in two different replies triggers the note" time="0.0008681">
        </testcase>
        <testcase classname="src/modules/channels/voice-livekit/phrase-ledger.test.ts" name="PhraseLedger — repetition is detected at the 4-gram level &gt; overlapping repeated 4-grams are MERGED into one readable phrase, not a token soup" time="0.000438">
        </testcase>
        <testcase classname="src/modules/channels/voice-livekit/phrase-ledger.test.ts" name="PhraseLedger — repetition is detected at the 4-gram level &gt; DRAFT-ECHO DEDUPE: ConversationItemAdded fires twice per reply — the echo is not a repeat" time="0.0004447">
        </testcase>
        <testcase classname="src/modules/channels/voice-livekit/phrase-ledger.test.ts" name="PhraseLedger — repetition is detected at the 4-gram level &gt; tracked words (the slang bank) join the note on their second use" time="0.0003744">
        </testcase>
        <testcase classname="src/modules/channels/voice-livekit/phrase-ledger.test.ts" name="PhraseLedger — repetition is detected at the 4-gram level &gt; a tracked word used once is not nagged about" time="0.000253">
        </testcase>
        <testcase classname="src/modules/channels/voice-livekit/phrase-ledger.test.ts" name="PhraseLedger — repetition is detected at the 4-gram level &gt; the note is capped and keeps the most recent repeats" time="0.0007216">
        </testcase>
        <testcase classname="src/modules/channels/voice-livekit/phrase-ledger.test.ts" name="PhraseLedger — repetition is detected at the 4-gram level &gt; niqqud and punctuation differences do not hide a repetition" time="0.0002459">
        </testcase>
        <testcase classname="src/modules/channels/voice-livekit/phrase-ledger.test.ts" name="countRepeatedFourGrams — the CallReport metric and the backfill share this &gt; zero on a varied call" time="0.0004195">
        </testcase>
        <testcase classname="src/modules/channels/voice-livekit/phrase-ledger.test.ts" name="countRepeatedFourGrams — the CallReport metric and the backfill share this &gt; counts DISTINCT repeated 4-grams, once each, however many times they recur" time="0.0001932">
        </testcase>
        <testcase classname="src/modules/channels/voice-livekit/phrase-ledger.test.ts" name="countRepeatedFourGrams — the CallReport metric and the backfill share this &gt; a longer repeated phrase counts each of its 4-grams — the §4 currency (up to 62/call)" time="0.0001674">
        </testcase>
        <testcase classname="src/modules/channels/voice-livekit/phrase-ledger.test.ts" name="countRepeatedOpeners &gt; reports 3 on the real call the 4-gram counter reported 0 for" time="0.0007787">
        </testcase>
        <testcase classname="src/modules/channels/voice-livekit/phrase-ledger.test.ts" name="countRepeatedOpeners &gt; counts DISTINCT openers, not occurrences — same currency as the 4-gram count" time="0.0002033">
        </testcase>
        <testcase classname="src/modules/channels/voice-livekit/phrase-ledger.test.ts" name="countRepeatedOpeners &gt; a line with no punctuated opener contributes nothing" time="0.0001917">
        </testcase>
        <testcase classname="src/modules/channels/voice-livekit/phrase-ledger.test.ts" name="countRepeatedOpeners &gt; reads the opener whether it is followed by a period or a comma" time="0.0002625">
        </testcase>
        <testcase classname="src/modules/channels/voice-livekit/phrase-ledger.test.ts" name="countRepeatedOpeners &gt; ignores niqqud, so a vowelled opener is the same opener" time="0.0001629">
        </testcase>
        <testcase classname="src/modules/channels/voice-livekit/phrase-ledger.test.ts" name="countRepeatedOpeners &gt; does not treat a leading number as an opener" time="0.000184">
        </testcase>
    </testsuite>
    <testsuite name="src/modules/channels/voice-livekit/pipeline-observer.test.ts" timestamp="2026-09-06T14:24:08.908Z" hostname="KorentzPC" tests="18" failures="0" errors="0" skipped="0" time="0.0299645">
        <testcase classname="src/modules/channels/voice-livekit/pipeline-observer.test.ts" name="describePipeline — resolved, not requested &gt; reports the ACTIVITY’s turn-detection mode, not the one env asked for" time="0.003597">
        </testcase>
        <testcase classname="src/modules/channels/voice-livekit/pipeline-observer.test.ts" name="describePipeline — resolved, not requested &gt; reports preemptive TTS from the SDK options — the switch nobody could read in production" time="0.0008575">
        </testcase>
        <testcase classname="src/modules/channels/voice-livekit/pipeline-observer.test.ts" name="describePipeline — resolved, not requested &gt; carries the resolved endpointing window and the component labels" time="0.0008118">
        </testcase>
        <testcase classname="src/modules/channels/voice-livekit/pipeline-observer.test.ts" name="describePipeline — resolved, not requested &gt; returns nulls rather than guesses when the SDK moves a field" time="0.000724">
        </testcase>
        <testcase classname="src/modules/channels/voice-livekit/pipeline-observer.test.ts" name="describePipeline — env vs code default &gt; separates a value that was CHOSEN from one that fell through to a default" time="0.003398">
        </testcase>
        <testcase classname="src/modules/channels/voice-livekit/pipeline-observer.test.ts" name="describePipeline — env vs code default &gt; treats an empty string as unset — that is how envBool and z.coerce treat it" time="0.000522">
        </testcase>
        <testcase classname="src/modules/channels/voice-livekit/pipeline-observer.test.ts" name="describePipeline — env vs code default &gt; names every kill-switch, so an unset one is visible instead of invisible" time="0.000728">
        </testcase>
        <testcase classname="src/modules/channels/voice-livekit/pipeline-observer.test.ts" name="describePipeline — env vs code default &gt; never puts a credential in the report" time="0.0022521">
        </testcase>
        <testcase classname="src/modules/channels/voice-livekit/pipeline-observer.test.ts" name="probeNoiseCancellation &gt; never claims the filter is engaged — no layer below it says so" time="0.0010857">
        </testcase>
        <testcase classname="src/modules/channels/voice-livekit/pipeline-observer.test.ts" name="probeNoiseCancellation &gt; says so plainly when the descriptor carried nothing" time="0.0006231">
        </testcase>
        <testcase classname="src/modules/channels/voice-livekit/pipeline-observer.test.ts" name="formatPipelineLog &gt; emits one greppable line whose payload round-trips" time="0.0010293">
        </testcase>
        <testcase classname="src/modules/channels/voice-livekit/pipeline-observer.test.ts" name="PreemptiveObserver — proving the drafts fired &gt; distinguishes &quot;every draft was used&quot; from &quot;no draft was ever made&quot;" time="0.0026053">
        </testcase>
        <testcase classname="src/modules/channels/voice-livekit/pipeline-observer.test.ts" name="PreemptiveObserver — proving the drafts fired &gt; counts a draft the SDK invalidated, and its lead time when it survives" time="0.000735">
        </testcase>
        <testcase classname="src/modules/channels/voice-livekit/pipeline-observer.test.ts" name="PreemptiveObserver — proving the drafts fired &gt; surfaces a draft that vanished with no log line as unaccounted, not as a success" time="0.000279">
        </testcase>
        <testcase classname="src/modules/channels/voice-livekit/pipeline-observer.test.ts" name="PreemptiveObserver — proving the drafts fired &gt; passes every log call through untouched" time="0.0011171">
        </testcase>
        <testcase classname="src/modules/channels/voice-livekit/pipeline-observer.test.ts" name="PreemptiveObserver — proving the drafts fired &gt; counts wasted LLM and TTS work from the SDK’s own `cancelled` flag" time="0.0005459">
        </testcase>
        <testcase classname="src/modules/channels/voice-livekit/pipeline-observer.test.ts" name="PreemptiveObserver — proving the drafts fired &gt; is a no-op when there is no logger to hook" time="0.0017223">
        </testcase>
        <testcase classname="src/modules/channels/voice-livekit/pipeline-observer.test.ts" name="PreemptiveObserver against the REAL LiveKit logger &gt; counts the debug-level “used” message that is never printed" time="0.003768">
        </testcase>
    </testsuite>
    <testsuite name="src/modules/channels/voice-livekit/register-tracker.test.ts" timestamp="2026-09-06T14:24:08.912Z" hostname="KorentzPC" tests="12" failures="0" errors="0" skipped="0" time="0.0141108">
        <testcase classname="src/modules/channels/voice-livekit/register-tracker.test.ts" name="the register vocabulary &gt; is the union of the two SCREENED banks — nothing enters without a phone-line test" time="0.003847">
        </testcase>
        <testcase classname="src/modules/channels/voice-livekit/register-tracker.test.ts" name="the register vocabulary &gt; contains וואלה, which the 2026-08-30 plan recorded as an invented word" time="0.0020897">
        </testcase>
        <testcase classname="src/modules/channels/voice-livekit/register-tracker.test.ts" name="hasRegisterTouch &gt; sees the two touches from the real call" time="0.0008852">
        </testcase>
        <testcase classname="src/modules/channels/voice-livekit/register-tracker.test.ts" name="hasRegisterTouch &gt; matches through an attached Hebrew prefix — ובקטנה is the same word as בקטנה" time="0.0004173">
        </testcase>
        <testcase classname="src/modules/channels/voice-livekit/register-tracker.test.ts" name="hasRegisterTouch &gt; ignores niqqud — the pronunciation fix vowels her speech and must not hide a touch" time="0.0002925">
        </testcase>
        <testcase classname="src/modules/channels/voice-livekit/register-tracker.test.ts" name="hasRegisterTouch &gt; is false for the formal register this section exists to prevent" time="0.0004505">
        </testcase>
        <testcase classname="src/modules/channels/voice-livekit/register-tracker.test.ts" name="SpokenRegisterTracker — the nudge &gt; stays silent while she keeps the quota" time="0.0008268">
        </testcase>
        <testcase classname="src/modules/channels/voice-livekit/register-tracker.test.ts" name="SpokenRegisterTracker — the nudge &gt; fires after two dry replies in a row, and names only the screened words" time="0.0007715">
        </testcase>
        <testcase classname="src/modules/channels/voice-livekit/register-tracker.test.ts" name="SpokenRegisterTracker — the nudge &gt; speaks ONCE per dry streak — a long formal stretch is not a note every turn" time="0.0005414">
        </testcase>
        <testcase classname="src/modules/channels/voice-livekit/register-tracker.test.ts" name="SpokenRegisterTracker — the nudge &gt; a touched reply resets the streak" time="0.00039">
        </testcase>
        <testcase classname="src/modules/channels/voice-livekit/register-tracker.test.ts" name="SpokenRegisterTracker — the nudge &gt; ignores the preemptive-draft echo, which would halve the measured hit rate" time="0.0002566">
        </testcase>
        <testcase classname="src/modules/channels/voice-livekit/register-tracker.test.ts" name="SpokenRegisterTracker — the nudge &gt; THE 2026-08-29 SHAPE: two touches in eight turns produces a reminder" time="0.0002401">
        </testcase>
    </testsuite>
    <testsuite name="src/modules/channels/voice-livekit/sales-gate.test.ts" timestamp="2026-09-06T14:24:08.915Z" hostname="KorentzPC" tests="28" failures="0" errors="0" skipped="0" time="0.0234251">
        <testcase classname="src/modules/channels/voice-livekit/sales-gate.test.ts" name="describesProduct &gt; catches the sentence that actually went wrong on the 09:29 call" time="0.0029887">
        </testcase>
        <testcase classname="src/modules/channels/voice-livekit/sales-gate.test.ts" name="describesProduct &gt; catches the agent and the system as subjects" time="0.0010874">
        </testcase>
        <testcase classname="src/modules/channels/voice-livekit/sales-gate.test.ts" name="describesProduct &gt; does NOT count a question that mentions the product" time="0.0003592">
        </testcase>
        <testcase classname="src/modules/channels/voice-livekit/sales-gate.test.ts" name="describesProduct &gt; does NOT count discovery, empathy, or the small talk around them" time="0.0005212">
        </testcase>
        <testcase classname="src/modules/channels/voice-livekit/sales-gate.test.ts" name="SalesGate &gt; starts shut and names the first missing fact, not all three" time="0.0008219">
        </testcase>
        <testcase classname="src/modules/channels/voice-livekit/sales-gate.test.ts" name="SalesGate &gt; opens only once all three facts are in, and says so" time="0.0003809">
        </testcase>
        <testcase classname="src/modules/channels/voice-livekit/sales-gate.test.ts" name="SalesGate &gt; counts a product claim made while the gate is shut, and stops once it opens" time="0.0002812">
        </testcase>
        <testcase classname="src/modules/channels/voice-livekit/sales-gate.test.ts" name="SalesGate &gt; replays the 09:29 call and counts the pitch that should not have happened" time="0.0012701">
        </testcase>
        <testcase classname="src/modules/channels/voice-livekit/sales-gate.test.ts" name="SalesGate &gt; repeats a note only when the missing set changes" time="0.0006">
        </testcase>
        <testcase classname="src/modules/channels/voice-livekit/sales-gate.test.ts" name="SalesGate &gt; never un-knows a fact" time="0.0003344">
        </testcase>
        <testcase classname="src/modules/channels/voice-livekit/sales-gate.test.ts" name="the sales model in the prompt &gt; carries the gate, the five questions, the pain follow-up and the interest check" time="0.0004417">
        </testcase>
        <testcase classname="src/modules/channels/voice-livekit/sales-gate.test.ts" name="the sales model in the prompt &gt; makes her earn the price question before she answers it" time="0.0002207">
        </testcase>
        <testcase classname="src/modules/channels/voice-livekit/sales-gate.test.ts" name="the sales model in the prompt &gt; asks the two questions Koren added and owns" time="0.0001664">
        </testcase>
        <testcase classname="src/modules/channels/voice-livekit/sales-gate.test.ts" name="the sales model in the prompt &gt; writes every discovery phrasing as ONE question, because guardStream drops the second" time="0.0013524">
        </testcase>
        <testcase classname="src/modules/channels/voice-livekit/sales-gate.test.ts" name="the sales model in the prompt &gt; drops the optional bank, which five mandatory questions leave no room for" time="0.0002625">
        </testcase>
        <testcase classname="src/modules/channels/voice-livekit/sales-gate.test.ts" name="the sales model in the prompt &gt; is a real kill-switch: OFF renders the pre-sales-model prompt exactly" time="0.0002862">
        </testcase>
        <testcase classname="src/modules/channels/voice-livekit/sales-gate.test.ts" name="the sales model in the prompt &gt; defaults OFF, so an unconfigured deploy is the 2026-09-01 prompt" time="0.0003158">
        </testcase>
        <testcase classname="src/modules/channels/voice-livekit/sales-gate.test.ts" name="the sales model in the prompt &gt; runs a dialogue rather than an interview, and warms up a closed caller first" time="0.0002871">
        </testcase>
        <testcase classname="src/modules/channels/voice-livekit/sales-gate.test.ts" name="the sales model in the prompt &gt; REPLACES the outbound-framed small talk instead of stacking on top of it" time="0.0002705">
        </testcase>
        <testcase classname="src/modules/channels/voice-livekit/sales-gate.test.ts" name="the sales model in the prompt &gt; weaves advantages onto what HE said, and never lists them" time="0.0003152">
        </testcase>
        <testcase classname="src/modules/channels/voice-livekit/sales-gate.test.ts" name="the sales model in the prompt &gt; stays inside the +5% token budget, because every token is latency on every turn" time="0.000259">
        </testcase>
        <testcase classname="src/modules/channels/voice-livekit/sales-gate.test.ts" name="call direction &gt; never asks an inbound caller whether it is a good time — he dialled us" time="0.0003032">
        </testcase>
        <testcase classname="src/modules/channels/voice-livekit/sales-gate.test.ts" name="call direction &gt; keeps the bad-time path on an outbound call, where it is true" time="0.0002011">
        </testcase>
        <testcase classname="src/modules/channels/voice-livekit/sales-gate.test.ts" name="call direction &gt; renders ONE branch — the other is gone, not merely unselected" time="0.0002395">
        </testcase>
        <testcase classname="src/modules/channels/voice-livekit/sales-gate.test.ts" name="call direction &gt; leaves the placeholder only on the unknown path, which the fixtures pin" time="0.0001912">
        </testcase>
        <testcase classname="src/modules/channels/voice-livekit/sales-gate.test.ts" name="the gate is actually wired &gt; has a call site for observeAgentSpeech outside its own module" time="0.0013994">
        </testcase>
        <testcase classname="src/modules/channels/voice-livekit/sales-gate.test.ts" name="the gate is actually wired &gt; reports the violation count, so the rule is falsifiable" time="0.0025547">
        </testcase>
        <testcase classname="src/modules/channels/voice-livekit/sales-gate.test.ts" name="the gate is actually wired &gt; records whether the gate ever opened, which is what makes a zero readable" time="0.0023644">
        </testcase>
    </testsuite>
    <testsuite name="src/modules/channels/voice-livekit/speech-guard.test.ts" timestamp="2026-09-06T14:24:08.923Z" hostname="KorentzPC" tests="129" failures="0" errors="0" skipped="0" time="0.1043099">
        <testcase classname="src/modules/channels/voice-livekit/speech-guard.test.ts" name="speech guard — the silence control token &gt; never lets NO_RESPONSE_NEEDED reach the caller" time="0.0042764">
        </testcase>
        <testcase classname="src/modules/channels/voice-livekit/speech-guard.test.ts" name="speech guard — the silence control token &gt; stays SILENT when the token is the whole reply — that is the point of it" time="0.0007661">
        </testcase>
        <testcase classname="src/modules/channels/voice-livekit/speech-guard.test.ts" name="speech guard — the silence control token &gt; strips the token but still speaks the rest, if the model mixed them" time="0.0047318">
        </testcase>
        <testcase classname="src/modules/channels/voice-livekit/speech-guard.test.ts" name="speech guard — she must not claim a booking that does not exist &gt; rewrites &quot;קבעתי לך שיחת דמו למחר&quot; — nothing was booked" time="0.0024849">
        </testcase>
        <testcase classname="src/modules/channels/voice-livekit/speech-guard.test.ts" name="speech guard — she must not claim a booking that does not exist &gt; rewrites &quot;תקבל אישור&quot; — no confirmation is being sent by anyone" time="0.0005586">
        </testcase>
        <testcase classname="src/modules/channels/voice-livekit/speech-guard.test.ts" name="speech guard — she must not claim a booking that does not exist &gt; leaves &quot;אני בודקת זמינות&quot; ALONE — a promise to look is not a lie" time="0.0022006">
        </testcase>
        <testcase classname="src/modules/channels/voice-livekit/speech-guard.test.ts" name="speech guard — she must not claim a booking that does not exist &gt; leaves an ordinary sales sentence completely untouched" time="0.0007422">
        </testcase>
        <testcase classname="src/modules/channels/voice-livekit/speech-guard.test.ts" name="speech guard — model-emitted niqqud is stripped, OUR verified marks survive &gt; removes niqqud/cantillation the model may emit" time="0.0015823">
        </testcase>
        <testcase classname="src/modules/channels/voice-livekit/speech-guard.test.ts" name="speech guard — model-emitted niqqud is stripped, OUR verified marks survive &gt; is a silent no-op on ordinary unpointed Hebrew" time="0.0011124">
        </testcase>
        <testcase classname="src/modules/channels/voice-livekit/speech-guard.test.ts" name="speech guard — model-emitted niqqud is stripped, OUR verified marks survive &gt; THE ORDER IS LOAD-BEARING: the strip runs first, so the pronunciation fix survives it" time="0.0005643">
        </testcase>
        <testcase classname="src/modules/channels/voice-livekit/speech-guard.test.ts" name="guardStream — she speaks before the reply is finished &gt; emits the FIRST sentence before the rest of the reply has even arrived" time="0.0029965">
        </testcase>
        <testcase classname="src/modules/channels/voice-livekit/speech-guard.test.ts" name="guardStream — she speaks before the reply is finished &gt; still catches a false booking claim mid-stream" time="0.0032586">
            <system-out>
speech_guard {&quot;note&quot;:&quot;rewrote a false booking claim: \&quot;קבעתי לך שיחת דמו למחר\&quot;&quot;,&quot;said&quot;:&quot;אעביר את הבקשה לצוות ונחזור אליךָ לאישור מדויק.&quot;}

            </system-out>
        </testcase>
        <testcase classname="src/modules/channels/voice-livekit/speech-guard.test.ts" name="guardStream — she speaks before the reply is finished &gt; still swallows NO_RESPONSE_NEEDED entirely" time="0.0010405">
            <system-out>
speech_guard {&quot;note&quot;:&quot;removed NO_RESPONSE_NEEDED (silence control token)&quot;,&quot;said&quot;:&quot;&quot;}

            </system-out>
        </testcase>
        <testcase classname="src/modules/channels/voice-livekit/speech-guard.test.ts" name="guardStream — she speaks before the reply is finished &gt; does not split a sentence on a number or a time" time="0.0005262">
        </testcase>
        <testcase classname="src/modules/channels/voice-livekit/speech-guard.test.ts" name="guardStream — she speaks before the reply is finished &gt; leaves a normal reply completely intact" time="0.0007305">
        </testcase>
        <testcase classname="src/modules/channels/voice-livekit/speech-guard.test.ts" name="guardStream — the booking-claim rewrite is conditional on a REAL booking &gt; booking completed → the claim passes through, because it is now TRUE" time="0.0009057">
        </testcase>
        <testcase classname="src/modules/channels/voice-livekit/speech-guard.test.ts" name="guardStream — the booking-claim rewrite is conditional on a REAL booking &gt; tools enabled but nothing booked YET → the claim is still a lie, still rewritten" time="0.0010002">
            <system-out>
speech_guard {&quot;note&quot;:&quot;rewrote a false booking claim: \&quot;קבעתי לך שיחת דמו למחר\&quot;&quot;,&quot;said&quot;:&quot;אעביר את הבקשה לצוות ונחזור אליךָ לאישור מדויק.&quot;}

            </system-out>
        </testcase>
        <testcase classname="src/modules/channels/voice-livekit/speech-guard.test.ts" name="guardStream — the booking-claim rewrite is conditional on a REAL booking &gt; the predicate is read PER SENTENCE — a booking mid-reply frees the very next sentence" time="0.0010816">
            <system-out>
speech_guard {&quot;note&quot;:&quot;rewrote a false booking claim: \&quot;קבעתי לך פגישה\&quot;&quot;,&quot;said&quot;:&quot;אעביר את הבקשה לצוות ונחזור אליךָ לאישור מדויק.&quot;}

            </system-out>
        </testcase>
        <testcase classname="src/modules/channels/voice-livekit/speech-guard.test.ts" name="guardStream — the booking-claim rewrite is conditional on a REAL booking &gt; NO_RESPONSE_NEEDED and the pronunciation fix stay armed even after a booking" time="0.0008915">
            <system-out>
speech_guard {&quot;note&quot;:&quot;removed NO_RESPONSE_NEEDED (silence control token)&quot;,&quot;said&quot;:&quot;שלחתי לךָ אישור למייל שלךָ.&quot;}

            </system-out>
        </testcase>
        <testcase classname="src/modules/channels/voice-livekit/speech-guard.test.ts" name="guardStream — the booking-claim rewrite is conditional on a REAL booking &gt; guardSpeech honours the flag directly" time="0.0007022">
        </testcase>
        <testcase classname="src/modules/channels/voice-livekit/speech-guard.test.ts" name="the 273s false booking — &quot;קבענו לאחת עשרה&quot; with nothing booked &gt; REPRODUCTION: the shipped guard let it through — the old patterns do not match the plural" time="0.0003891">
        </testcase>
        <testcase classname="src/modules/channels/voice-livekit/speech-guard.test.ts" name="the 273s false booking — &quot;קבענו לאחת עשרה&quot; with nothing booked &gt; FIXED: with the guard at its default the claim cannot reach the caller" time="0.0003637">
        </testcase>
        <testcase classname="src/modules/channels/voice-livekit/speech-guard.test.ts" name="the 273s false booking — &quot;קבענו לאחת עשרה&quot; with nothing booked &gt; on a tools call mid-collection she is rewritten into the NEXT STEP, not into a handover" time="0.0017416">
            <system-out>
speech_guard {&quot;note&quot;:&quot;rewrote a false booking claim: \&quot;קבענו לאחת עשרה\&quot;&quot;,&quot;said&quot;:&quot;אני צריכה עוד כמה פרטים לפני שאני קובעת.&quot;}

speech_guard {&quot;note&quot;:&quot;stripped model-emitted niqqud (unverified pointing is unreliable on Cartesia)&quot;,&quot;said&quot;:&quot;קורן, מה השם המלא שלךָ?&quot;}

            </system-out>
        </testcase>
        <testcase classname="src/modules/channels/voice-livekit/speech-guard.test.ts" name="the 273s false booking — &quot;קבענו לאחת עשרה&quot; with nothing booked &gt; on a no-tools call it is still the handover line, exactly as before" time="0.0010542">
            <system-out>
speech_guard {&quot;note&quot;:&quot;rewrote a false booking claim: \&quot;קבענו לאחת עשרה\&quot;&quot;,&quot;said&quot;:&quot;אעביר את הבקשה לצוות ונחזור אליךָ לאישור מדויק.&quot;}

speech_guard {&quot;note&quot;:&quot;stripped model-emitted niqqud (unverified pointing is unreliable on Cartesia)&quot;,&quot;said&quot;:&quot;קורן, מה השם המלא שלךָ?&quot;}

            </system-out>
        </testcase>
        <testcase classname="src/modules/channels/voice-livekit/speech-guard.test.ts" name="the 273s false booking — &quot;קבענו לאחת עשרה&quot; with nothing booked &gt; once book_meeting has succeeded the plural is the truth and passes through" time="0.0003243">
        </testcase>
        <testcase classname="src/modules/channels/voice-livekit/speech-guard.test.ts" name="the 273s false booking — &quot;קבענו לאחת עשרה&quot; with nothing booked &gt; catches the other five ways of saying the same thing" time="0.0007336">
        </testcase>
        <testcase classname="src/modules/channels/voice-livekit/speech-guard.test.ts" name="the 273s false booking — &quot;קבענו לאחת עשרה&quot; with nothing booked &gt; leaves every legitimate present- and future-tense booking sentence alone" time="0.000736">
        </testcase>
        <testcase classname="src/modules/channels/voice-livekit/speech-guard.test.ts" name="the 273s false booking — &quot;קבענו לאחת עשרה&quot; with nothing booked &gt; KILL-SWITCH: wideBookingClaimGuard=false restores the five original patterns and nothing else" time="0.0002838">
        </testcase>
        <testcase classname="src/modules/channels/voice-livekit/speech-guard.test.ts" name="a sentence with no word in it never reaches the TTS &gt; punctuation alone is silence, not an utterance" time="0.0020297">
        </testcase>
        <testcase classname="src/modules/channels/voice-livekit/speech-guard.test.ts" name="a sentence with no word in it never reaches the TTS &gt; says so in the interventions, so whatever produced it is still findable" time="0.000314">
        </testcase>
        <testcase classname="src/modules/channels/voice-livekit/speech-guard.test.ts" name="a sentence with no word in it never reaches the TTS &gt; a real sentence with heavy punctuation is untouched" time="0.0005184">
        </testcase>
        <testcase classname="src/modules/channels/voice-livekit/speech-guard.test.ts" name="forceAddressGender — fixing pronunciation, not vocabulary &gt; forces שלך to be pronounced shel-KHA with ONE kamatz — the round-3 winner" time="0.0002165">
        </testcase>
        <testcase classname="src/modules/channels/voice-livekit/speech-guard.test.ts" name="forceAddressGender — fixing pronunciation, not vocabulary &gt; fixes every ambiguous suffix in the masculine — per-word winners, not one technique" time="0.0003499">
        </testcase>
        <testcase classname="src/modules/channels/voice-livekit/speech-guard.test.ts" name="forceAddressGender — fixing pronunciation, not vocabulary &gt; fixes every ambiguous suffix in the feminine — per-word winners, not one technique" time="0.0004042">
        </testcase>
        <testcase classname="src/modules/channels/voice-livekit/speech-guard.test.ts" name="forceAddressGender — fixing pronunciation, not vocabulary &gt; NEVER corrupts a word that merely CONTAINS the letters — in either gender" time="0.0004204">
        </testcase>
        <testcase classname="src/modules/channels/voice-livekit/speech-guard.test.ts" name="forceAddressGender — fixing pronunciation, not vocabulary &gt; is idempotent — running the guard twice must not stack marks" time="0.0001918">
        </testcase>
        <testcase classname="src/modules/channels/voice-livekit/speech-guard.test.ts" name="forceAddressGender — fixing pronunciation, not vocabulary &gt; רוצה follows the ADDRESSEE in second person — rotsE for him, rotsA for her" time="0.0005794">
        </testcase>
        <testcase classname="src/modules/channels/voice-livekit/speech-guard.test.ts" name="forceAddressGender — fixing pronunciation, not vocabulary &gt; רוצה with an explicit OTHER subject is not the addressee&apos;s business" time="0.0003092">
        </testcase>
        <testcase classname="src/modules/channels/voice-livekit/speech-guard.test.ts" name="forceAddressGender — fixing pronunciation, not vocabulary &gt; never touches מרוצה — a different word that merely ends in the same letters" time="0.0002619">
        </testcase>
        <testcase classname="src/modules/channels/voice-livekit/speech-guard.test.ts" name="forceAddressGender — fixing pronunciation, not vocabulary &gt; leaves her OWN feminine speech untouched — only the ADDRESS changes" time="0.0001511">
        </testcase>
        <testcase classname="src/modules/channels/voice-livekit/speech-guard.test.ts" name="forceAddressGender — fixing pronunciation, not vocabulary &gt; runs inside the live guard, so what Cartesia SAYS is masculine by default" time="0.0002074">
        </testcase>
        <testcase classname="src/modules/channels/voice-livekit/speech-guard.test.ts" name="the pronunciation dictionary — gender-neutral fixed words &gt; restores the swallowed final vowel of לוודא with one tsere" time="0.000184">
        </testcase>
        <testcase classname="src/modules/channels/voice-livekit/speech-guard.test.ts" name="the pronunciation dictionary — gender-neutral fixed words &gt; does not touch other forms of the same root" time="0.0001149">
        </testcase>
        <testcase classname="src/modules/channels/voice-livekit/speech-guard.test.ts" name="the pronunciation dictionary — gender-neutral fixed words &gt; runs inside the live guard" time="0.0001406">
        </testcase>
        <testcase classname="src/modules/channels/voice-livekit/speech-guard.test.ts" name="the pronunciation dictionary — gender-neutral fixed words &gt; נוח gets both marks — the closing question of every call (round 15, n1=B)" time="0.0001113">
        </testcase>
        <testcase classname="src/modules/channels/voice-livekit/speech-guard.test.ts" name="the pronunciation dictionary — gender-neutral fixed words &gt; ליד and לידים get a hiriq per syllable, WITH their prefixes (round 15, l1=B / l2=B)" time="0.000124">
        </testcase>
        <testcase classname="src/modules/channels/voice-livekit/speech-guard.test.ts" name="the pronunciation dictionary — gender-neutral fixed words &gt; does not touch a longer word that merely ends in those letters" time="0.0000963">
        </testcase>
        <testcase classname="src/modules/channels/voice-livekit/speech-guard.test.ts" name="the pronunciation dictionary — gender-neutral fixed words &gt; the pronunciation rows are idempotent — a second pass changes nothing" time="0.0002136">
        </testcase>
        <testcase classname="src/modules/channels/voice-livekit/speech-guard.test.ts" name="the pronunciation dictionary — gender-neutral fixed words &gt; runs inside the live guard, on the sentence from the 14:56 call" time="0.0001408">
        </testcase>
        <testcase classname="src/modules/channels/voice-livekit/speech-guard.test.ts" name="the pronunciation dictionary — gender-neutral fixed words &gt; רוצה follows its SUBJECT: the agent is feminine about herself even on a masculine call" time="0.0002188">
        </testcase>
        <testcase classname="src/modules/channels/voice-livekit/speech-guard.test.ts" name="the pronunciation dictionary — gender-neutral fixed words &gt; the two רוצה mechanisms compose in one guarded sentence" time="0.0002255">
        </testcase>
        <testcase classname="src/modules/channels/voice-livekit/speech-guard.test.ts" name="the thinking fillers reach the voice with the marks he chose &gt; every filler in the bank survives guardSpeech byte-for-byte" time="0.0005901">
        </testcase>
        <testcase classname="src/modules/channels/voice-livekit/speech-guard.test.ts" name="the thinking fillers reach the voice with the marks he chose &gt; and survives the STREAM, which is the path production actually uses" time="0.0012801">
            <system-out>
speech_guard {&quot;note&quot;:&quot;stripped model-emitted niqqud (unverified pointing is unreliable on Cartesia)&quot;,&quot;said&quot;:&quot;אֶממ...&quot;}

            </system-out>
        </testcase>
        <testcase classname="src/modules/channels/voice-livekit/speech-guard.test.ts" name="the thinking fillers reach the voice with the marks he chose &gt; re-points an unpointed filler the model wrote itself" time="0.0003863">
        </testcase>
        <testcase classname="src/modules/channels/voice-livekit/speech-guard.test.ts" name="the thinking fillers reach the voice with the marks he chose &gt; SCOPED TO THE ELLIPSIS: &quot;רגע, בודקת.&quot; is not the filler and is left alone" time="0.0003407">
        </testcase>
        <testcase classname="src/modules/channels/voice-livekit/speech-guard.test.ts" name="the thinking fillers reach the voice with the marks he chose &gt; AND IT MUST NOT REPOINT A DICTATION NOD — the nod carries its own marks" time="0.0004442">
        </testcase>
        <testcase classname="src/modules/channels/voice-livekit/speech-guard.test.ts" name="the dictation nods reach the voice with the marks he chose &gt; every nod in the bank survives guardSpeech byte-for-byte" time="0.0005437">
        </testcase>
        <testcase classname="src/modules/channels/voice-livekit/speech-guard.test.ts" name="the dictation nods reach the voice with the marks he chose &gt; and survives guardStream, which is the path production actually uses" time="0.0011223">
        </testcase>
        <testcase classname="src/modules/channels/voice-livekit/speech-guard.test.ts" name="the dictation nods reach the voice with the marks he chose &gt; and survives even if it is NOT split off into its own sentence" time="0.0002924">
        </testcase>
        <testcase classname="src/modules/channels/voice-livekit/speech-guard.test.ts" name="the dictation nods reach the voice with the marks he chose &gt; THE COLLISION: the RECEIPT אמ. is left unpointed — that is a different verdict" time="0.0003717">
        </testcase>
        <testcase classname="src/modules/channels/voice-livekit/speech-guard.test.ts" name="the dictation nods reach the voice with the marks he chose &gt; THE EXEMPTION IS NARROW: model-emitted pointing on any other word is still stripped" time="0.0004979">
        </testcase>
        <testcase classname="src/modules/channels/voice-livekit/speech-guard.test.ts" name="the dictation nods reach the voice with the marks he chose &gt; a nod is never reported as an intervention — nothing was stripped from it" time="0.000574">
        </testcase>
        <testcase classname="src/modules/channels/voice-livekit/speech-guard.test.ts" name="AddressGenderTracker — her own conjugation decides the table &gt; starts masculine — the default when nothing is known" time="0.0002178">
        </testcase>
        <testcase classname="src/modules/channels/voice-livekit/speech-guard.test.ts" name="AddressGenderTracker — her own conjugation decides the table &gt; flips on an unambiguous feminine future verb, and the SAME sentence is already feminine" time="0.0036819">
            <system-out>
speech_guard {&quot;note&quot;:&quot;address gender -&gt; feminine (unambiguous conjugation in her own reply)&quot;}

            </system-out>
        </testcase>
        <testcase classname="src/modules/channels/voice-livekit/speech-guard.test.ts" name="AddressGenderTracker — her own conjugation decides the table &gt; flips on את + present-tense verb (&quot;את יכולה&quot;)" time="0.0007159">
        </testcase>
        <testcase classname="src/modules/channels/voice-livekit/speech-guard.test.ts" name="AddressGenderTracker — her own conjugation decides the table &gt; 2026-08-26 call regressions: the forms the LLM ACTUALLY used, all must flip" time="0.0004161">
        </testcase>
        <testcase classname="src/modules/channels/voice-livekit/speech-guard.test.ts" name="AddressGenderTracker — her own conjugation decides the table &gt; does NOT flip on the object-marker את (&quot;את הפרטים&quot;)" time="0.0001482">
        </testcase>
        <testcase classname="src/modules/channels/voice-livekit/speech-guard.test.ts" name="AddressGenderTracker — her own conjugation decides the table &gt; does NOT flip on her own feminine self-reference — &quot;אני בודקת&quot; is about HER" time="0.0001179">
        </testcase>
        <testcase classname="src/modules/channels/voice-livekit/speech-guard.test.ts" name="AddressGenderTracker — her own conjugation decides the table &gt; flips BACK on unambiguous masculine — &quot;אתה&quot; and the explicit לשון-זכר promise" time="0.0002616">
        </testcase>
        <testcase classname="src/modules/channels/voice-livekit/speech-guard.test.ts" name="AddressGenderTracker — her own conjugation decides the table &gt; an AMBIGUOUS masculine form does not flip back — &quot;היא תוכל&quot; is 3rd-person feminine" time="0.0001581">
        </testcase>
        <testcase classname="src/modules/channels/voice-livekit/speech-guard.test.ts" name="AddressGenderTracker — her own conjugation decides the table &gt; within one sentence, the LATEST unambiguous marker wins" time="0.0001186">
        </testcase>
        <testcase classname="src/modules/channels/voice-livekit/speech-guard.test.ts" name="AddressGenderTracker — her own conjugation decides the table &gt; catches a prefixed feminine verb (&quot;כשתרצי&quot;)" time="0.0001397">
        </testcase>
        <testcase classname="src/modules/channels/voice-livekit/speech-guard.test.ts" name="AddressGenderTracker — her own conjugation decides the table &gt; the CALLER self-identifying flips immediately, both directions" time="0.0007207">
        </testcase>
        <testcase classname="src/modules/channels/voice-livekit/speech-guard.test.ts" name="AddressGenderTracker — her own conjugation decides the table &gt; a caller utterance with NO clear signal changes nothing" time="0.0002089">
        </testcase>
        <testcase classname="src/modules/channels/voice-livekit/speech-guard.test.ts" name="AddressGenderTracker — her own conjugation decides the table &gt; without a tracker, guardStream keeps the pre-round-3 masculine behaviour" time="0.0004335">
        </testcase>
        <testcase classname="src/modules/channels/voice-livekit/speech-guard.test.ts" name="withFiller — the hesitation goes FIRST, never last &gt; puts the hesitation at the START of her reply" time="0.0011">
        </testcase>
        <testcase classname="src/modules/channels/voice-livekit/speech-guard.test.ts" name="withFiller — the hesitation goes FIRST, never last &gt; adds nothing at all when she did not need to think" time="0.0002641">
        </testcase>
        <testcase classname="src/modules/channels/voice-livekit/speech-guard.test.ts" name="withFiller — the hesitation goes FIRST, never last &gt; DROPS the hesitation when the step carries no words of her own (the tool-call step)" time="0.0006935">
        </testcase>
        <testcase classname="src/modules/channels/voice-livekit/speech-guard.test.ts" name="withFiller — the hesitation goes FIRST, never last &gt; drops it just the same when there is no acknowledgement and no reply" time="0.0002869">
        </testcase>
        <testcase classname="src/modules/channels/voice-livekit/speech-guard.test.ts" name="withFiller — the hesitation goes FIRST, never last &gt; lets the acknowledgement out FIRST and unheld, then hesitates before her real words" time="0.0004356">
        </testcase>
        <testcase classname="src/modules/channels/voice-livekit/speech-guard.test.ts" name="withFiller — the hesitation goes FIRST, never last &gt; reports through onUsed only when the word actually reached the TTS" time="0.0002685">
        </testcase>
        <testcase classname="src/modules/channels/voice-livekit/speech-guard.test.ts" name="withFiller — the hesitation goes FIRST, never last &gt; still declines to double a word the opener repeats — and does not spend the budget" time="0.0002343">
        </testcase>
        <testcase classname="src/modules/channels/voice-livekit/speech-guard.test.ts" name="notifyIfSilent — deliberate silence must be detectable &gt; reports a reply that the guard emptied — the twenty-second silence" time="0.000891">
            <system-out>
speech_guard {&quot;note&quot;:&quot;removed NO_RESPONSE_NEEDED (silence control token)&quot;,&quot;said&quot;:&quot;&quot;}

            </system-out>
        </testcase>
        <testcase classname="src/modules/channels/voice-livekit/speech-guard.test.ts" name="notifyIfSilent — deliberate silence must be detectable &gt; stays quiet when she actually said something" time="0.0008367">
        </testcase>
        <testcase classname="src/modules/channels/voice-livekit/speech-guard.test.ts" name="notifyIfSilent — deliberate silence must be detectable &gt; does not count whitespace as speech" time="0.0003025">
        </testcase>
        <testcase classname="src/modules/channels/voice-livekit/speech-guard.test.ts" name="notifyIfSilent — deliberate silence must be detectable &gt; passes the reply through byte for byte — it observes, it does not edit" time="0.0001932">
        </testcase>
        <testcase classname="src/modules/channels/voice-livekit/speech-guard.test.ts" name="dropAckEcho — the acknowledgement must never be delayed &gt; emits the acknowledgement before reading anything from the model" time="0.0012895">
        </testcase>
        <testcase classname="src/modules/channels/voice-livekit/speech-guard.test.ts" name="dropAckEcho — the acknowledgement must never be delayed &gt; drops the model echoing our word" time="0.0010528">
        </testcase>
        <testcase classname="src/modules/channels/voice-livekit/speech-guard.test.ts" name="dropAckEcho — the acknowledgement must never be delayed &gt; keeps a different opener untouched" time="0.0004825">
        </testcase>
        <testcase classname="src/modules/channels/voice-livekit/speech-guard.test.ts" name="dropAckEcho — the acknowledgement must never be delayed &gt; passes everything through when no acknowledgement was spoken" time="0.000489">
        </testcase>
        <testcase classname="src/modules/channels/voice-livekit/speech-guard.test.ts" name="dropAckEcho — the acknowledgement must never be delayed &gt; emits the reply verbatim if the prefix never arrives" time="0.0002344">
        </testcase>
        <testcase classname="src/modules/channels/voice-livekit/speech-guard.test.ts" name="dropAckEcho — the acknowledgement must never be delayed &gt; recognises the acknowledgement however the SDK re-chunked it" time="0.0005818">
        </testcase>
        <testcase classname="src/modules/channels/voice-livekit/speech-guard.test.ts" name="dropAckEcho — the acknowledgement must never be delayed &gt; does not wait for the model to produce its first word" time="0.0004833">
        </testcase>
        <testcase classname="src/modules/channels/voice-livekit/speech-guard.test.ts" name="guardSpeech — digits become colloquial Hebrew words (opt-in) &gt; is OFF by default — legacy callers and the kill-switch keep digit read-out" time="0.0004097">
        </testcase>
        <testcase classname="src/modules/channels/voice-livekit/speech-guard.test.ts" name="guardSpeech — digits become colloquial Hebrew words (opt-in) &gt; ON: the complaint sentence — &quot;16:30&quot; is spoken &quot;ארבע וחצי&quot;" time="0.003448">
        </testcase>
        <testcase classname="src/modules/channels/voice-livekit/speech-guard.test.ts" name="guardSpeech — digits become colloquial Hebrew words (opt-in) &gt; THE ORDER IS PINNED: normalizer runs BEFORE the gender tables, in one sentence" time="0.0008837">
        </testcase>
        <testcase classname="src/modules/channels/voice-livekit/speech-guard.test.ts" name="guardSpeech — digits become colloquial Hebrew words (opt-in) &gt; model-emitted niqqud in the same sentence is still stripped, the words still convert" time="0.0004072">
        </testcase>
        <testcase classname="src/modules/channels/voice-livekit/speech-guard.test.ts" name="guardSpeech — digits become colloquial Hebrew words (opt-in) &gt; a false booking claim carrying a time is rewritten FIRST — no digits survive either way" time="0.000454">
        </testcase>
        <testcase classname="src/modules/channels/voice-livekit/speech-guard.test.ts" name="guardStream — a time can never straddle a chunk boundary &gt; a time split across LLM chunks is reassembled before it is normalized" time="0.0012334">
            <system-out>
speech_guard {&quot;note&quot;:&quot;spoke digits as Hebrew words (time/phone/price)&quot;,&quot;said&quot;:&quot;מעשר וחצי עד שלוש.&quot;}

            </system-out>
        </testcase>
        <testcase classname="src/modules/channels/voice-livekit/speech-guard.test.ts" name="guardStream — a time can never straddle a chunk boundary &gt; streaming still flushes sentence-by-sentence with the normalizer on" time="0.0010326">
            <system-out>
speech_guard {&quot;note&quot;:&quot;spoke digits as Hebrew words (time/phone/price)&quot;,&quot;said&quot;:&quot;נתראה בארבע וחצי.&quot;}

            </system-out>
        </testcase>
        <testcase classname="src/modules/channels/voice-livekit/speech-guard.test.ts" name="guardSpeech — she introduces herself once &gt; drops a repeat greeting that is the whole sentence" time="0.0006551">
        </testcase>
        <testcase classname="src/modules/channels/voice-livekit/speech-guard.test.ts" name="guardSpeech — she introduces herself once &gt; takes the name that was riding on it — &quot;נעים מאוד, קורן.&quot; is not &quot;קורן.&quot;" time="0.0009842">
        </testcase>
        <testcase classname="src/modules/channels/voice-livekit/speech-guard.test.ts" name="guardSpeech — she introduces herself once &gt; takes a full name, both tokens" time="0.0006704">
        </testcase>
        <testcase classname="src/modules/channels/voice-livekit/speech-guard.test.ts" name="guardSpeech — she introduces herself once &gt; keeps the rest of the sentence when the greeting only opened it" time="0.0004747">
        </testcase>
        <testcase classname="src/modules/channels/voice-livekit/speech-guard.test.ts" name="guardSpeech — she introduces herself once &gt; leaves &quot;נעים מאוד לשמוע&quot; alone — that is a different sentence" time="0.0003595">
        </testcase>
        <testcase classname="src/modules/channels/voice-livekit/speech-guard.test.ts" name="guardSpeech — she introduces herself once &gt; never touches a word that merely contains the letters" time="0.0002187">
        </testcase>
        <testcase classname="src/modules/channels/voice-livekit/speech-guard.test.ts" name="guardSpeech — she introduces herself once &gt; leaves the FIRST greeting completely alone — allowIntroduction defaults to true" time="0.0002268">
        </testcase>
        <testcase classname="src/modules/channels/voice-livekit/speech-guard.test.ts" name="guardSpeech — she introduces herself once &gt; still recognises the greeting when the comma before the name is GONE" time="0.0004774">
        </testcase>
        <testcase classname="src/modules/channels/voice-livekit/speech-guard.test.ts" name="guardSpeech — she introduces herself once &gt; comma-less, full name, both tokens" time="0.0004369">
        </testcase>
        <testcase classname="src/modules/channels/voice-livekit/speech-guard.test.ts" name="guardSpeech — she introduces herself once &gt; comma-less needs the name to be a WHOLE word" time="0.0002562">
        </testcase>
        <testcase classname="src/modules/channels/voice-livekit/speech-guard.test.ts" name="guardSpeech — she introduces herself once &gt; comma-less, and we do NOT know his name → nothing is removed" time="0.0002485">
        </testcase>
        <testcase classname="src/modules/channels/voice-livekit/speech-guard.test.ts" name="guardSpeech — she introduces herself once &gt; &quot;נעים מאוד לשמוע&quot; survives even when we hold a name" time="0.0002031">
        </testcase>
        <testcase classname="src/modules/channels/voice-livekit/speech-guard.test.ts" name="guardStream — the first greeting passes, the second does not &gt; lets the introduction through while the call has not had one" time="0.0006614">
        </testcase>
        <testcase classname="src/modules/channels/voice-livekit/speech-guard.test.ts" name="guardStream — the first greeting passes, the second does not &gt; removes it once the call HAS had one — the FactMemory latch says so" time="0.0010974">
            <system-out>
speech_guard {&quot;note&quot;:&quot;removed a repeat greeting (she has already introduced herself)&quot;,&quot;said&quot;:&quot;&quot;}

            </system-out>
        </testcase>
        <testcase classname="src/modules/channels/voice-livekit/speech-guard.test.ts" name="guardStream — the first greeting passes, the second does not &gt; does not let one reply greet him twice — the latch has not committed yet" time="0.002878">
            <system-out>
speech_guard {&quot;note&quot;:&quot;removed a repeat greeting (she has already introduced herself)&quot;,&quot;said&quot;:&quot;&quot;}

            </system-out>
        </testcase>
        <testcase classname="src/modules/channels/voice-livekit/speech-guard.test.ts" name="guardStream — the first greeting passes, the second does not &gt; the kill-switch path keeps BOTH — the closure ignores the per-reply flag" time="0.0006297">
        </testcase>
        <testcase classname="src/modules/channels/voice-livekit/speech-guard.test.ts" name="מספר and דמו — the round-20 winners, and the contexts that decide them &gt; defaults to the NUMBER, which is what 32 of 32 sampled agent lines meant (m1/m2=C)" time="0.0004106">
        </testcase>
        <testcase classname="src/modules/channels/voice-livekit/speech-guard.test.ts" name="מספר and דמו — the round-20 winners, and the contexts that decide them &gt; takes the VERB only when the next word is a dative pronoun or על (m3=C)" time="0.0003979">
        </testcase>
        <testcase classname="src/modules/channels/voice-livekit/speech-guard.test.ts" name="מספר and דמו — the round-20 winners, and the contexts that decide them &gt; does NOT take the verb for &quot;מספר לקוחות&quot; — a NUMBER of customers" time="0.0002132">
        </testcase>
        <testcase classname="src/modules/channels/voice-livekit/speech-guard.test.ts" name="מספר and דמו — the round-20 winners, and the contexts that decide them &gt; sees the dative pronoun AFTER the gender pass has already pointed it" time="0.0002085">
        </testcase>
        <testcase classname="src/modules/channels/voice-livekit/speech-guard.test.ts" name="מספר and דמו — the round-20 winners, and the contexts that decide them &gt; points דמו by position, as he judged it — prefixed vs bare (d1=B, d2=C)" time="0.0003026">
        </testcase>
        <testcase classname="src/modules/channels/voice-livekit/speech-guard.test.ts" name="מספר and דמו — the round-20 winners, and the contexts that decide them &gt; is idempotent — the guard running twice must not double the marks" time="0.0003914">
        </testcase>
        <testcase classname="src/modules/channels/voice-livekit/speech-guard.test.ts" name="מספר and דמו — the round-20 winners, and the contexts that decide them &gt; runs inside the live guard, on the sentence from the 10:53 call" time="0.0003619">
        </testcase>
        <testcase classname="src/modules/channels/voice-livekit/speech-guard.test.ts" name="withFiller — the pair that covers a tool round-trip (round 19, f1) &gt; speaks the hesitation BEHIND the receipt when the step produced no words" time="0.0008158">
        </testcase>
        <testcase classname="src/modules/channels/voice-livekit/speech-guard.test.ts" name="withFiller — the pair that covers a tool round-trip (round 19, f1) &gt; does the same when a filler was ALSO armed — one sound behind the receipt, not two" time="0.0003954">
        </testcase>
        <testcase classname="src/modules/channels/voice-livekit/speech-guard.test.ts" name="withFiller — the pair that covers a tool round-trip (round 19, f1) &gt; still refuses to orphan a hesitation with nothing in front of it" time="0.0004643">
        </testcase>
        <testcase classname="src/modules/channels/voice-livekit/speech-guard.test.ts" name="withFiller — the pair that covers a tool round-trip (round 19, f1) &gt; adds nothing when the step DID produce words — that is an ordinary reply" time="0.0005754">
        </testcase>
        <testcase classname="src/modules/channels/voice-livekit/speech-guard.test.ts" name="withFiller — the pair that covers a tool round-trip (round 19, f1) &gt; adds nothing when the supplier declines — a spent budget, or a pair that may not share a breath" time="0.0002402">
        </testcase>
        <testcase classname="src/modules/channels/voice-livekit/speech-guard.test.ts" name="withFiller — the pair that covers a tool round-trip (round 19, f1) &gt; without the supplier the 2026-08-29 behaviour is byte-identical — the kill-switch path" time="0.0003013">
        </testcase>
    </testsuite>
    <testsuite name="src/modules/channels/voice-livekit/speech-numbers.test.ts" timestamp="2026-09-06T14:24:08.968Z" hostname="KorentzPC" tests="49" failures="0" errors="0" skipped="0" time="0.0175629">
        <testcase classname="src/modules/channels/voice-livekit/speech-numbers.test.ts" name="clock times — colloquial feminine hours (Koren, 2026-08-27) &gt; 16:30 → ארבע וחצי" time="0.0040278">
        </testcase>
        <testcase classname="src/modules/channels/voice-livekit/speech-numbers.test.ts" name="clock times — colloquial feminine hours (Koren, 2026-08-27) &gt; 16:00 → ארבע" time="0.000601">
        </testcase>
        <testcase classname="src/modules/channels/voice-livekit/speech-numbers.test.ts" name="clock times — colloquial feminine hours (Koren, 2026-08-27) &gt; 10:00 → עשר" time="0.0002917">
        </testcase>
        <testcase classname="src/modules/channels/voice-livekit/speech-numbers.test.ts" name="clock times — colloquial feminine hours (Koren, 2026-08-27) &gt; 16:15 → ארבע ורבע" time="0.0002231">
        </testcase>
        <testcase classname="src/modules/channels/voice-livekit/speech-numbers.test.ts" name="clock times — colloquial feminine hours (Koren, 2026-08-27) &gt; 16:45 → רבע לחמש" time="0.0003723">
        </testcase>
        <testcase classname="src/modules/channels/voice-livekit/speech-numbers.test.ts" name="clock times — colloquial feminine hours (Koren, 2026-08-27) &gt; 11:45 → רבע לשתים עשרה" time="0.0002803">
        </testcase>
        <testcase classname="src/modules/channels/voice-livekit/speech-numbers.test.ts" name="clock times — colloquial feminine hours (Koren, 2026-08-27) &gt; 23:45 → רבע לשתים עשרה" time="0.000165">
        </testcase>
        <testcase classname="src/modules/channels/voice-livekit/speech-numbers.test.ts" name="clock times — colloquial feminine hours (Koren, 2026-08-27) &gt; 12:45 → רבע לאחת" time="0.0001014">
        </testcase>
        <testcase classname="src/modules/channels/voice-livekit/speech-numbers.test.ts" name="clock times — colloquial feminine hours (Koren, 2026-08-27) &gt; 16:50 → עשרה לחמש" time="0.000161">
        </testcase>
        <testcase classname="src/modules/channels/voice-livekit/speech-numbers.test.ts" name="clock times — colloquial feminine hours (Koren, 2026-08-27) &gt; 16:55 → חמישה לחמש" time="0.0002268">
        </testcase>
        <testcase classname="src/modules/channels/voice-livekit/speech-numbers.test.ts" name="clock times — colloquial feminine hours (Koren, 2026-08-27) &gt; 16:20 → ארבע ועשרים" time="0.000343">
        </testcase>
        <testcase classname="src/modules/channels/voice-livekit/speech-numbers.test.ts" name="clock times — colloquial feminine hours (Koren, 2026-08-27) &gt; 10:05 → עשר וחמישה" time="0.0001373">
        </testcase>
        <testcase classname="src/modules/channels/voice-livekit/speech-numbers.test.ts" name="clock times — colloquial feminine hours (Koren, 2026-08-27) &gt; 10:10 → עשר ועשרה" time="0.0000882">
        </testcase>
        <testcase classname="src/modules/channels/voice-livekit/speech-numbers.test.ts" name="clock times — colloquial feminine hours (Koren, 2026-08-27) &gt; 14:25 → שתיים עשרים וחמישה" time="0.0000949">
        </testcase>
        <testcase classname="src/modules/channels/voice-livekit/speech-numbers.test.ts" name="clock times — colloquial feminine hours (Koren, 2026-08-27) &gt; 09:40 → תשע וארבעים" time="0.0000788">
        </testcase>
        <testcase classname="src/modules/channels/voice-livekit/speech-numbers.test.ts" name="clock times — colloquial feminine hours (Koren, 2026-08-27) &gt; 12:30 → שתים עשרה וחצי" time="0.0000732">
        </testcase>
        <testcase classname="src/modules/channels/voice-livekit/speech-numbers.test.ts" name="clock times — colloquial feminine hours (Koren, 2026-08-27) &gt; 00:30 → שתים עשרה וחצי" time="0.0000666">
        </testcase>
        <testcase classname="src/modules/channels/voice-livekit/speech-numbers.test.ts" name="clock times — colloquial feminine hours (Koren, 2026-08-27) &gt; 13:00 → אחת" time="0.0000732">
        </testcase>
        <testcase classname="src/modules/channels/voice-livekit/speech-numbers.test.ts" name="clock times — colloquial feminine hours (Koren, 2026-08-27) &gt; 22:30 → עשר וחצי" time="0.0000666">
        </testcase>
        <testcase classname="src/modules/channels/voice-livekit/speech-numbers.test.ts" name="clock times — colloquial feminine hours (Koren, 2026-08-27) &gt; keeps an attached prefix, dropping its hyphen: &quot;ב-16:30&quot; → &quot;בארבע וחצי&quot;" time="0.0006893">
        </testcase>
        <testcase classname="src/modules/channels/voice-livekit/speech-numbers.test.ts" name="clock times — colloquial feminine hours (Koren, 2026-08-27) &gt; a range converts BOTH ends: &quot;מ-10:00 עד 15:00&quot; → &quot;מעשר עד שלוש&quot;" time="0.0001871">
        </testcase>
        <testcase classname="src/modules/channels/voice-livekit/speech-numbers.test.ts" name="clock times — colloquial feminine hours (Koren, 2026-08-27) &gt; a dashed range becomes &quot;עד&quot; — hyphen and en-dash alike" time="0.0004163">
        </testcase>
        <testcase classname="src/modules/channels/voice-livekit/speech-numbers.test.ts" name="clock times — colloquial feminine hours (Koren, 2026-08-27) &gt; two windows, all four times converted" time="0.0001716">
        </testcase>
        <testcase classname="src/modules/channels/voice-livekit/speech-numbers.test.ts" name="clock times — the daypart heuristic is CONSERVATIVE &gt; a lone evening hour gets בערב — the one genuinely confusable direction" time="0.0002598">
        </testcase>
        <testcase classname="src/modules/channels/voice-livekit/speech-numbers.test.ts" name="clock times — the daypart heuristic is CONSERVATIVE &gt; daytime hours get NOTHING — context carries it" time="0.0001651">
        </testcase>
        <testcase classname="src/modules/channels/voice-livekit/speech-numbers.test.ts" name="clock times — the daypart heuristic is CONSERVATIVE &gt; never inside a range — &quot;מ-18:00 עד 20:00&quot; needs no daypart" time="0.0001109">
        </testcase>
        <testcase classname="src/modules/channels/voice-livekit/speech-numbers.test.ts" name="clock times — the daypart heuristic is CONSERVATIVE &gt; never doubled when the sentence already names one" time="0.0001205">
        </testcase>
        <testcase classname="src/modules/channels/voice-livekit/speech-numbers.test.ts" name="phone numbers — digit-by-digit, feminine, with grouping pauses &gt; the prompt example, enforced in code: &quot;050-1234567&quot;" time="0.00071">
        </testcase>
        <testcase classname="src/modules/channels/voice-livekit/speech-numbers.test.ts" name="phone numbers — digit-by-digit, feminine, with grouping pauses &gt; an unbroken mobile number gets the same grouping" time="0.0001802">
        </testcase>
        <testcase classname="src/modules/channels/voice-livekit/speech-numbers.test.ts" name="phone numbers — digit-by-digit, feminine, with grouping pauses &gt; a landline with a 2-digit prefix" time="0.0001129">
        </testcase>
        <testcase classname="src/modules/channels/voice-livekit/speech-numbers.test.ts" name="phone numbers — digit-by-digit, feminine, with grouping pauses &gt; a fragmented partial (&quot;888-45.&quot;) is NOT a phone and stays untouched" time="0.0002751">
        </testcase>
        <testcase classname="src/modules/channels/voice-livekit/speech-numbers.test.ts" name="prices — round shapes only, everything else untouched &gt; זה עולה 500 שקל לחודש → זה עולה חמש מאות שקל לחודש" time="0.0003623">
        </testcase>
        <testcase classname="src/modules/channels/voice-livekit/speech-numbers.test.ts" name="prices — round shapes only, everything else untouched &gt; בערך 200 שקלים → בערך מאתיים שקלים" time="0.0001321">
        </testcase>
        <testcase classname="src/modules/channels/voice-livekit/speech-numbers.test.ts" name="prices — round shapes only, everything else untouched &gt; 1000 ש&quot;ח → אלף ש&quot;ח" time="0.0000874">
        </testcase>
        <testcase classname="src/modules/channels/voice-livekit/speech-numbers.test.ts" name="prices — round shapes only, everything else untouched &gt; 5000 שקל → חמשת אלפים שקל" time="0.000074">
        </testcase>
        <testcase classname="src/modules/channels/voice-livekit/speech-numbers.test.ts" name="prices — round shapes only, everything else untouched &gt; 10000 שקל → עשרת אלפים שקל" time="0.0000724">
        </testcase>
        <testcase classname="src/modules/channels/voice-livekit/speech-numbers.test.ts" name="prices — round shapes only, everything else untouched &gt; a non-round amount is DELIBERATELY untouched — untouched beats wrong" time="0.0001534">
        </testcase>
        <testcase classname="src/modules/channels/voice-livekit/speech-numbers.test.ts" name="small integers — feminine by default, masculine only before the curated nouns &gt; 5 דקות → חמש דקות" time="0.0005035">
        </testcase>
        <testcase classname="src/modules/channels/voice-livekit/speech-numbers.test.ts" name="small integers — feminine by default, masculine only before the curated nouns &gt; 15 דקות → חמש עשרה דקות" time="0.0002679">
        </testcase>
        <testcase classname="src/modules/channels/voice-livekit/speech-numbers.test.ts" name="small integers — feminine by default, masculine only before the curated nouns &gt; 3 שעות → שלוש שעות" time="0.0000866">
        </testcase>
        <testcase classname="src/modules/channels/voice-livekit/speech-numbers.test.ts" name="small integers — feminine by default, masculine only before the curated nouns &gt; 2 שאלות → שתיים שאלות" time="0.0000701">
        </testcase>
        <testcase classname="src/modules/channels/voice-livekit/speech-numbers.test.ts" name="small integers — feminine by default, masculine only before the curated nouns &gt; 3 ימים → שלושה ימים" time="0.0000672">
        </testcase>
        <testcase classname="src/modules/channels/voice-livekit/speech-numbers.test.ts" name="small integers — feminine by default, masculine only before the curated nouns &gt; 3 ימים. → שלושה ימים." time="0.0000783">
        </testcase>
        <testcase classname="src/modules/channels/voice-livekit/speech-numbers.test.ts" name="small integers — feminine by default, masculine only before the curated nouns &gt; 2 שבועות → שני שבועות" time="0.0000769">
        </testcase>
        <testcase classname="src/modules/channels/voice-livekit/speech-numbers.test.ts" name="small integers — feminine by default, masculine only before the curated nouns &gt; 10 אחוז → עשרה אחוז" time="0.0000746">
        </testcase>
        <testcase classname="src/modules/channels/voice-livekit/speech-numbers.test.ts" name="small integers — feminine by default, masculine only before the curated nouns &gt; a date before a month name is skipped outright" time="0.0001454">
        </testcase>
        <testcase classname="src/modules/channels/voice-livekit/speech-numbers.test.ts" name="small integers — feminine by default, masculine only before the curated nouns &gt; numbers above 19 are not its business" time="0.0001402">
        </testcase>
        <testcase classname="src/modules/channels/voice-livekit/speech-numbers.test.ts" name="safety properties &gt; idempotent — normalizing twice is the same as once" time="0.0004418">
        </testcase>
        <testcase classname="src/modules/channels/voice-livekit/speech-numbers.test.ts" name="safety properties &gt; digit-free text passes through by reference-equal fast path" time="0.0001202">
        </testcase>
    </testsuite>
    <testsuite name="src/modules/channels/voice-livekit/spoken-openers.test.ts" timestamp="2026-09-06T14:24:08.985Z" hostname="KorentzPC" tests="23" failures="0" errors="0" skipped="0" time="0.0643619">
        <testcase classname="src/modules/channels/voice-livekit/spoken-openers.test.ts" name="the acknowledgement deck was already clean — the diagnosis, as a test &gt; never hands out the same receipt twice running, in any of its four configurations" time="0.014114">
        </testcase>
        <testcase classname="src/modules/channels/voice-livekit/spoken-openers.test.ts" name="SpokenOpenerTracker — the memory that made the comparison expressible &gt; starts with nothing to avoid" time="0.0006232">
        </testcase>
        <testcase classname="src/modules/channels/voice-livekit/spoken-openers.test.ts" name="SpokenOpenerTracker — the memory that made the comparison expressible &gt; compares on the first word, so our &quot;אוקיי.&quot; and the model&apos;s &quot;אוקיי, אז…&quot; are one opener" time="0.0005915">
        </testcase>
        <testcase classname="src/modules/channels/voice-livekit/spoken-openers.test.ts" name="SpokenOpenerTracker — the memory that made the comparison expressible &gt; a compound receipt is remembered by the word the caller heard first" time="0.0003679">
        </testcase>
        <testcase classname="src/modules/channels/voice-livekit/spoken-openers.test.ts" name="SpokenOpenerTracker — the memory that made the comparison expressible &gt; a reply that opened with no sound CLEARS the memory rather than keeping a stale one" time="0.0003323">
        </testcase>
        <testcase classname="src/modules/channels/voice-livekit/spoken-openers.test.ts" name="SpokenOpenerTracker — the memory that made the comparison expressible &gt; niqqud is not part of an opener — speech-guard adds it on the way to the TTS" time="0.0007263">
        </testcase>
        <testcase classname="src/modules/channels/voice-livekit/spoken-openers.test.ts" name="readLeadingOpener — only a word punctuated off from what follows &gt; reads the opener the caller hears" time="0.000786">
        </testcase>
        <testcase classname="src/modules/channels/voice-livekit/spoken-openers.test.ts" name="readLeadingOpener — only a word punctuated off from what follows &gt; a sentence that simply runs on has no opener" time="0.0002443">
        </testcase>
        <testcase classname="src/modules/channels/voice-livekit/spoken-openers.test.ts" name="readLeadingOpener — only a word punctuated off from what follows &gt; a number is not a reaction word" time="0.0002563">
        </testcase>
        <testcase classname="src/modules/channels/voice-livekit/spoken-openers.test.ts" name="observeFirstOpener — observes, never buffers &gt; reports the model&apos;s first word and passes every chunk through untouched" time="0.0018738">
        </testcase>
        <testcase classname="src/modules/channels/voice-livekit/spoken-openers.test.ts" name="observeFirstOpener — observes, never buffers &gt; reports null when the first chunk carries no opener — nothing is at the head" time="0.0005392">
        </testcase>
        <testcase classname="src/modules/channels/voice-livekit/spoken-openers.test.ts" name="chooseTurnOpener — the same word never opens two replies running &gt; the receipt deck refuses the word the caller just heard, whoever said it" time="0.0130358">
        </testcase>
        <testcase classname="src/modules/channels/voice-livekit/spoken-openers.test.ts" name="chooseTurnOpener — the same word never opens two replies running &gt; an earned comprehension claim is refused too when it would repeat" time="0.0098174">
        </testcase>
        <testcase classname="src/modules/channels/voice-livekit/spoken-openers.test.ts" name="chooseTurnOpener — the same word never opens two replies running &gt; THE ONE THAT COULD NOT ROTATE, AND NOW CAN: a second dictation nod picks another sound" time="0.0008072">
        </testcase>
        <testcase classname="src/modules/channels/voice-livekit/spoken-openers.test.ts" name="chooseTurnOpener — the same word never opens two replies running &gt; ...and falls SILENT rather than acknowledge if the bank is ever cut back to one" time="0.0003425">
        </testcase>
        <testcase classname="src/modules/channels/voice-livekit/spoken-openers.test.ts" name="chooseTurnOpener — the same word never opens two replies running &gt; A RECEIPT ON THE PREVIOUS TURN BLOCKS THE NOD THAT IS THE SAME SOUND" time="0.0107148">
        </testcase>
        <testcase classname="src/modules/channels/voice-livekit/spoken-openers.test.ts" name="chooseTurnOpener — the same word never opens two replies running &gt; the first dictation turn still nods — the rule only fires on a repeat" time="0.0020246">
        </testcase>
        <testcase classname="src/modules/channels/voice-livekit/spoken-openers.test.ts" name="chooseTurnOpener — the same word never opens two replies running &gt; a hesitation that would repeat is withheld unspoken, so the budget survives" time="0.0004583">
        </testcase>
        <testcase classname="src/modules/channels/voice-livekit/spoken-openers.test.ts" name="chooseTurnOpener — the same word never opens two replies running &gt; VOICE_OPENER_NO_REPEAT_ENABLED=false (avoidOpener null) restores the old behaviour" time="0.0004443">
        </testcase>
        <testcase classname="src/modules/channels/voice-livekit/spoken-openers.test.ts" name="chooseTurnOpener — the same word never opens two replies running &gt; end to end: forty turns of every mechanism, and no two adjacent openers match" time="0.0015907">
        </testcase>
        <testcase classname="src/modules/channels/voice-livekit/spoken-openers.test.ts" name="countConsecutiveOpenerRepeats vs countRepeatedOpeners &gt; the old metric scores perfect rotation and the same word every turn IDENTICALLY" time="0.0006087">
        </testcase>
        <testcase classname="src/modules/channels/voice-livekit/spoken-openers.test.ts" name="countConsecutiveOpenerRepeats vs countRepeatedOpeners &gt; a line with no opener breaks a run rather than joining it" time="0.0001681">
        </testcase>
        <testcase classname="src/modules/channels/voice-livekit/spoken-openers.test.ts" name="countConsecutiveOpenerRepeats vs countRepeatedOpeners &gt; every word in the receipt bank is counted the same way" time="0.0002441">
        </testcase>
    </testsuite>
    <testsuite name="src/modules/channels/voice-livekit/toolcall-leak.test.ts" timestamp="2026-09-06T14:24:08.993Z" hostname="KorentzPC" tests="26" failures="0" errors="0" skipped="0" time="0.0593927">
        <testcase classname="src/modules/channels/voice-livekit/toolcall-leak.test.ts" name="the 2026-08-31 leak — the exact string, and it can never be spoken &gt; scrubs the payload out of the raw string and keeps the sentence" time="0.0094126">
        </testcase>
        <testcase classname="src/modules/channels/voice-livekit/toolcall-leak.test.ts" name="the 2026-08-31 leak — the exact string, and it can never be spoken &gt; guardSpeech refuses it — the sentence-level path every reply takes" time="0.0074575">
        </testcase>
        <testcase classname="src/modules/channels/voice-livekit/toolcall-leak.test.ts" name="the 2026-08-31 leak — the exact string, and it can never be spoken &gt; guardStream refuses it however the SDK chunks it — and reports it once" time="0.0153435">
            <system-out>
toolcall_leak {&quot;reasons&quot;:[&quot;functions_route&quot;],&quot;rawChars&quot;:372,&quot;spokenChars&quot;:65,&quot;salvaged&quot;:&quot;אני מבינה.. . זה שואב המון זמן. כמה פניות בערך נכנסות אליךָ &quot;}
speech_guard {&quot;note&quot;:&quot;removed a tool-call payload before it was spoken (functions_route)&quot;,&quot;said&quot;:&quot;אני מבינה.. . זה שואב המון זמן. כמה פניות בערך נכנסות אליךָ ביום?&quot;}
speech_guard {&quot;note&quot;:&quot;stripped model-emitted niqqud (unverified pointing is unreliable on Cartesia)&quot;,&quot;said&quot;:&quot;אני מבינה.. . זה שואב המון זמן. כמה פניות בערך נכנסות אליךָ ביום?&quot;}

toolcall_leak {&quot;reasons&quot;:[&quot;functions_route&quot;],&quot;rawChars&quot;:372,&quot;spokenChars&quot;:65,&quot;salvaged&quot;:&quot;אני מבינה.. . זה שואב המון זמן. כמה פניות בערך נכנסות אליךָ &quot;}
speech_guard {&quot;note&quot;:&quot;removed a tool-call payload before it was spoken (functions_route)&quot;,&quot;said&quot;:&quot;אני מבינה.. . זה שואב המון זמן. כמה פניות בערך נכנסות אליךָ ביום?&quot;}
speech_guard {&quot;note&quot;:&quot;stripped model-emitted niqqud (unverified pointing is unreliable on Cartesia)&quot;,&quot;said&quot;:&quot;אני מבינה.. . זה שואב המון זמן. כמה פניות בערך נכנסות אליךָ ביום?&quot;}

toolcall_leak {&quot;reasons&quot;:[&quot;functions_route&quot;],&quot;rawChars&quot;:372,&quot;spokenChars&quot;:65,&quot;salvaged&quot;:&quot;אני מבינה.. . זה שואב המון זמן. כמה פניות בערך נכנסות אליךָ &quot;}
speech_guard {&quot;note&quot;:&quot;removed a tool-call payload before it was spoken (functions_route)&quot;,&quot;said&quot;:&quot;אני מבינה.. . זה שואב המון זמן. כמה פניות בערך נכנסות אליךָ ביום?&quot;}
speech_guard {&quot;note&quot;:&quot;stripped model-emitted niqqud (unverified pointing is unreliable on Cartesia)&quot;,&quot;said&quot;:&quot;אני מבינה.. . זה שואב המון זמן. כמה פניות בערך נכנסות אליךָ ביום?&quot;}

toolcall_leak {&quot;reasons&quot;:[&quot;functions_route&quot;],&quot;rawChars&quot;:372,&quot;spokenChars&quot;:65,&quot;salvaged&quot;:&quot;אני מבינה.. . זה שואב המון זמן. כמה פניות בערך נכנסות אליךָ &quot;}
speech_guard {&quot;note&quot;:&quot;removed a tool-call payload before it was spoken (functions_route)&quot;,&quot;said&quot;:&quot;אני מבינה.. . זה שואב המון זמן. כמה פניות בערך נכנסות אליךָ ביום?&quot;}
speech_guard {&quot;note&quot;:&quot;stripped model-emitted niqqud (unverified pointing is unreliable on Cartesia)&quot;,&quot;said&quot;:&quot;אני מבינה.. . זה שואב המון זמן. כמה פניות בערך נכנסות אליךָ ביום?&quot;}

            </system-out>
        </testcase>
        <testcase classname="src/modules/channels/voice-livekit/toolcall-leak.test.ts" name="the 2026-08-31 leak — the exact string, and it can never be spoken &gt; is still refused when a JSON value contains a sentence break" time="0.0019848">
            <system-out>
toolcall_leak {&quot;reasons&quot;:[&quot;functions_route&quot;],&quot;rawChars&quot;:114,&quot;spokenChars&quot;:19,&quot;salvaged&quot;:&quot;מעולה, נסגור על זה.&quot;}
speech_guard {&quot;note&quot;:&quot;removed a tool-call payload before it was spoken (functions_route)&quot;,&quot;said&quot;:&quot;מעולה, נסגור על זה.&quot;}

            </system-out>
        </testcase>
        <testcase classname="src/modules/channels/voice-livekit/toolcall-leak.test.ts" name="the 2026-08-31 leak — the exact string, and it can never be spoken &gt; says something safe rather than the payload when nothing human is left" time="0.001774">
            <system-out>
toolcall_leak {&quot;reasons&quot;:[&quot;functions_route&quot;],&quot;rawChars&quot;:75,&quot;spokenChars&quot;:0,&quot;salvaged&quot;:&quot;&quot;}
speech_guard {&quot;note&quot;:&quot;removed a tool-call payload before it was spoken (functions_route)&quot;,&quot;said&quot;:&quot;&quot;}

            </system-out>
        </testcase>
        <testcase classname="src/modules/channels/voice-livekit/toolcall-leak.test.ts" name="the 2026-08-31 leak — the exact string, and it can never be spoken &gt; the kill-switch really does turn it off — VOICE_TOOLCALL_LEAK_GUARD_ENABLED=false" time="0.0012037">
        </testcase>
        <testcase classname="src/modules/channels/voice-livekit/toolcall-leak.test.ts" name="the other shapes this failure takes &gt; strips OpenAI harmony control tokens" time="0.0009738">
        </testcase>
        <testcase classname="src/modules/channels/voice-livekit/toolcall-leak.test.ts" name="the other shapes this failure takes &gt; strips a bare JSON object with no routing header in front of it" time="0.0004438">
        </testcase>
        <testcase classname="src/modules/channels/voice-livekit/toolcall-leak.test.ts" name="the other shapes this failure takes &gt; strips a bare functions.&lt;name&gt; reference" time="0.0015548">
        </testcase>
        <testcase classname="src/modules/channels/voice-livekit/toolcall-leak.test.ts" name="the other shapes this failure takes &gt; strips a CJK glitch run on its own" time="0.0007767">
        </testcase>
        <testcase classname="src/modules/channels/voice-livekit/toolcall-leak.test.ts" name="the other shapes this failure takes &gt; strips an argument-key fragment whose opening brace never arrived" time="0.0009265">
        </testcase>
        <testcase classname="src/modules/channels/voice-livekit/toolcall-leak.test.ts" name="what it must NOT touch — the false-positive gate &gt; leaves alone: שלום, מדברת קרן, העוזרת הדיגיטלית של ClickSc…" time="0.0003652">
        </testcase>
        <testcase classname="src/modules/channels/voice-livekit/toolcall-leak.test.ts" name="what it must NOT touch — the false-positive gate &gt; leaves alone: אנחנו בונים סוכני AI לשיחות ווואטסאפ שמטפלים…" time="0.0001488">
        </testcase>
        <testcase classname="src/modules/channels/voice-livekit/toolcall-leak.test.ts" name="what it must NOT touch — the false-positive gate &gt; leaves alone: אז זה קורן at gmail dot com, נכון?…" time="0.0001284">
        </testcase>
        <testcase classname="src/modules/channels/voice-livekit/toolcall-leak.test.ts" name="what it must NOT touch — the false-positive gate &gt; leaves alone: הדמו מחר ב-10:30, מתאים לך?…" time="0.0001151">
        </testcase>
        <testcase classname="src/modules/channels/voice-livekit/toolcall-leak.test.ts" name="what it must NOT touch — the false-positive gate &gt; leaves alone: זה שמונה אותיות: k. a. s. k. o. r. e. n. נכו…" time="0.0003399">
        </testcase>
        <testcase classname="src/modules/channels/voice-livekit/toolcall-leak.test.ts" name="what it must NOT touch — the false-positive gate &gt; leaves alone: המספר הוא 050-1234567.…" time="0.0001718">
        </testcase>
        <testcase classname="src/modules/channels/voice-livekit/toolcall-leak.test.ts" name="what it must NOT touch — the false-positive gate &gt; leaves alone: We can walk through the functions. Then we b…" time="0.0002536">
        </testcase>
        <testcase classname="src/modules/channels/voice-livekit/toolcall-leak.test.ts" name="what it must NOT touch — the false-positive gate &gt; leaves alone: אני כאן, אין לחץ — קח את הזמן שאתה צריך ואני…" time="0.0001354">
        </testcase>
        <testcase classname="src/modules/channels/voice-livekit/toolcall-leak.test.ts" name="what it must NOT touch — the false-positive gate &gt; leaves alone: רגע... כמה פניות נכנסות אליךָ ביום פחות או י…" time="0.0002933">
        </testcase>
        <testcase classname="src/modules/channels/voice-livekit/toolcall-leak.test.ts" name="what it must NOT touch — the false-positive gate &gt; does not fire on an ordinary reply inside the full guard either" time="0.0004907">
        </testcase>
        <testcase classname="src/modules/channels/voice-livekit/toolcall-leak.test.ts" name="it runs BEFORE the other rules, which is the point of its position &gt; the number speller never sees the payload digits" time="0.0013285">
        </testcase>
        <testcase classname="src/modules/channels/voice-livekit/toolcall-leak.test.ts" name="it runs BEFORE the other rules, which is the point of its position &gt; a booking claim INSIDE a payload is removed, not rewritten into the truth-line" time="0.0005801">
        </testcase>
        <testcase classname="src/modules/channels/voice-livekit/toolcall-leak.test.ts" name="the guard is cheap enough to sit on the speech path &gt; adds no measurable buffering — it is a synchronous string pass" time="0.0006017">
        </testcase>
        <testcase classname="src/modules/channels/voice-livekit/toolcall-leak.test.ts" name="the guard is cheap enough to sit on the speech path &gt; never throws on adversarial input" time="0.0037515">
        </testcase>
        <testcase classname="src/modules/channels/voice-livekit/toolcall-leak.test.ts" name="it logs the leak without logging the payload &gt; the log line carries the reasons and a truncated salvage, never the JSON" time="0.005136">
        </testcase>
    </testsuite>
    <testsuite name="src/modules/channels/voice-livekit/turn-opener.test.ts" timestamp="2026-09-06T14:24:09.002Z" hostname="KorentzPC" tests="38" failures="0" errors="0" skipped="0" time="0.0281356">
        <testcase classname="src/modules/channels/voice-livekit/turn-opener.test.ts" name="chooseTurnOpener — a tool call changes what she says next &gt; opens a fresh turn with an acknowledgement — the &lt;1s mechanism is untouched" time="0.0043447">
        </testcase>
        <testcase classname="src/modules/channels/voice-livekit/turn-opener.test.ts" name="chooseTurnOpener — a tool call changes what she says next &gt; never acknowledges the caller TWICE on one turn — a post-tool step hesitates instead" time="0.0009248">
        </testcase>
        <testcase classname="src/modules/channels/voice-livekit/turn-opener.test.ts" name="chooseTurnOpener — a tool call changes what she says next &gt; says NOTHING when the call has spent its hesitations — silence beats a stray word" time="0.0004861">
        </testcase>
        <testcase classname="src/modules/channels/voice-livekit/turn-opener.test.ts" name="chooseTurnOpener — a tool call changes what she says next &gt; respects the thinking-filler kill-switch (VOICE_THINKING_FILLER_MS=0) — silent, not a receipt" time="0.000418">
        </testcase>
        <testcase classname="src/modules/channels/voice-livekit/turn-opener.test.ts" name="chooseTurnOpener — a tool call changes what she says next &gt; asks the SUPPLIER for the word — the deck, or the random pick, is the agent choice" time="0.0013993">
        </testcase>
        <testcase classname="src/modules/channels/voice-livekit/turn-opener.test.ts" name="chooseTurnOpener — a tool call changes what she says next &gt; never consults the supplier on a post-tool step — that step must not acknowledge again" time="0.0004306">
        </testcase>
        <testcase classname="src/modules/channels/voice-livekit/turn-opener.test.ts" name="chooseTurnOpener — a tool call changes what she says next &gt; never repeats the previous acknowledgement back-to-back" time="0.0031996">
        </testcase>
        <testcase classname="src/modules/channels/voice-livekit/turn-opener.test.ts" name="chooseTurnOpener — the caller is still reading out a number &gt; nods instead of acknowledging — &quot;טוב, הבנתי.&quot; mid-number was the bug" time="0.0006384">
        </testcase>
        <testcase classname="src/modules/channels/voice-livekit/turn-opener.test.ts" name="chooseTurnOpener — the caller is still reading out a number &gt; DRAWS FROM ALL THREE — his round-11 verdict was &quot;use each of them, randomly&quot;" time="0.001149">
        </testcase>
        <testcase classname="src/modules/channels/voice-livekit/turn-opener.test.ts" name="chooseTurnOpener — the caller is still reading out a number &gt; the draw is uniform — with an injected random, every member is reachable at its index" time="0.0006498">
        </testcase>
        <testcase classname="src/modules/channels/voice-livekit/turn-opener.test.ts" name="chooseTurnOpener — the caller is still reading out a number &gt; does not spend an acknowledgement from the deck — the nod is a different act" time="0.0002567">
        </testcase>
        <testcase classname="src/modules/channels/voice-livekit/turn-opener.test.ts" name="chooseTurnOpener — the caller is still reading out a number &gt; does not spend a thinking filler either — it is not a hesitation" time="0.0001747">
        </testcase>
        <testcase classname="src/modules/channels/voice-livekit/turn-opener.test.ts" name="chooseTurnOpener — the caller is still reading out a number &gt; a post-tool step still hesitates — that step is not answering a caller turn at all" time="0.0003879">
        </testcase>
        <testcase classname="src/modules/channels/voice-livekit/turn-opener.test.ts" name="chooseTurnOpener — the caller is still reading out a number &gt; VOICE_DICTATION_NOD_ENABLED=false restores the receipt exactly" time="0.0002604">
        </testcase>
        <testcase classname="src/modules/channels/voice-livekit/turn-opener.test.ts" name="chooseTurnOpener — the caller is still reading out a number &gt; falls back to a receipt when no nod is supplied at all" time="0.0002146">
        </testcase>
        <testcase classname="src/modules/channels/voice-livekit/turn-opener.test.ts" name="chooseTurnOpener — a comprehension claim needs the caller to have said something &gt; hands the permission through to the supplier, and withholds it by default" time="0.0013284">
        </testcase>
        <testcase classname="src/modules/channels/voice-livekit/turn-opener.test.ts" name="chooseTurnOpener — a comprehension claim needs the caller to have said something &gt; omitting callerShared entirely is the same as &quot;he did not&quot; — no signal, no claim" time="0.0004905">
        </testcase>
        <testcase classname="src/modules/channels/voice-livekit/turn-opener.test.ts" name="allowsArmedFiller — which two sounds may share one breath &gt; KOREN&apos;S PICK: a receipt may be followed by a hesitation — card n4a variant A" time="0.0005637">
        </testcase>
        <testcase classname="src/modules/channels/voice-livekit/turn-opener.test.ts" name="allowsArmedFiller — which two sounds may share one breath &gt; every receipt in the bank pairs with every hesitation in the bank — EXCEPT אמ / אֶממ" time="0.001338">
        </testcase>
        <testcase classname="src/modules/channels/voice-livekit/turn-opener.test.ts" name="allowsArmedFiller — which two sounds may share one breath &gt; ROUND-11 CARD `p1`, HIS VERDICT: אמ. + אֶממ... is refused, אמ. + רֶגַע... is allowed" time="0.000453">
        </testcase>
        <testcase classname="src/modules/channels/voice-livekit/turn-opener.test.ts" name="allowsArmedFiller — which two sounds may share one breath &gt; THE ONE HE RULED OUT: רגע and שנייה can never both be spoken" time="0.0002249">
        </testcase>
        <testcase classname="src/modules/channels/voice-livekit/turn-opener.test.ts" name="allowsArmedFiller — which two sounds may share one breath &gt; and no other same-bank pair either — two hesitations are the same act twice" time="0.0008268">
        </testcase>
        <testcase classname="src/modules/channels/voice-livekit/turn-opener.test.ts" name="allowsArmedFiller — which two sounds may share one breath &gt; NOTHING EVER STACKS ON A NOD — and it is now the KIND that says so, not the sound" time="0.0006977">
        </testcase>
        <testcase classname="src/modules/channels/voice-livekit/turn-opener.test.ts" name="allowsArmedFiller — which two sounds may share one breath &gt; ...which matters because the three nods are NOT one category — this is the trap, named" time="0.0003266">
        </testcase>
        <testcase classname="src/modules/channels/voice-livekit/turn-opener.test.ts" name="allowsArmedFiller — which two sounds may share one breath &gt; silence leaves the position free" time="0.0001109">
        </testcase>
        <testcase classname="src/modules/channels/voice-livekit/turn-opener.test.ts" name="allowsArmedFiller — which two sounds may share one breath &gt; nothing to pair with is not a pairing" time="0.0001146">
        </testcase>
        <testcase classname="src/modules/channels/voice-livekit/turn-opener.test.ts" name="allowsArmedFiller — which two sounds may share one breath &gt; an unscreened sound never pairs — silent failure is the module rule" time="0.000139">
        </testcase>
        <testcase classname="src/modules/channels/voice-livekit/turn-opener.test.ts" name="allowsArmedFiller — which two sounds may share one breath &gt; VOICE_FILLER_PAIRING_ENABLED=false restores the hard one-sound cap exactly" time="0.0001212">
        </testcase>
        <testcase classname="src/modules/channels/voice-livekit/turn-opener.test.ts" name="allowsArmedFiller — which two sounds may share one breath &gt; the stem rule never blocks a pair the coarse kill-switch would have allowed" time="0.0002408">
        </testcase>
        <testcase classname="src/modules/channels/voice-livekit/turn-opener.test.ts" name="openingSoundCategory — read out of the banks, not out of a copy of them &gt; the two banks are disjoint on their leading token" time="0.0003931">
        </testcase>
        <testcase classname="src/modules/channels/voice-livekit/turn-opener.test.ts" name="openingSoundCategory — read out of the banks, not out of a copy of them &gt; the round-10 banks classify, and the words they replaced no longer do" time="0.0002488">
        </testcase>
        <testcase classname="src/modules/channels/voice-livekit/turn-opener.test.ts" name="openingSoundCategory — read out of the banks, not out of a copy of them &gt; a niqqud mark is a pronunciation instruction, not a different sound" time="0.0001524">
        </testcase>
        <testcase classname="src/modules/channels/voice-livekit/turn-opener.test.ts" name="openingSoundCategory — read out of the banks, not out of a copy of them &gt; a compound receipt is classified by its first word" time="0.0001045">
        </testcase>
        <testcase classname="src/modules/channels/voice-livekit/turn-opener.test.ts" name="chunkCallsTool — the signal that a step is not a reply &gt; sees a tool call in the delta the SDK itself reads" time="0.0002203">
        </testcase>
        <testcase classname="src/modules/channels/voice-livekit/turn-opener.test.ts" name="chunkCallsTool — the signal that a step is not a reply &gt; is false for our own injected strings, for text deltas and for junk" time="0.0002437">
        </testcase>
        <testcase classname="src/modules/channels/voice-livekit/turn-opener.test.ts" name="chooseTurnOpener — the caller asked a question &gt; says nothing, and does not spend the deck doing it" time="0.000421">
        </testcase>
        <testcase classname="src/modules/channels/voice-livekit/turn-opener.test.ts" name="chooseTurnOpener — the caller asked a question &gt; is OFF by default — a missing signal is the receipt that shipped" time="0.0002566">
        </testcase>
        <testcase classname="src/modules/channels/voice-livekit/turn-opener.test.ts" name="chooseTurnOpener — the caller asked a question &gt; never takes a step away from the two branches he judged by ear" time="0.0003056">
        </testcase>
    </testsuite>
    <testsuite name="src/modules/channels/voice-livekit/voice-livekit.dial-config.test.ts" timestamp="2026-09-06T14:24:09.010Z" hostname="KorentzPC" tests="5" failures="0" errors="0" skipped="0" time="0.0184066">
        <testcase classname="src/modules/channels/voice-livekit/voice-livekit.dial-config.test.ts" name="outbound dial — a missing SIP trunk must not look like a placed call &gt; THROWS instead of returning a success-shaped result" time="0.0086294">
        </testcase>
        <testcase classname="src/modules/channels/voice-livekit/voice-livekit.dial-config.test.ts" name="outbound dial — a missing SIP trunk must not look like a placed call &gt; never resolves to the old { callId: &quot;skipped&quot; } shape" time="0.0013238">
        </testcase>
        <testcase classname="src/modules/channels/voice-livekit/voice-livekit.dial-config.test.ts" name="outbound dial — a missing SIP trunk must not look like a placed call &gt; logs a greppable event, without the lead phone number" time="0.0022379">
        </testcase>
        <testcase classname="src/modules/channels/voice-livekit/voice-livekit.dial-config.test.ts" name="outbound dial — a missing SIP trunk must not look like a placed call &gt; an empty-string trunk id counts as unset, not as a usable trunk" time="0.0012093">
        </testcase>
        <testcase classname="src/modules/channels/voice-livekit/voice-livekit.dial-config.test.ts" name="outbound dial — a missing SIP trunk must not look like a placed call &gt; still dials normally once the trunk id is present" time="0.0023652">
        </testcase>
    </testsuite>
    <testsuite name="src/modules/channels/voice-livekit/voice-mode.test.ts" timestamp="2026-09-06T14:24:09.011Z" hostname="KorentzPC" tests="23" failures="0" errors="0" skipped="0" time="0.0321494">
        <testcase classname="src/modules/channels/voice-livekit/voice-mode.test.ts" name="normalisePauses &gt; lets through the three lengths that were actually heard" time="0.0046102">
        </testcase>
        <testcase classname="src/modules/channels/voice-livekit/voice-mode.test.ts" name="normalisePauses &gt; deletes a duration nobody has ever listened to" time="0.0005504">
        </testcase>
        <testcase classname="src/modules/channels/voice-livekit/voice-mode.test.ts" name="normalisePauses &gt; deletes any other tag the model invents" time="0.001208">
        </testcase>
        <testcase classname="src/modules/channels/voice-livekit/voice-mode.test.ts" name="normalisePauses &gt; accepts the spacing the model actually writes, and normalises it" time="0.0004568">
        </testcase>
        <testcase classname="src/modules/channels/voice-livekit/voice-mode.test.ts" name="normalisePauses &gt; does not swallow a sentence that merely contains an angle bracket" time="0.0004177">
        </testcase>
        <testcase classname="src/modules/channels/voice-livekit/voice-mode.test.ts" name="normalisePauses &gt; costs nothing on the sentence that has no tag, which is almost all of them" time="0.0013611">
        </testcase>
        <testcase classname="src/modules/channels/voice-livekit/voice-mode.test.ts" name="normalisePauses &gt; DELETES approved tags too when the feature is off" time="0.0003505">
        </testcase>
        <testcase classname="src/modules/channels/voice-livekit/voice-mode.test.ts" name="normalisePauses &gt; knows the pause is Cartesia SSML and nothing else" time="0.0003159">
        </testcase>
        <testcase classname="src/modules/channels/voice-livekit/voice-mode.test.ts" name="normalisePauses &gt; hasPause sees an approved pause and not an invented one" time="0.0003172">
        </testcase>
        <testcase classname="src/modules/channels/voice-livekit/voice-mode.test.ts" name="the guard &gt; passes an approved pause through to Cartesia untouched" time="0.006541">
        </testcase>
        <testcase classname="src/modules/channels/voice-livekit/voice-mode.test.ts" name="the guard &gt; counts and removes one the model invented" time="0.0026864">
        </testcase>
        <testcase classname="src/modules/channels/voice-livekit/voice-mode.test.ts" name="the guard &gt; strips every tag when the feature is off" time="0.0006568">
        </testcase>
        <testcase classname="src/modules/channels/voice-livekit/voice-mode.test.ts" name="the guard &gt; KEEPS THE FILLER POINTED when the pause is a tag and not an ellipsis" time="0.0007457">
        </testcase>
        <testcase classname="src/modules/channels/voice-livekit/voice-mode.test.ts" name="the guard &gt; still leaves the bare dictation nod unpointed" time="0.0004992">
        </testcase>
        <testcase classname="src/modules/channels/voice-livekit/voice-mode.test.ts" name="the guard &gt; does not treat a pause as a tool-call leak" time="0.0004735">
        </testcase>
        <testcase classname="src/modules/channels/voice-livekit/voice-mode.test.ts" name="the prompt half &gt; teaches the three lengths in the three places that won their cards" time="0.0003687">
        </testcase>
        <testcase classname="src/modules/channels/voice-livekit/voice-mode.test.ts" name="the prompt half &gt; draws the line at what she already knows, not at how important the sentence is" time="0.0002953">
        </testcase>
        <testcase classname="src/modules/channels/voice-livekit/voice-mode.test.ts" name="the prompt half &gt; offers no speed and no marker, because both were replaced by the pause" time="0.0002638">
        </testcase>
        <testcase classname="src/modules/channels/voice-livekit/voice-mode.test.ts" name="the prompt half &gt; is a real kill-switch: OFF is the prompt that shipped without it" time="0.0006261">
        </testcase>
        <testcase classname="src/modules/channels/voice-livekit/voice-mode.test.ts" name="the prompt half &gt; costs under 2% of the prompt, which is re-sent on every turn" time="0.0002929">
        </testcase>
        <testcase classname="src/modules/channels/voice-livekit/voice-mode.test.ts" name="both halves move on one flag &gt; gates the prompt section and the validator on the flag AND the engine" time="0.0019872">
        </testcase>
        <testcase classname="src/modules/channels/voice-livekit/voice-mode.test.ts" name="both halves move on one flag &gt; reports the pauses and the tags that had to be deleted" time="0.0020812">
        </testcase>
        <testcase classname="src/modules/channels/voice-livekit/voice-mode.test.ts" name="both halves move on one flag &gt; has no speed handling left anywhere in the feature" time="0.0016469">
        </testcase>
    </testsuite>
    <testsuite name="src/modules/channels/voice-livekit/written-laughter.test.ts" timestamp="2026-09-06T14:24:09.016Z" hostname="KorentzPC" tests="9" failures="0" errors="0" skipped="0" time="0.0210638">
        <testcase classname="src/modules/channels/voice-livekit/written-laughter.test.ts" name="stripWrittenLaughter &gt; removes the exact sentence she said in production, comma and all" time="0.0034022">
        </testcase>
        <testcase classname="src/modules/channels/voice-livekit/written-laughter.test.ts" name="stripWrittenLaughter &gt; catches every spelling the prompt names" time="0.0013993">
        </testcase>
        <testcase classname="src/modules/channels/voice-livekit/written-laughter.test.ts" name="stripWrittenLaughter &gt; DOES NOT EAT A HEBREW WORD THAT MERELY CONTAINS חח" time="0.0008803">
        </testcase>
        <testcase classname="src/modules/channels/voice-livekit/written-laughter.test.ts" name="stripWrittenLaughter &gt; leaves the ordinary word הא alone — only the doubling is laughter" time="0.0014645">
        </testcase>
        <testcase classname="src/modules/channels/voice-livekit/written-laughter.test.ts" name="stripWrittenLaughter &gt; costs nothing on the sentence that has none, which is almost all of them" time="0.0004373">
        </testcase>
        <testcase classname="src/modules/channels/voice-livekit/written-laughter.test.ts" name="stripWrittenLaughter &gt; counts each run, so the report can say how often she ignored the rule" time="0.0007503">
        </testcase>
        <testcase classname="src/modules/channels/voice-livekit/written-laughter.test.ts" name="the guard &gt; strips it unconditionally — there is no flag, because no engine performs it" time="0.0064779">
        </testcase>
        <testcase classname="src/modules/channels/voice-livekit/written-laughter.test.ts" name="the guard &gt; does not make her silent when the laugh was the whole reply" time="0.0008647">
        </testcase>
        <testcase classname="src/modules/channels/voice-livekit/written-laughter.test.ts" name="the guard &gt; still lets a real sentence about laughing through" time="0.002663">
        </testcase>
    </testsuite>
    <testsuite name="src/modules/channels/zadarma/zadarma.routes.test.ts" timestamp="2026-09-06T14:24:09.018Z" hostname="KorentzPC" tests="5" failures="0" errors="0" skipped="0" time="0.3166261">
        <testcase classname="src/modules/channels/zadarma/zadarma.routes.test.ts" name="zadarma webhooks — survived the legacy voice module deletion &gt; GET /webhooks/voice/zadarma?zd_echo=&lt;v&gt; returns the value as plain text" time="0.2505916">
        </testcase>
        <testcase classname="src/modules/channels/zadarma/zadarma.routes.test.ts" name="zadarma webhooks — survived the legacy voice module deletion &gt; GET without the echo param still 200s" time="0.0101883">
        </testcase>
        <testcase classname="src/modules/channels/zadarma/zadarma.routes.test.ts" name="zadarma webhooks — survived the legacy voice module deletion &gt; POST an answered call with a recording → enqueues analysis" time="0.0141864">
        </testcase>
        <testcase classname="src/modules/channels/zadarma/zadarma.routes.test.ts" name="zadarma webhooks — survived the legacy voice module deletion &gt; POST an unanswered call → 204, nothing enqueued" time="0.0236998">
        </testcase>
        <testcase classname="src/modules/channels/zadarma/zadarma.routes.test.ts" name="zadarma webhooks — survived the legacy voice module deletion &gt; POST for a call with no monitor mapping → skipped, never enqueued" time="0.0143383">
        </testcase>
    </testsuite>
    <testsuite name="src/modules/channels/whatsapp/whatsapp-phone.test.ts" timestamp="2026-09-06T14:24:09.019Z" hostname="KorentzPC" tests="5" failures="0" errors="0" skipped="0" time="0.0061436">
        <testcase classname="src/modules/channels/whatsapp/whatsapp-phone.test.ts" name="toWhatsAppE164 &gt; turns a leading-zero Israeli mobile into +972" time="0.0024945">
        </testcase>
        <testcase classname="src/modules/channels/whatsapp/whatsapp-phone.test.ts" name="toWhatsAppE164 &gt; is idempotent for already-E.164 numbers" time="0.0003903">
        </testcase>
        <testcase classname="src/modules/channels/whatsapp/whatsapp-phone.test.ts" name="toWhatsAppE164 &gt; adds the plus to a 972-prefixed number" time="0.0002488">
        </testcase>
        <testcase classname="src/modules/channels/whatsapp/whatsapp-phone.test.ts" name="toWhatsAppE164 &gt; adds the country code to a bare 9-digit mobile" time="0.0002282">
        </testcase>
        <testcase classname="src/modules/channels/whatsapp/whatsapp-phone.test.ts" name="toWhatsAppE164 &gt; leaves an unrecognized/foreign number untouched — let Twilio surface the error" time="0.0001725">
        </testcase>
    </testsuite>
    <testsuite name="src/modules/channels/whatsapp/whatsapp-window.test.ts" timestamp="2026-09-06T14:24:09.020Z" hostname="KorentzPC" tests="11" failures="0" errors="0" skipped="0" time="0.0167479">
        <testcase classname="src/modules/channels/whatsapp/whatsapp-window.test.ts" name="resolveWhatsappSendMode — the window decides, not the sender &gt; 23:59 since last inbound → freeform (window still open)" time="0.0025676">
        </testcase>
        <testcase classname="src/modules/channels/whatsapp/whatsapp-window.test.ts" name="resolveWhatsappSendMode — the window decides, not the sender &gt; 24:01 since last inbound → window closed → template (with consent + SID)" time="0.0020957">
        </testcase>
        <testcase classname="src/modules/channels/whatsapp/whatsapp-window.test.ts" name="resolveWhatsappSendMode — the window decides, not the sender &gt; never messaged us + no consent → blocked no_consent" time="0.0005217">
        </testcase>
        <testcase classname="src/modules/channels/whatsapp/whatsapp-window.test.ts" name="resolveWhatsappSendMode — the window decides, not the sender &gt; out of window, consent, but no SID for the slot → blocked no_template" time="0.0004115">
        </testcase>
        <testcase classname="src/modules/channels/whatsapp/whatsapp-window.test.ts" name="resolveWhatsappSendMode — the window decides, not the sender &gt; UChat-only (no template support) out of window → blocked regardless of consent" time="0.0003738">
        </testcase>
        <testcase classname="src/modules/channels/whatsapp/whatsapp-window.test.ts" name="resolveWhatsappSendMode — the window decides, not the sender &gt; in-window freeform requires NO consent — they messaged us first" time="0.0002736">
        </testcase>
        <testcase classname="src/modules/channels/whatsapp/whatsapp-window.test.ts" name="resolveWhatsappTemplates &gt; accepts all four slot keys including first_touch" time="0.0016854">
        </testcase>
        <testcase classname="src/modules/channels/whatsapp/whatsapp-window.test.ts" name="resolveWhatsappTemplates &gt; drops malformed entries and unknown keys, tolerates garbage settings" time="0.0006681">
        </testcase>
        <testcase classname="src/modules/channels/whatsapp/whatsapp-window.test.ts" name="touchWhatsappWindow &gt; stamps last_inbound_whatsapp_at with the given instant" time="0.0034693">
        </testcase>
        <testcase classname="src/modules/channels/whatsapp/whatsapp-window.test.ts" name="touchWhatsappWindow &gt; accepts every Israeli phone format (suffix matching handles +972/0/dashes)" time="0.0010144">
        </testcase>
        <testcase classname="src/modules/channels/whatsapp/whatsapp-window.test.ts" name="touchWhatsappWindow &gt; refuses to stamp on a suffix too short to identify anyone" time="0.0007436">
        </testcase>
    </testsuite>
    <testsuite name="src/modules/integrations/airtable/lead-board.test.ts" timestamp="2026-09-06T14:24:09.022Z" hostname="KorentzPC" tests="13" failures="0" errors="0" skipped="0" time="0.0141717">
        <testcase classname="src/modules/integrations/airtable/lead-board.test.ts" name="resolveLeadSource &gt; reads Meta Lead Ads leads as Facebook" time="0.0033496">
        </testcase>
        <testcase classname="src/modules/integrations/airtable/lead-board.test.ts" name="resolveLeadSource &gt; lets a click id outrank utm_source" time="0.000775">
        </testcase>
        <testcase classname="src/modules/integrations/airtable/lead-board.test.ts" name="resolveLeadSource &gt; maps the usual utm_source spellings" time="0.0010233">
        </testcase>
        <testcase classname="src/modules/integrations/airtable/lead-board.test.ts" name="resolveLeadSource &gt; does not match a token hiding inside an unrelated word" time="0.0003804">
        </testcase>
        <testcase classname="src/modules/integrations/airtable/lead-board.test.ts" name="resolveLeadSource &gt; falls back to Organic" time="0.0002517">
        </testcase>
        <testcase classname="src/modules/integrations/airtable/lead-board.test.ts" name="buildLeadBoardFields &gt; always stamps Status, Stage and Source" time="0.0007233">
        </testcase>
        <testcase classname="src/modules/integrations/airtable/lead-board.test.ts" name="buildLeadBoardFields &gt; writes select values as plain strings, never as { id } objects" time="0.0004873">
        </testcase>
        <testcase classname="src/modules/integrations/airtable/lead-board.test.ts" name="buildLeadBoardFields &gt; maps name, email and phone onto the board field ids" time="0.000413">
        </testcase>
        <testcase classname="src/modules/integrations/airtable/lead-board.test.ts" name="buildLeadBoardFields &gt; OMITS absent values rather than sending empty strings" time="0.0018434">
        </testcase>
        <testcase classname="src/modules/integrations/airtable/lead-board.test.ts" name="buildLeadBoardFields &gt; never writes the sales team’s own columns" time="0.0005706">
        </testcase>
        <testcase classname="src/modules/integrations/airtable/lead-board.test.ts" name="buildLeadBoardFields &gt; carries Meta ad attribution when it is there" time="0.0003823">
        </testcase>
        <testcase classname="src/modules/integrations/airtable/lead-board.test.ts" name="buildLeadBoardFields &gt; falls back to utm_* for a website lead that carries query params" time="0.0003438">
        </testcase>
        <testcase classname="src/modules/integrations/airtable/lead-board.test.ts" name="buildLeadBoardFields &gt; ticks Approved Mailing only when consent was actually granted" time="0.0004417">
        </testcase>
    </testsuite>
    <testsuite name="src/modules/scheduling/providers/google-calendar.scope.test.ts" timestamp="2026-09-06T14:24:09.026Z" hostname="KorentzPC" tests="6" failures="0" errors="0" skipped="0" time="0.020544">
        <testcase classname="src/modules/scheduling/providers/google-calendar.scope.test.ts" name="attendee-invite block is per credential scope &gt; one tenant&apos;s 403 does not stop another tenant inviting attendees" time="0.0088084">
            <system-err>
gcal_attendee_invites_blocked — falling back to attendee-less events. Grant the service account Domain-Wide Delegation to fix.

            </system-err>
        </testcase>
        <testcase classname="src/modules/scheduling/providers/google-calendar.scope.test.ts" name="attendee-invite block is per credential scope &gt; still caches within one scope, so the 403 is paid once and not per booking" time="0.0026366">
            <system-err>
gcal_attendee_invites_blocked — falling back to attendee-less events. Grant the service account Domain-Wide Delegation to fix.

            </system-err>
        </testcase>
        <testcase classname="src/modules/scheduling/providers/google-calendar.scope.test.ts" name="attendee-invite block is per credential scope &gt; a second instance on the SAME credentials shares the cache" time="0.0014041">
            <system-err>
gcal_attendee_invites_blocked — falling back to attendee-less events. Grant the service account Domain-Wide Delegation to fix.

            </system-err>
        </testcase>
        <testcase classname="src/modules/scheduling/providers/google-calendar.scope.test.ts" name="circuit breaker is per credential scope &gt; one tenant&apos;s broken calendar does not open the breaker for another" time="0.0019575">
        </testcase>
        <testcase classname="src/modules/scheduling/providers/google-calendar.scope.test.ts" name="a booking with no attendee email never asks Google to invite one &gt; inserts once, with no attendees array, and reports the invite as not sent" time="0.0008963">
        </testcase>
        <testcase classname="src/modules/scheduling/providers/google-calendar.scope.test.ts" name="a booking with no attendee email never asks Google to invite one &gt; still invites when an address IS present" time="0.0018011">
        </testcase>
    </testsuite>
    <testsuite name="src/modules/integrations/google-calendar/google-calendar.connection.test.ts" timestamp="2026-09-06T14:24:09.029Z" hostname="KorentzPC" tests="6" failures="0" errors="0" skipped="0" time="0.0218953">
        <testcase classname="src/modules/integrations/google-calendar/google-calendar.connection.test.ts" name="completeConnection proves the grant before storing it &gt; stores the connection when the calendar can actually be read" time="0.0109873">
        </testcase>
        <testcase classname="src/modules/integrations/google-calendar/google-calendar.connection.test.ts" name="completeConnection proves the grant before storing it &gt; REFUSES to store a connection whose calendar cannot be read" time="0.0032577">
        </testcase>
        <testcase classname="src/modules/integrations/google-calendar/google-calendar.connection.test.ts" name="completeConnection proves the grant before storing it &gt; refuses a grant with no refresh token rather than storing one that dies in an hour" time="0.0014464">
        </testcase>
        <testcase classname="src/modules/integrations/google-calendar/google-calendar.connection.test.ts" name="completeConnection proves the grant before storing it &gt; does not fail the connection just because the account label could not be fetched" time="0.0019296">
        </testcase>
        <testcase classname="src/modules/integrations/google-calendar/google-calendar.connection.test.ts" name="isInvalidGrant &gt; recognises the shapes googleapis actually throws" time="0.0008102">
        </testcase>
        <testcase classname="src/modules/integrations/google-calendar/google-calendar.connection.test.ts" name="isInvalidGrant &gt; does not mistake a transient failure for a dead grant" time="0.0008712">
        </testcase>
    </testsuite>
    <testsuite name="src/modules/scheduling/reminders/reminder-scheduler.test.ts" timestamp="2026-09-06T14:24:09.031Z" hostname="KorentzPC" tests="9" failures="0" errors="0" skipped="0" time="0.0207073">
        <testcase classname="src/modules/scheduling/reminders/reminder-scheduler.test.ts" name="computeReminderPlan — pure epoch math &gt; meeting 3 days out, defaults, both channels → 4 entries with exact delays" time="0.0055739">
        </testcase>
        <testcase classname="src/modules/scheduling/reminders/reminder-scheduler.test.ts" name="computeReminderPlan — pure epoch math &gt; meeting 20h out → the T-24h pair falls out naturally, only T-1h remains" time="0.0015983">
        </testcase>
        <testcase classname="src/modules/scheduling/reminders/reminder-scheduler.test.ts" name="computeReminderPlan — pure epoch math &gt; meeting 40min out → no reminders at all" time="0.0004234">
        </testcase>
        <testcase classname="src/modules/scheduling/reminders/reminder-scheduler.test.ts" name="computeReminderPlan — pure epoch math &gt; DST-crossing booking: T-24h is exactly 86,400,000ms before the meeting instant" time="0.0004517">
        </testcase>
        <testcase classname="src/modules/scheduling/reminders/reminder-scheduler.test.ts" name="computeReminderPlan — pure epoch math &gt; no phone → email-only entries; disabled → nothing" time="0.0006094">
        </testcase>
        <testcase classname="src/modules/scheduling/reminders/reminder-scheduler.test.ts" name="reminderJobId — deterministic, cancellable by name &gt; encodes call, offset, channel, and deferral hop" time="0.000429">
        </testcase>
        <testcase classname="src/modules/scheduling/reminders/reminder-scheduler.test.ts" name="scheduleReminders — enqueue + tenant-scoped persistence &gt; enqueues each entry with its deterministic jobId + delay, persists jobIds on the row" time="0.0067438">
        </testcase>
        <testcase classname="src/modules/scheduling/reminders/reminder-scheduler.test.ts" name="scheduleReminders — enqueue + tenant-scoped persistence &gt; empty plan (meeting in 30min) → no enqueue, no DB write, empty jobIds" time="0.0012368">
        </testcase>
        <testcase classname="src/modules/scheduling/reminders/reminder-scheduler.test.ts" name="cancelMeetingReminders &gt; removes what it can, counts removals, never throws on missing jobs" time="0.000713">
        </testcase>
    </testsuite>
    <testsuite name="src/modules/scheduling/reminders/reminder-settings.test.ts" timestamp="2026-09-06T14:24:09.033Z" hostname="KorentzPC" tests="7" failures="0" errors="0" skipped="0" time="0.0118173">
        <testcase classname="src/modules/scheduling/reminders/reminder-settings.test.ts" name="resolveReminderSettings &gt; absent/garbage settings → full defaults (T-24h + T-1h, both channels, 21:00-08:00)" time="0.0033145">
        </testcase>
        <testcase classname="src/modules/scheduling/reminders/reminder-settings.test.ts" name="resolveReminderSettings &gt; enabled:false is honored — reminders are a feature, not a safety boundary" time="0.000627">
        </testcase>
        <testcase classname="src/modules/scheduling/reminders/reminder-settings.test.ts" name="resolveReminderSettings &gt; offsets are clamped (5min–14d), deduped, capped at 6, rounded" time="0.0032634">
        </testcase>
        <testcase classname="src/modules/scheduling/reminders/reminder-settings.test.ts" name="resolveReminderSettings &gt; all-invalid offsets fall back to the defaults — never an empty schedule silently" time="0.0005823">
        </testcase>
        <testcase classname="src/modules/scheduling/reminders/reminder-settings.test.ts" name="resolveReminderSettings &gt; QUIET HOURS CANNOT BE REMOVED: absent, malformed, or degenerate → the default window" time="0.0008369">
        </testcase>
        <testcase classname="src/modules/scheduling/reminders/reminder-settings.test.ts" name="resolveReminderSettings &gt; a valid custom quiet window is honored (per-tenant knob)" time="0.0003519">
        </testcase>
        <testcase classname="src/modules/scheduling/reminders/reminder-settings.test.ts" name="resolveReminderSettings &gt; channels filter to the two known values" time="0.0003439">
        </testcase>
    </testsuite>
    <testsuite name="src/modules/scheduling/reminders/reminder-templates.test.ts" timestamp="2026-09-06T14:24:09.036Z" hostname="KorentzPC" tests="6" failures="0" errors="0" skipped="0" time="0.0090339">
        <testcase classname="src/modules/scheduling/reminders/reminder-templates.test.ts" name="buildReminderMessage &gt; T-24h WhatsApp: name, slot, company, link, and the reply-to-reschedule hook" time="0.0035128">
        </testcase>
        <testcase classname="src/modules/scheduling/reminders/reminder-templates.test.ts" name="buildReminderMessage &gt; T-1h email: subject says one hour, body keeps the hook" time="0.0006179">
        </testcase>
        <testcase classname="src/modules/scheduling/reminders/reminder-templates.test.ts" name="buildReminderMessage &gt; no meet link → the whole line disappears, never undefined/blank" time="0.0006402">
        </testcase>
        <testcase classname="src/modules/scheduling/reminders/reminder-templates.test.ts" name="buildReminderMessage &gt; formal tone (BusinessProfile) switches the register — no emoji, אנא-style Hebrew" time="0.0004077">
        </testcase>
        <testcase classname="src/modules/scheduling/reminders/reminder-templates.test.ts" name="buildReminderMessage &gt; tenant overrides beat both registers, with placeholder interpolation" time="0.0004832">
        </testcase>
        <testcase classname="src/modules/scheduling/reminders/reminder-templates.test.ts" name="buildReminderMessage &gt; no BusinessProfile at all → graceful phrasing without a company" time="0.0004866">
        </testcase>
    </testsuite>
    <testsuite name="src/modules/channels/voice-livekit/compliance/compliance.test.ts" timestamp="2026-09-06T14:24:09.038Z" hostname="KorentzPC" tests="15" failures="0" errors="0" skipped="0" time="0.0572802">
        <testcase classname="src/modules/channels/voice-livekit/compliance/compliance.test.ts" name="hasAiDisclosure — what counts as telling the caller she is an AI &gt; matches every phrasing the prompt or a natural goodbye would use" time="0.0047264">
        </testcase>
        <testcase classname="src/modules/channels/voice-livekit/compliance/compliance.test.ts" name="hasAiDisclosure — what counts as telling the caller she is an AI &gt; does NOT fire on ordinary sales talk about AI agents — the product IS AI agents" time="0.0015875">
        </testcase>
        <testcase classname="src/modules/channels/voice-livekit/compliance/compliance.test.ts" name="CallReport — the ai_disclosure verdict is settled from the transcript &gt; &apos;during_call&apos; when she disclosed unprompted" time="0.0075305">
        </testcase>
        <testcase classname="src/modules/channels/voice-livekit/compliance/compliance.test.ts" name="CallReport — the ai_disclosure verdict is settled from the transcript &gt; &apos;at_end&apos; when end_call had to ask for it and the goodbye delivered" time="0.0021815">
        </testcase>
        <testcase classname="src/modules/channels/voice-livekit/compliance/compliance.test.ts" name="CallReport — the ai_disclosure verdict is settled from the transcript &gt; &apos;missed&apos; when the goodbye instruction was ignored — the audit finding" time="0.0013432">
        </testcase>
        <testcase classname="src/modules/channels/voice-livekit/compliance/compliance.test.ts" name="CallReport — the ai_disclosure verdict is settled from the transcript &gt; a caller line never counts as the AGENT disclosing" time="0.0011356">
        </testcase>
        <testcase classname="src/modules/channels/voice-livekit/compliance/compliance.test.ts" name="CallReport — the ai_disclosure verdict is settled from the transcript &gt; an explicit during_call record wins — resolve is idempotent" time="0.0007593">
        </testcase>
        <testcase classname="src/modules/channels/voice-livekit/compliance/compliance.test.ts" name="CallReport — the ai_disclosure verdict is settled from the transcript &gt; recording-notice facts ride the same compliance record" time="0.0038603">
        </testcase>
        <testcase classname="src/modules/channels/voice-livekit/compliance/compliance.test.ts" name="parseWavPcm16 — the pre-roll asset parser &gt; parses rate, channels and every sample" time="0.0016664">
        </testcase>
        <testcase classname="src/modules/channels/voice-livekit/compliance/compliance.test.ts" name="parseWavPcm16 — the pre-roll asset parser &gt; parses the REAL committed asset — the file the caller will actually hear" time="0.0236628">
        </testcase>
        <testcase classname="src/modules/channels/voice-livekit/compliance/compliance.test.ts" name="parseWavPcm16 — the pre-roll asset parser &gt; refuses garbage instead of playing it into a call" time="0.0019612">
        </testcase>
        <testcase classname="src/modules/channels/voice-livekit/compliance/compliance.test.ts" name="pcmFrames — the framing that was choppy on the phone &gt; emits fixed-size frames with a short final frame, losing no samples" time="0.0007406">
        </testcase>
        <testcase classname="src/modules/channels/voice-livekit/compliance/compliance.test.ts" name="pcmFrames — the framing that was choppy on the phone &gt; handles an exact multiple (no empty trailing frame)" time="0.0002079">
        </testcase>
        <testcase classname="src/modules/channels/voice-livekit/compliance/compliance.test.ts" name="pcmFrames — the framing that was choppy on the phone &gt; rejects a non-positive frame size instead of looping forever" time="0.0002487">
        </testcase>
        <testcase classname="src/modules/channels/voice-livekit/compliance/compliance.test.ts" name="pcmFrames — the framing that was choppy on the phone &gt; the REAL asset now frames at 10ms — telephony-friendly (aligns with 20ms packets), not 100ms" time="0.0019424">
        </testcase>
    </testsuite>
    <testsuite name="src/modules/channels/voice-livekit/stt/soniox.stt.test.ts" timestamp="2026-09-06T14:24:09.045Z" hostname="KorentzPC" tests="24" failures="0" errors="0" skipped="0" time="0.0370223">
        <testcase classname="src/modules/channels/voice-livekit/stt/soniox.stt.test.ts" name="resolveTurnDetection — the silent-agent guard &gt; allows the default: vad turn detection on the OpenAI STT" time="0.0026419">
        </testcase>
        <testcase classname="src/modules/channels/voice-livekit/stt/soniox.stt.test.ts" name="resolveTurnDetection — the silent-agent guard &gt; allows stt turn detection on Soniox, which does emit an end-of-speech signal" time="0.0005625">
        </testcase>
        <testcase classname="src/modules/channels/voice-livekit/stt/soniox.stt.test.ts" name="resolveTurnDetection — the silent-agent guard &gt; REFUSES stt turn detection on the OpenAI STT — the agent would never answer" time="0.001814">
        </testcase>
        <testcase classname="src/modules/channels/voice-livekit/stt/soniox.stt.test.ts" name="resolveTurnDetection — the silent-agent guard &gt; allows Soniox with the vad timer — a valid fallback if its endpoint disappoints" time="0.0004443">
        </testcase>
        <testcase classname="src/modules/channels/voice-livekit/stt/soniox.stt.test.ts" name="parseBiasTerms &gt; splits the Whisper-style prompt into the term array Soniox wants" time="0.0013175">
        </testcase>
        <testcase classname="src/modules/channels/voice-livekit/stt/soniox.stt.test.ts" name="parseBiasTerms &gt; drops empty terms rather than biasing the recogniser toward an empty string" time="0.0006517">
        </testcase>
        <testcase classname="src/modules/channels/voice-livekit/stt/soniox.stt.test.ts" name="withPreflightSurvival &gt; drafts once the caller stops adding words for the pause window" time="0.0079403">
        </testcase>
        <testcase classname="src/modules/channels/voice-livekit/stt/soniox.stt.test.ts" name="withPreflightSurvival &gt; fires on REVISED text, which the old equality trigger could never do" time="0.0019935">
        </testcase>
        <testcase classname="src/modules/channels/voice-livekit/stt/soniox.stt.test.ts" name="withPreflightSurvival &gt; cancels an armed draft when the caller keeps talking" time="0.0013141">
        </testcase>
        <testcase classname="src/modules/channels/voice-livekit/stt/soniox.stt.test.ts" name="withPreflightSurvival &gt; never drafts twice from the same text" time="0.0011877">
        </testcase>
        <testcase classname="src/modules/channels/voice-livekit/stt/soniox.stt.test.ts" name="withPreflightSurvival &gt; caps drafts per turn — a caller who pauses every other word cannot spend unbounded LLM calls" time="0.0011557">
        </testcase>
        <testcase classname="src/modules/channels/voice-livekit/stt/soniox.stt.test.ts" name="withPreflightSurvival &gt; starts a fresh budget on the next turn" time="0.0014445">
        </testcase>
        <testcase classname="src/modules/channels/voice-livekit/stt/soniox.stt.test.ts" name="withPreflightSurvival &gt; ignores interims too short to be worth an LLM call" time="0.0008885">
        </testcase>
        <testcase classname="src/modules/channels/voice-livekit/stt/soniox.stt.test.ts" name="withPreflightSurvival &gt; treats an empty interim as a keep-alive, not as speech" time="0.0006232">
        </testcase>
        <testcase classname="src/modules/channels/voice-livekit/stt/soniox.stt.test.ts" name="withPreflightSurvival &gt; passes every original event through untouched, in order" time="0.0010246">
        </testcase>
        <testcase classname="src/modules/channels/voice-livekit/stt/soniox.stt.test.ts" name="withPreflightSurvival &gt; does not put to a closed queue when the caller hangs up mid-pause" time="0.000772">
        </testcase>
        <testcase classname="src/modules/channels/voice-livekit/stt/soniox.stt.test.ts" name="withPreflightSurvival &gt; still installs the punctuation rescue when the pause injector is off" time="0.002817">
            <system-out>
preflight_punctuation_rescue {&quot;drafted&quot;:&quot;תגידי, את יודעת&quot;,&quot;committed&quot;:&quot;תגידי, את יודעת.&quot;}

            </system-out>
        </testcase>
        <testcase classname="src/modules/channels/voice-livekit/stt/soniox.stt.test.ts" name="withPreflightSurvival &gt; disables itself rather than throwing when the pause is configured to zero" time="0.0010901">
        </testcase>
        <testcase classname="src/modules/channels/voice-livekit/stt/soniox.stt.test.ts" name="preflight punctuation rescue &gt; drops a full stop the caller never said, so the draft survives" time="0.0011351">
            <system-out>
preflight_punctuation_rescue {&quot;drafted&quot;:&quot;תגידי, את יודעת&quot;,&quot;committed&quot;:&quot;תגידי, את יודעת.&quot;}

            </system-out>
        </testcase>
        <testcase classname="src/modules/channels/voice-livekit/stt/soniox.stt.test.ts" name="preflight punctuation rescue &gt; drops a question mark too — the real case that cost 2958ms" time="0.0008433">
            <system-out>
preflight_punctuation_rescue {&quot;drafted&quot;:&quot;את יודעת להביע רגש&quot;,&quot;committed&quot;:&quot;את יודעת להביע רגש?&quot;}

            </system-out>
        </testcase>
        <testcase classname="src/modules/channels/voice-livekit/stt/soniox.stt.test.ts" name="preflight punctuation rescue &gt; REFUSES to rewrite when the caller actually said more" time="0.000463">
        </testcase>
        <testcase classname="src/modules/channels/voice-livekit/stt/soniox.stt.test.ts" name="preflight punctuation rescue &gt; leaves internal punctuation alone" time="0.0003811">
        </testcase>
        <testcase classname="src/modules/channels/voice-livekit/stt/soniox.stt.test.ts" name="preflight punctuation rescue &gt; does not apply a stale draft to the next utterance" time="0.0003989">
        </testcase>
        <testcase classname="src/modules/channels/voice-livekit/stt/soniox.stt.test.ts" name="preflight punctuation rescue &gt; passes a final through untouched when no draft was taken" time="0.0003454">
        </testcase>
    </testsuite>
    <testsuite name="src/modules/channels/voice-livekit/stt/wer.test.ts" timestamp="2026-09-06T14:24:09.052Z" hostname="KorentzPC" tests="16" failures="0" errors="0" skipped="0" time="0.0163649">
        <testcase classname="src/modules/channels/voice-livekit/stt/wer.test.ts" name="normalize &gt; strips punctuation and collapses whitespace" time="0.0030759">
        </testcase>
        <testcase classname="src/modules/channels/voice-livekit/stt/wer.test.ts" name="normalize &gt; strips the Hebrew maqaf, which STT engines emit inconsistently" time="0.0014532">
        </testcase>
        <testcase classname="src/modules/channels/voice-livekit/stt/wer.test.ts" name="errorRates &gt; scores a perfect transcription as zero" time="0.0010408">
        </testcase>
        <testcase classname="src/modules/channels/voice-livekit/stt/wer.test.ts" name="errorRates &gt; scores one wrong word out of three as 1/3" time="0.0007422">
        </testcase>
        <testcase classname="src/modules/channels/voice-livekit/stt/wer.test.ts" name="errorRates &gt; ignores punctuation differences between reference and hypothesis" time="0.0004861">
        </testcase>
        <testcase classname="src/modules/channels/voice-livekit/stt/wer.test.ts" name="errorRates &gt; can exceed 1.0 when the engine hallucinates extra words — Hebrew STT really does this" time="0.0005501">
        </testcase>
        <testcase classname="src/modules/channels/voice-livekit/stt/wer.test.ts" name="errorRates &gt; flags an empty hypothesis rather than scoring it as merely bad" time="0.0004911">
        </testcase>
        <testcase classname="src/modules/channels/voice-livekit/stt/wer.test.ts" name="errorRates &gt; never scores an empty reference as a perfect 0% — that would be a corpus bug reading as a win" time="0.000314">
        </testcase>
        <testcase classname="src/modules/channels/voice-livekit/stt/wer.test.ts" name="errorRates &gt; CER sees a Hebrew prefix-splitting near-miss that WER calls a total loss" time="0.000423">
        </testcase>
        <testcase classname="src/modules/channels/voice-livekit/stt/wer.test.ts" name="canonicalizeNumbers — comparing meaning, not formatting &gt; turns a phone number said aloud into the same digits the engine wrote down" time="0.0016042">
        </testcase>
        <testcase classname="src/modules/channels/voice-livekit/stt/wer.test.ts" name="canonicalizeNumbers — comparing meaning, not formatting &gt; folds a multiplier: &quot;עשרים אלף&quot; is 20000, not the two numbers 20 and 1000" time="0.0003875">
        </testcase>
        <testcase classname="src/modules/channels/voice-livekit/stt/wer.test.ts" name="canonicalizeNumbers — comparing meaning, not formatting &gt; handles the glued Hebrew prefix: &quot;בשלוש&quot; (&quot;at three&quot;) is 3" time="0.000485">
        </testcase>
        <testcase classname="src/modules/channels/voice-livekit/stt/wer.test.ts" name="canonicalizeNumbers — comparing meaning, not formatting &gt; scores Soniox&apos;s digitised phone number as CORRECT, where naive WER called it 77% wrong" time="0.0009568">
        </testcase>
        <testcase classname="src/modules/channels/voice-livekit/stt/wer.test.ts" name="canonicalizeNumbers — comparing meaning, not formatting &gt; does NOT forgive a genuinely wrong number" time="0.0003339">
        </testcase>
        <testcase classname="src/modules/channels/voice-livekit/stt/wer.test.ts" name="canonicalizeNumbers — comparing meaning, not formatting &gt; leaves ordinary words alone" time="0.000291">
        </testcase>
        <testcase classname="src/modules/channels/voice-livekit/stt/wer.test.ts" name="editDistance &gt; counts substitutions, insertions and deletions" time="0.0003641">
        </testcase>
    </testsuite>
    <testsuite name="src/modules/channels/voice-livekit/tools/book-meeting.tool.test.ts" timestamp="2026-09-06T14:24:09.055Z" hostname="KorentzPC" tests="29" failures="0" errors="0" skipped="0" time="0.0917932">
        <testcase classname="src/modules/channels/voice-livekit/tools/book-meeting.tool.test.ts" name="executeBookMeeting — happy path &gt; re-checks on the offered grid, books on the meeting duration, persists provider=google" time="0.0208701">
            <system-err>
usage_meter_failed {&quot;kind&quot;:&quot;lead&quot;,&quot;tenantId&quot;:&quot;tenant-1&quot;,&quot;leadId&quot;:&quot;lead-new&quot;,&quot;error&quot;:&quot;db.transaction is not a function&quot;}

            </system-err>
        </testcase>
        <testcase classname="src/modules/channels/voice-livekit/tools/book-meeting.tool.test.ts" name="executeBookMeeting — happy path &gt; books on the grid the lead was actually offered (30-min meeting → 45-min blocks)" time="0.0037395">
            <system-err>
usage_meter_failed {&quot;kind&quot;:&quot;lead&quot;,&quot;tenantId&quot;:&quot;tenant-1&quot;,&quot;leadId&quot;:&quot;lead-new&quot;,&quot;error&quot;:&quot;db.transaction is not a function&quot;}

            </system-err>
        </testcase>
        <testcase classname="src/modules/channels/voice-livekit/tools/book-meeting.tool.test.ts" name="executeBookMeeting — the re-check kills races and hallucinations &gt; rejects a taken slot and offers the two nearest real alternatives" time="0.002144">
        </testcase>
        <testcase classname="src/modules/channels/voice-livekit/tools/book-meeting.tool.test.ts" name="executeBookMeeting — the re-check kills races and hallucinations &gt; an invented slot_datetime is never free — same rejection path" time="0.0022572">
        </testcase>
        <testcase classname="src/modules/channels/voice-livekit/tools/book-meeting.tool.test.ts" name="executeBookMeeting — the re-check kills races and hallucinations &gt; a fully-booked day says so and points back to check_calendar_availability" time="0.0019528">
        </testcase>
        <testcase classname="src/modules/channels/voice-livekit/tools/book-meeting.tool.test.ts" name="executeBookMeeting — argument validation &gt; rejects a nonsense email with a retryable instruction" time="0.0008815">
        </testcase>
        <testcase classname="src/modules/channels/voice-livekit/tools/book-meeting.tool.test.ts" name="executeBookMeeting — argument validation &gt; normalizes an STT-style email (&quot;dana at example dot com&quot;)" time="0.0027437">
            <system-err>
usage_meter_failed {&quot;kind&quot;:&quot;lead&quot;,&quot;tenantId&quot;:&quot;tenant-1&quot;,&quot;leadId&quot;:&quot;lead-new&quot;,&quot;error&quot;:&quot;db.transaction is not a function&quot;}

            </system-err>
        </testcase>
        <testcase classname="src/modules/channels/voice-livekit/tools/book-meeting.tool.test.ts" name="executeBookMeeting — argument validation &gt; rejects a past slot_datetime" time="0.0008899">
        </testcase>
        <testcase classname="src/modules/channels/voice-livekit/tools/book-meeting.tool.test.ts" name="executeBookMeeting — lead identity, always tenant-scoped &gt; outbound call: updates the known lead (backfill + verbal consent), inserts nothing" time="0.0027662">
        </testcase>
        <testcase classname="src/modules/channels/voice-livekit/tools/book-meeting.tool.test.ts" name="executeBookMeeting — lead identity, always tenant-scoped &gt; inbound with a phone match: reuses the existing lead" time="0.0018124">
        </testcase>
        <testcase classname="src/modules/channels/voice-livekit/tools/book-meeting.tool.test.ts" name="executeBookMeeting — lead identity, always tenant-scoped &gt; inbound stranger: creates a qualified voice-livekit lead" time="0.0022958">
            <system-err>
usage_meter_failed {&quot;kind&quot;:&quot;lead&quot;,&quot;tenantId&quot;:&quot;tenant-1&quot;,&quot;leadId&quot;:&quot;lead-new&quot;,&quot;error&quot;:&quot;db.transaction is not a function&quot;}

            </system-err>
        </testcase>
        <testcase classname="src/modules/channels/voice-livekit/tools/book-meeting.tool.test.ts" name="executeBookMeeting — she never claims an email that was not sent &gt; inviteSent=true → the confirmation mentions the emailed invite" time="0.0019211">
            <system-err>
usage_meter_failed {&quot;kind&quot;:&quot;lead&quot;,&quot;tenantId&quot;:&quot;tenant-1&quot;,&quot;leadId&quot;:&quot;lead-new&quot;,&quot;error&quot;:&quot;db.transaction is not a function&quot;}

            </system-err>
        </testcase>
        <testcase classname="src/modules/channels/voice-livekit/tools/book-meeting.tool.test.ts" name="executeBookMeeting — she never claims an email that was not sent &gt; inviteSent=false (service-account 403 fallback) → &quot;team will email details&quot;, no invite claim" time="0.0019885">
            <system-err>
usage_meter_failed {&quot;kind&quot;:&quot;lead&quot;,&quot;tenantId&quot;:&quot;tenant-1&quot;,&quot;leadId&quot;:&quot;lead-new&quot;,&quot;error&quot;:&quot;db.transaction is not a function&quot;}

            </system-err>
        </testcase>
        <testcase classname="src/modules/channels/voice-livekit/tools/book-meeting.tool.test.ts" name="executeBookMeeting — calendar beats database &gt; a DB failure AFTER the event exists still returns success — the meeting is real" time="0.0016794">
            <system-err>
book_meeting_db_write_failed {&quot;tenantId&quot;:&quot;tenant-1&quot;,&quot;bookingUid&quot;:&quot;evt-123&quot;,&quot;error&quot;:&quot;db down&quot;}

            </system-err>
        </testcase>
        <testcase classname="src/modules/channels/voice-livekit/tools/book-meeting.tool.test.ts" name="executeBookMeeting — meeting reminders hook (C1) &gt; booking ~71h out → 4 delayed jobs (T-24h + T-1h × wa/email) keyed to the scheduled_calls row, jobIds persisted" time="0.0045473">
            <system-err>
usage_meter_failed {&quot;kind&quot;:&quot;lead&quot;,&quot;tenantId&quot;:&quot;tenant-1&quot;,&quot;leadId&quot;:&quot;lead-new&quot;,&quot;error&quot;:&quot;db.transaction is not a function&quot;}

            </system-err>
        </testcase>
        <testcase classname="src/modules/channels/voice-livekit/tools/book-meeting.tool.test.ts" name="executeBookMeeting — meeting reminders hook (C1) &gt; reminder scheduling failure NEVER fails the booking (invariant 2 extends to reminders)" time="0.0028018">
            <system-err>
usage_meter_failed {&quot;kind&quot;:&quot;lead&quot;,&quot;tenantId&quot;:&quot;tenant-1&quot;,&quot;leadId&quot;:&quot;lead-new&quot;,&quot;error&quot;:&quot;db.transaction is not a function&quot;}

reminder_schedule_failed {&quot;tenantId&quot;:&quot;tenant-1&quot;,&quot;scheduledCallId&quot;:&quot;lead-new&quot;,&quot;error&quot;:&quot;redis down&quot;}

            </system-err>
        </testcase>
        <testcase classname="src/modules/channels/voice-livekit/tools/book-meeting.tool.test.ts" name="executeBookMeeting — meeting reminders hook (C1) &gt; no remindersQueue (Redis was down at call start) → booking proceeds, hook silently skipped" time="0.0030333">
            <system-err>
usage_meter_failed {&quot;kind&quot;:&quot;lead&quot;,&quot;tenantId&quot;:&quot;tenant-1&quot;,&quot;leadId&quot;:&quot;lead-new&quot;,&quot;error&quot;:&quot;db.transaction is not a function&quot;}

            </system-err>
        </testcase>
        <testcase classname="src/modules/channels/voice-livekit/tools/book-meeting.tool.test.ts" name="executeBookMeeting — state-machine guardrails &gt; refuses to book straight out of the greeting (stage=opening — an injection, not a lead)" time="0.0015289">
        </testcase>
        <testcase classname="src/modules/channels/voice-livekit/tools/book-meeting.tool.test.ts" name="executeBookMeeting — state-machine guardrails &gt; refuses a SECOND booking on the same call (one meeting per call)" time="0.0038384">
        </testcase>
        <testcase classname="src/modules/channels/voice-livekit/tools/book-meeting.tool.test.ts" name="executeBookMeeting — state-machine guardrails &gt; advances the machine to closing on a successful booking" time="0.005943">
            <system-err>
usage_meter_failed {&quot;kind&quot;:&quot;lead&quot;,&quot;tenantId&quot;:&quot;tenant-1&quot;,&quot;leadId&quot;:&quot;lead-new&quot;,&quot;error&quot;:&quot;db.transaction is not a function&quot;}

            </system-err>
        </testcase>
        <testcase classname="src/modules/channels/voice-livekit/tools/book-meeting.tool.test.ts" name="helpers &gt; normalizeEmail handles case, spaces, and spoken at/dot" time="0.0017404">
        </testcase>
        <testcase classname="src/modules/channels/voice-livekit/tools/book-meeting.tool.test.ts" name="helpers &gt; phoneSuffix matches Israeli numbers across formats" time="0.0005136">
        </testcase>
        <testcase classname="src/modules/channels/voice-livekit/tools/book-meeting.tool.test.ts" name="executeBookMeeting — booking WITHOUT an email (VOICE_BOOK_WITHOUT_EMAIL) &gt; books on an explicit null, with no attendee email and no invite claimed" time="0.0040707">
            <system-err>
book_meeting_without_email {&quot;tenantId&quot;:&quot;tenant-1&quot;,&quot;callId&quot;:&quot;call-1&quot;}

usage_meter_failed {&quot;kind&quot;:&quot;lead&quot;,&quot;tenantId&quot;:&quot;tenant-1&quot;,&quot;leadId&quot;:&quot;lead-new&quot;,&quot;error&quot;:&quot;db.transaction is not a function&quot;}

            </system-err>
        </testcase>
        <testcase classname="src/modules/channels/voice-livekit/tools/book-meeting.tool.test.ts" name="executeBookMeeting — booking WITHOUT an email (VOICE_BOOK_WITHOUT_EMAIL) &gt; omits an email address from the result — there is none to read out" time="0.0044527">
            <system-err>
book_meeting_without_email {&quot;tenantId&quot;:&quot;tenant-1&quot;,&quot;callId&quot;:&quot;call-1&quot;}

usage_meter_failed {&quot;kind&quot;:&quot;lead&quot;,&quot;tenantId&quot;:&quot;tenant-1&quot;,&quot;leadId&quot;:&quot;lead-new&quot;,&quot;error&quot;:&quot;db.transaction is not a function&quot;}

            </system-err>
        </testcase>
        <testcase classname="src/modules/channels/voice-livekit/tools/book-meeting.tool.test.ts" name="executeBookMeeting — booking WITHOUT an email (VOICE_BOOK_WITHOUT_EMAIL) &gt; an email that is PRESENT but unparseable still fails — a guess is the original defect" time="0.0012139">
        </testcase>
        <testcase classname="src/modules/channels/voice-livekit/tools/book-meeting.tool.test.ts" name="executeBookMeeting — booking WITHOUT an email (VOICE_BOOK_WITHOUT_EMAIL) &gt; and that failure names the exit, because the old error text WAS the doomed retry loop" time="0.0009408">
        </testcase>
        <testcase classname="src/modules/channels/voice-livekit/tools/book-meeting.tool.test.ts" name="executeBookMeeting — booking WITHOUT an email (VOICE_BOOK_WITHOUT_EMAIL) &gt; KILL-SWITCH off: a null email throws, so the prompt and the tool can never disagree" time="0.000835">
        </testcase>
        <testcase classname="src/modules/channels/voice-livekit/tools/book-meeting.tool.test.ts" name="executeBookMeeting — booking WITHOUT an email (VOICE_BOOK_WITHOUT_EMAIL) &gt; an omitted email is the same as an explicit null" time="0.0019753">
            <system-err>
book_meeting_without_email {&quot;tenantId&quot;:&quot;tenant-1&quot;,&quot;callId&quot;:&quot;call-1&quot;}

usage_meter_failed {&quot;kind&quot;:&quot;lead&quot;,&quot;tenantId&quot;:&quot;tenant-1&quot;,&quot;leadId&quot;:&quot;lead-new&quot;,&quot;error&quot;:&quot;db.transaction is not a function&quot;}

            </system-err>
        </testcase>
        <testcase classname="src/modules/channels/voice-livekit/tools/book-meeting.tool.test.ts" name="executeBookMeeting — booking WITHOUT an email (VOICE_BOOK_WITHOUT_EMAIL) &gt; still refuses a SECOND meeting on the same call" time="0.0018523">
            <system-err>
book_meeting_without_email {&quot;tenantId&quot;:&quot;tenant-1&quot;,&quot;callId&quot;:&quot;call-1&quot;}

usage_meter_failed {&quot;kind&quot;:&quot;lead&quot;,&quot;tenantId&quot;:&quot;tenant-1&quot;,&quot;leadId&quot;:&quot;lead-new&quot;,&quot;error&quot;:&quot;db.transaction is not a function&quot;}

            </system-err>
        </testcase>
    </testsuite>
    <testsuite name="src/modules/channels/voice-livekit/tools/calendar-isolation.test.ts" timestamp="2026-09-06T14:24:09.064Z" hostname="KorentzPC" tests="13" failures="0" errors="0" skipped="0" time="2.0332754">
        <testcase classname="src/modules/channels/voice-livekit/tools/calendar-isolation.test.ts" name="resolveCalendarAuth &gt; a customer with no connected calendar gets NOTHING — never ClickScales&apos;" time="0.004161">
            <system-err>
gcal_no_calendar_for_tenant {&quot;tenantId&quot;:&quot;00000000-0000-4000-8000-000000000002&quot;,&quot;isPlatformTenant&quot;:false,&quot;hint&quot;:&quot;tenant has not connected a Google account — booking is disabled for this tenant&quot;}

            </system-err>
        </testcase>
        <testcase classname="src/modules/channels/voice-livekit/tools/calendar-isolation.test.ts" name="resolveCalendarAuth &gt; a customer WITH a connection books into their own calendar" time="0.0008362">
        </testcase>
        <testcase classname="src/modules/channels/voice-livekit/tools/calendar-isolation.test.ts" name="resolveCalendarAuth &gt; ClickScales still uses its service account, so nothing changes for the live tenant" time="0.00051">
        </testcase>
        <testcase classname="src/modules/channels/voice-livekit/tools/calendar-isolation.test.ts" name="resolveCalendarAuth &gt; unescapes the PEM newlines the env var stores literally" time="0.0005623">
        </testcase>
        <testcase classname="src/modules/channels/voice-livekit/tools/calendar-isolation.test.ts" name="resolveCalendarAuth &gt; a tenant connection wins even for the platform tenant" time="0.0002627">
        </testcase>
        <testcase classname="src/modules/channels/voice-livekit/tools/calendar-isolation.test.ts" name="resolveCalendarAuth &gt; refuses when the platform env is incomplete, rather than half-building a provider" time="0.0015589">
            <system-err>
gcal_no_calendar_for_tenant {&quot;tenantId&quot;:&quot;00000000-0000-4000-8000-000000000001&quot;,&quot;isPlatformTenant&quot;:true,&quot;hint&quot;:&quot;PLATFORM_TENANT_ID matches but GOOGLE_CALENDAR_* env is incomplete&quot;}

            </system-err>
        </testcase>
        <testcase classname="src/modules/channels/voice-livekit/tools/calendar-isolation.test.ts" name="resolveCalendarAuth &gt; a failing connection lookup disables tools rather than falling back to the platform" time="0.0011267">
            <system-err>
gcal_connection_lookup_failed {&quot;tenantId&quot;:&quot;00000000-0000-4000-8000-000000000002&quot;,&quot;error&quot;:&quot;connection lookup exploded&quot;}
gcal_no_calendar_for_tenant {&quot;tenantId&quot;:&quot;00000000-0000-4000-8000-000000000002&quot;,&quot;isPlatformTenant&quot;:false,&quot;hint&quot;:&quot;tenant has not connected a Google account — booking is disabled for this tenant&quot;}

            </system-err>
        </testcase>
        <testcase classname="src/modules/channels/voice-livekit/tools/calendar-isolation.test.ts" name="resolveCalendarAuth &gt; a hanging lookup does not hang the call" time="2.0097718">
            <system-err>
gcal_connection_lookup_failed {&quot;tenantId&quot;:&quot;00000000-0000-4000-8000-000000000002&quot;,&quot;error&quot;:&quot;timeout&quot;}
gcal_no_calendar_for_tenant {&quot;tenantId&quot;:&quot;00000000-0000-4000-8000-000000000002&quot;,&quot;isPlatformTenant&quot;:false,&quot;hint&quot;:&quot;tenant has not connected a Google account — booking is disabled for this tenant&quot;}

            </system-err>
        </testcase>
        <testcase classname="src/modules/channels/voice-livekit/tools/calendar-isolation.test.ts" name="resolveCalendarAuth &gt; a customer whose connection exists but whose OAuth client is unconfigured gets nothing" time="0.0008342">
            <system-err>
gcal_no_calendar_for_tenant {&quot;tenantId&quot;:&quot;00000000-0000-4000-8000-000000000002&quot;,&quot;isPlatformTenant&quot;:false,&quot;hint&quot;:&quot;tenant has not connected a Google account — booking is disabled for this tenant&quot;}

            </system-err>
        </testcase>
        <testcase classname="src/modules/channels/voice-livekit/tools/calendar-isolation.test.ts" name="two tenants, one process &gt; resolves different calendars for concurrent calls" time="0.002125">
        </testcase>
        <testcase classname="src/modules/channels/voice-livekit/tools/calendar-isolation.test.ts" name="revocation is noticed the moment a tool trips over it &gt; an invalid_grant from any calendar tool marks the connection revoked" time="0.0045173">
            <system-out>
tool_call {&quot;name&quot;:&quot;book_meeting&quot;,&quot;durationMs&quot;:1,&quot;ok&quot;:false,&quot;error&quot;:&quot;invalid_grant: Token has been expired or revoked.&quot;}

            </system-out>
        </testcase>
        <testcase classname="src/modules/channels/voice-livekit/tools/calendar-isolation.test.ts" name="revocation is noticed the moment a tool trips over it &gt; a transient calendar failure does NOT mark it revoked" time="0.0023198">
            <system-out>
tool_call {&quot;name&quot;:&quot;check_calendar_availability&quot;,&quot;durationMs&quot;:0,&quot;ok&quot;:false,&quot;error&quot;:&quot;Backend Error&quot;}

            </system-out>
        </testcase>
        <testcase classname="src/modules/channels/voice-livekit/tools/calendar-isolation.test.ts" name="revocation is noticed the moment a tool trips over it &gt; a successful tool call never touches it" time="0.0015327">
            <system-out>
tool_call {&quot;name&quot;:&quot;book_meeting&quot;,&quot;durationMs&quot;:0,&quot;ok&quot;:true}

            </system-out>
        </testcase>
    </testsuite>
    <testsuite name="src/modules/channels/voice-livekit/tools/callback-time.test.ts" timestamp="2026-09-06T14:24:09.068Z" hostname="KorentzPC" tests="45" failures="0" errors="0" skipped="0" time="0.033038">
        <testcase classname="src/modules/channels/voice-livekit/tools/callback-time.test.ts" name="resolveCallbackDueAt — in_minutes &gt; adds the minutes, verbatim (&quot;תתקשר אליי עוד שעה&quot; → +60)" time="0.0048294">
        </testcase>
        <testcase classname="src/modules/channels/voice-livekit/tools/callback-time.test.ts" name="resolveCallbackDueAt — in_minutes &gt; holds in IDT — the offset must not leak into a pure duration" time="0.0005256">
        </testcase>
        <testcase classname="src/modules/channels/voice-livekit/tools/callback-time.test.ts" name="resolveCallbackDueAt — in_minutes &gt; clamps below the floor rather than dialling in two minutes" time="0.0019843">
        </testcase>
        <testcase classname="src/modules/channels/voice-livekit/tools/callback-time.test.ts" name="resolveCallbackDueAt — in_minutes &gt; falls back to the soft-defer rung when the model sends null minutes" time="0.0007966">
        </testcase>
        <testcase classname="src/modules/channels/voice-livekit/tools/callback-time.test.ts" name="resolveCallbackDueAt — at_time &gt; resolves a bare clock time to the next Israeli 16:00 (IST, UTC+2)" time="0.0010144">
        </testcase>
        <testcase classname="src/modules/channels/voice-livekit/tools/callback-time.test.ts" name="resolveCallbackDueAt — at_time &gt; resolves the same clock time an hour earlier in UTC in summer (IDT, UTC+3)" time="0.0007174">
        </testcase>
        <testcase classname="src/modules/channels/voice-livekit/tools/callback-time.test.ts" name="resolveCallbackDueAt — at_time &gt; rolls a bare clock time already past today to tomorrow" time="0.0004587">
        </testcase>
        <testcase classname="src/modules/channels/voice-livekit/tools/callback-time.test.ts" name="resolveCallbackDueAt — at_time &gt; resolves &quot;מחר בארבע&quot; — day + time, in winter" time="0.0007947">
        </testcase>
        <testcase classname="src/modules/channels/voice-livekit/tools/callback-time.test.ts" name="resolveCallbackDueAt — at_time &gt; DST BOUNDARY — &quot;מחר בעשר&quot; said on the Thursday night before the spring-forward" time="0.0007449">
        </testcase>
        <testcase classname="src/modules/channels/voice-livekit/tools/callback-time.test.ts" name="resolveCallbackDueAt — at_time &gt; DST BOUNDARY — the same request expressed as a bare clock time agrees" time="0.0007087">
        </testcase>
        <testcase classname="src/modules/channels/voice-livekit/tools/callback-time.test.ts" name="resolveCallbackDueAt — at_time &gt; resolves a named weekday to its next occurrence" time="0.000631">
        </testcase>
        <testcase classname="src/modules/channels/voice-livekit/tools/callback-time.test.ts" name="resolveCallbackDueAt — at_time &gt; rolls a named weekday a full week when today is that weekday and the hour has passed" time="0.0007152">
        </testcase>
        <testcase classname="src/modules/channels/voice-livekit/tools/callback-time.test.ts" name="resolveCallbackDueAt — at_time &gt; rolls &quot;today&quot; to tomorrow when the hour is already gone" time="0.0007728">
        </testcase>
        <testcase classname="src/modules/channels/voice-livekit/tools/callback-time.test.ts" name="resolveCallbackDueAt — at_time &gt; uses the default hour when a day is named without one" time="0.0005279">
        </testcase>
        <testcase classname="src/modules/channels/voice-livekit/tools/callback-time.test.ts" name="resolveCallbackDueAt — at_time &gt; falls back to the ladder when NEITHER day nor time survived" time="0.0003904">
        </testcase>
        <testcase classname="src/modules/channels/voice-livekit/tools/callback-time.test.ts" name="resolveCallbackDueAt — unspecified &gt; is rung 1 of the soft-defer ladder: +3 hours" time="0.0002721">
        </testcase>
        <testcase classname="src/modules/channels/voice-livekit/tools/callback-time.test.ts" name="israelInstantAt — the DST arithmetic everything else rests on &gt; is exact on an ordinary winter day" time="0.0003345">
        </testcase>
        <testcase classname="src/modules/channels/voice-livekit/tools/callback-time.test.ts" name="israelInstantAt — the DST arithmetic everything else rests on &gt; is exact on an ordinary summer day" time="0.0002519">
        </testcase>
        <testcase classname="src/modules/channels/voice-livekit/tools/callback-time.test.ts" name="israelInstantAt — the DST arithmetic everything else rests on &gt; SPRING FORWARD: 01:00 on 2026-03-27 is BEFORE the 02:00 jump — still IST, UTC+2" time="0.0002167">
        </testcase>
        <testcase classname="src/modules/channels/voice-livekit/tools/callback-time.test.ts" name="israelInstantAt — the DST arithmetic everything else rests on &gt; SPRING FORWARD: 09:00 the same day is AFTER the jump — IDT, UTC+3" time="0.0001759">
        </testcase>
        <testcase classname="src/modules/channels/voice-livekit/tools/callback-time.test.ts" name="israelInstantAt — the DST arithmetic everything else rests on &gt; FALL BACK: 09:00 on 2026-10-25 is after the 02:00 rewind — IST, UTC+2" time="0.0001695">
        </testcase>
        <testcase classname="src/modules/channels/voice-livekit/tools/callback-time.test.ts" name="israelInstantAt — the DST arithmetic everything else rests on &gt; crosses the spring-forward boundary by day offset, not by adding 24 hours" time="0.0001776">
        </testcase>
        <testcase classname="src/modules/channels/voice-livekit/tools/callback-time.test.ts" name="clampToWindow — 22:00, honored vs proactive &gt; HONORS 22:00 on attempt 1 of a time the lead named — untouched" time="0.0010233">
        </testcase>
        <testcase classname="src/modules/channels/voice-livekit/tools/callback-time.test.ts" name="clampToWindow — 22:00, honored vs proactive &gt; does NOT honor 22:00 on the retry — he asked for 22:00 once, not three nights running" time="0.0007835">
        </testcase>
        <testcase classname="src/modules/channels/voice-livekit/tools/callback-time.test.ts" name="clampToWindow — 22:00, honored vs proactive &gt; does NOT honor 22:00 that nobody asked for (a soft defer that landed there)" time="0.0007377">
        </testcase>
        <testcase classname="src/modules/channels/voice-livekit/tools/callback-time.test.ts" name="clampToWindow — 22:00, honored vs proactive &gt; attempt 0 — a row inserted but not yet dialled — still counts as rung 1" time="0.0003749">
        </testcase>
        <testcase classname="src/modules/channels/voice-livekit/tools/callback-time.test.ts" name="clampToWindow — the hard floor nothing overrides &gt; refuses 23:30 even when the lead asked for it — pushed to 07:00" time="0.0006426">
        </testcase>
        <testcase classname="src/modules/channels/voice-livekit/tools/callback-time.test.ts" name="clampToWindow — the hard floor nothing overrides &gt; refuses 04:00 even when the lead asked for it — pushed forward to 07:00 the same day" time="0.0004825">
        </testcase>
        <testcase classname="src/modules/channels/voice-livekit/tools/callback-time.test.ts" name="clampToWindow — the hard floor nothing overrides &gt; SATURDAY is never dialled, honored window or not" time="0.000852">
        </testcase>
        <testcase classname="src/modules/channels/voice-livekit/tools/callback-time.test.ts" name="clampToWindow — the hard floor nothing overrides &gt; an ISRAELI HOLIDAY is never dialled — Yom Kippur 2026-09-20 rolls to the Monday" time="0.0004858">
        </testcase>
        <testcase classname="src/modules/channels/voice-livekit/tools/callback-time.test.ts" name="clampToWindow — the hard floor nothing overrides &gt; a request already in the past is pulled to now, not dialled backwards" time="0.0003032">
        </testcase>
        <testcase classname="src/modules/channels/voice-livekit/tools/callback-time.test.ts" name="clampToWindow — Friday &gt; FRIDAY EVENING: the proactive window closed at 13:00, so it rolls over Shabbat to Sunday" time="0.0005424">
        </testcase>
        <testcase classname="src/modules/channels/voice-livekit/tools/callback-time.test.ts" name="clampToWindow — Friday &gt; FRIDAY EVENING is fine in the honored window — 18:00 is inside the hard floor" time="0.0003145">
        </testcase>
        <testcase classname="src/modules/channels/voice-livekit/tools/callback-time.test.ts" name="clampToWindow — Friday &gt; Friday 11:00 is inside the proactive window and is left alone" time="0.0002151">
        </testcase>
        <testcase classname="src/modules/channels/voice-livekit/tools/callback-time.test.ts" name="clampToWindow — Friday &gt; Friday 08:00 is before the window and moves forward to 09:00 the same morning" time="0.0002886">
        </testcase>
        <testcase classname="src/modules/channels/voice-livekit/tools/callback-time.test.ts" name="clampToWindow — across the DST boundary &gt; a Thursday-night deferral lands on Friday 09:00 IDT, not 09:00 IST" time="0.0004075">
        </testcase>
        <testcase classname="src/modules/channels/voice-livekit/tools/callback-time.test.ts" name="clampToWindow — across the DST boundary &gt; the same Thursday 22:00 is honored untouched when the lead named it" time="0.0002138">
        </testcase>
        <testcase classname="src/modules/channels/voice-livekit/tools/callback-time.test.ts" name="clampToWindow — across the DST boundary &gt; and across the autumn fall-back: Sunday 2026-10-25 is already IST again" time="0.0004145">
        </testcase>
        <testcase classname="src/modules/channels/voice-livekit/tools/callback-time.test.ts" name="planCallbackTime — both halves, which is how callers will use it &gt; &quot;תתקשר אליי בעשר בלילה&quot; from a Tuesday morning: honored, and unmoved" time="0.0004784">
        </testcase>
        <testcase classname="src/modules/channels/voice-livekit/tools/callback-time.test.ts" name="planCallbackTime — both halves, which is how callers will use it &gt; &quot;לא עכשיו&quot; at 19:00 on a Thursday: +3h lands at 22:00, proactive drags it to Sunday" time="0.000503">
        </testcase>
        <testcase classname="src/modules/channels/voice-livekit/tools/callback-time.test.ts" name="the ladder is data, and it says what §7 says &gt; explicit: his time, then +45 min, then +1 business day — honored only on rung 1" time="0.0003572">
        </testcase>
        <testcase classname="src/modules/channels/voice-livekit/tools/callback-time.test.ts" name="the ladder is data, and it says what §7 says &gt; soft defer: +3h, +1 business day, +3 business days — never honored" time="0.0003232">
        </testcase>
        <testcase classname="src/modules/channels/voice-livekit/tools/callback-time.test.ts" name="the ladder is data, and it says what §7 says &gt; not_reached and disconnected enter the soft-defer ladder at rung 1" time="0.0001713">
        </testcase>
        <testcase classname="src/modules/channels/voice-livekit/tools/callback-time.test.ts" name="the ladder is data, and it says what §7 says &gt; stops after three dials, and the last word is one message" time="0.00108">
        </testcase>
        <testcase classname="src/modules/channels/voice-livekit/tools/callback-time.test.ts" name="the ladder is data, and it says what §7 says &gt; the proactive window is the narrowed one — NOT operating_hours 09:00–23:00" time="0.0006427">
        </testcase>
    </testsuite>
    <testsuite name="src/modules/channels/voice-livekit/tools/capture-lead-info.tool.test.ts" timestamp="2026-09-06T14:24:09.077Z" hostname="KorentzPC" tests="32" failures="0" errors="0" skipped="0" time="0.0525709">
        <testcase classname="src/modules/channels/voice-livekit/tools/capture-lead-info.tool.test.ts" name="captureLeadInfoSchema &gt; empty args pass the SCHEMA (plain z.object for LiveKit) but the HANDLER refuses" time="0.0085383">
        </testcase>
        <testcase classname="src/modules/channels/voice-livekit/tools/capture-lead-info.tool.test.ts" name="captureLeadInfoSchema &gt; accepts any single field" time="0.0019795">
        </testcase>
        <testcase classname="src/modules/channels/voice-livekit/tools/capture-lead-info.tool.test.ts" name="captureLeadInfoSchema &gt; mirrors captured facts into the state machine working memory + advances on a qualification read" time="0.0040776">
        </testcase>
        <testcase classname="src/modules/channels/voice-livekit/tools/capture-lead-info.tool.test.ts" name="captureLeadInfoSchema &gt; a capture WITHOUT a qualification read does not advance the stage" time="0.0010934">
        </testcase>
        <testcase classname="src/modules/channels/voice-livekit/tools/capture-lead-info.tool.test.ts" name="captureLeadInfoSchema &gt; rejects unknown qualification values" time="0.0013241">
        </testcase>
        <testcase classname="src/modules/channels/voice-livekit/tools/capture-lead-info.tool.test.ts" name="captureLeadInfoSchema &gt; ACCEPTS null in every field — gpt-5.4 fills unknowns with null, not by omitting (the vanish bug)" time="0.0005633">
        </testcase>
        <testcase classname="src/modules/channels/voice-livekit/tools/capture-lead-info.tool.test.ts" name="captureLeadInfoSchema &gt; an all-null call is still &quot;nothing to save&quot; — null counts as absent in the handler" time="0.0008125">
        </testcase>
        <testcase classname="src/modules/channels/voice-livekit/tools/capture-lead-info.tool.test.ts" name="captureLeadInfoSchema &gt; null contact fields do not blank the lead — a name with null email/phone still saves" time="0.0011908">
        </testcase>
        <testcase classname="src/modules/channels/voice-livekit/tools/capture-lead-info.tool.test.ts" name="executeCaptureLeadInfo &gt; caches the resolved lead id back onto the runtime for later tools" time="0.0011206">
        </testcase>
        <testcase classname="src/modules/channels/voice-livekit/tools/capture-lead-info.tool.test.ts" name="executeCaptureLeadInfo &gt; qualification facts land in metadata merge with the call id stamped" time="0.0023449">
        </testcase>
        <testcase classname="src/modules/channels/voice-livekit/tools/capture-lead-info.tool.test.ts" name="executeCaptureLeadInfo &gt; contact-only capture (name/email) performs no metadata merge" time="0.0015676">
        </testcase>
        <testcase classname="src/modules/channels/voice-livekit/tools/capture-lead-info.tool.test.ts" name="executeCaptureLeadInfo &gt; never touches lead status — that belongs to book_meeting/end_call" time="0.0009891">
        </testcase>
        <testcase classname="src/modules/channels/voice-livekit/tools/capture-lead-info.tool.test.ts" name="executeCaptureLeadInfo &gt; tells the model to keep quiet about the save" time="0.0006271">
        </testcase>
        <testcase classname="src/modules/channels/voice-livekit/tools/capture-lead-info.tool.test.ts" name="capture_lead_info — an established identity is harder to overwrite than to set &gt; refuses a rename from a noisy turn, keeps the DB clean, and says so in the tool result" time="0.0019356">
        </testcase>
        <testcase classname="src/modules/channels/voice-livekit/tools/capture-lead-info.tool.test.ts" name="capture_lead_info — an established identity is harder to overwrite than to set &gt; an explicit correction goes through and returns the plain success message" time="0.0008479">
        </testcase>
        <testcase classname="src/modules/channels/voice-livekit/tools/capture-lead-info.tool.test.ts" name="capture_lead_info — an established identity is harder to overwrite than to set &gt; a refused name never reaches the working memory the handoff alert is built from" time="0.0006826">
        </testcase>
        <testcase classname="src/modules/channels/voice-livekit/tools/capture-lead-info.tool.test.ts" name="capture_lead_info — an established identity is harder to overwrite than to set &gt; qualification facts stay freely overwritable — a wrong budget is silent, a wrong name is not" time="0.0009131">
        </testcase>
        <testcase classname="src/modules/channels/voice-livekit/tools/capture-lead-info.tool.test.ts" name="capture_lead_info — an established identity is harder to overwrite than to set &gt; WITHOUT the fact memory (switch off) the tool behaves exactly as before — the rename lands" time="0.0006479">
        </testcase>
        <testcase classname="src/modules/channels/voice-livekit/tools/capture-lead-info.tool.test.ts" name="capture_lead_info — an established identity is harder to overwrite than to set &gt; is_correction alone is not a fact — an otherwise empty call is still refused" time="0.0008862">
        </testcase>
        <testcase classname="src/modules/channels/voice-livekit/tools/capture-lead-info.tool.test.ts" name="capture_lead_info — an established identity is harder to overwrite than to set &gt; a captured business_type is established, so the reminder can stop her re-asking for it" time="0.0005914">
        </testcase>
        <testcase classname="src/modules/channels/voice-livekit/tools/capture-lead-info.tool.test.ts" name="capture_lead_info — an established identity is harder to overwrite than to set &gt; establishes every mandatory answer, including the two that had no field until now" time="0.0007319">
        </testcase>
        <testcase classname="src/modules/channels/voice-livekit/tools/capture-lead-info.tool.test.ts" name="capture_lead_info — an established identity is harder to overwrite than to set &gt; persists the three facts that were gated on but never written down" time="0.0013056">
        </testcase>
        <testcase classname="src/modules/channels/voice-livekit/tools/capture-lead-info.tool.test.ts" name="capture_lead_info — an established identity is harder to overwrite than to set &gt; stores the volume verbatim rather than as a number" time="0.0006962">
        </testcase>
        <testcase classname="src/modules/channels/voice-livekit/tools/capture-lead-info.tool.test.ts" name="capture_lead_info — an established identity is harder to overwrite than to set &gt; never saves a value the lead ruled out, and tells the model why" time="0.0012023">
        </testcase>
        <testcase classname="src/modules/channels/voice-livekit/tools/capture-lead-info.tool.test.ts" name="capture_lead_info — an established identity is harder to overwrite than to set &gt; saves the address he actually meant, once it differs from the one he ruled out" time="0.0008736">
        </testcase>
        <testcase classname="src/modules/channels/voice-livekit/tools/capture-lead-info.tool.test.ts" name="capture_lead_info — writes off the caller&apos;s clock &gt; returns the SAME words as the awaited path — the model cannot tell the difference" time="0.0010301">
        </testcase>
        <testcase classname="src/modules/channels/voice-livekit/tools/capture-lead-info.tool.test.ts" name="capture_lead_info — writes off the caller&apos;s clock &gt; returns while the database write is still open, then completes it" time="0.0012722">
        </testcase>
        <testcase classname="src/modules/channels/voice-livekit/tools/capture-lead-info.tool.test.ts" name="capture_lead_info — writes off the caller&apos;s clock &gt; still writes the contact fields and the qualification patch" time="0.0016497">
        </testcase>
        <testcase classname="src/modules/channels/voice-livekit/tools/capture-lead-info.tool.test.ts" name="capture_lead_info — writes off the caller&apos;s clock &gt; resolves the lead id for the tools that run later" time="0.003957">
            <system-err>
usage_meter_failed {&quot;kind&quot;:&quot;lead&quot;,&quot;tenantId&quot;:&quot;tenant-1&quot;,&quot;leadId&quot;:&quot;lead-new&quot;,&quot;error&quot;:&quot;db.transaction is not a function&quot;}

            </system-err>
        </testcase>
        <testcase classname="src/modules/channels/voice-livekit/tools/capture-lead-info.tool.test.ts" name="capture_lead_info — writes off the caller&apos;s clock &gt; does NOT throw at the model when the write fails — it counts it instead" time="0.0017736">
        </testcase>
        <testcase classname="src/modules/channels/voice-livekit/tools/capture-lead-info.tool.test.ts" name="capture_lead_info — writes off the caller&apos;s clock &gt; with the flag OFF, a failed write still reaches the model exactly as it did" time="0.0009019">
        </testcase>
        <testcase classname="src/modules/channels/voice-livekit/tools/capture-lead-info.tool.test.ts" name="capture_lead_info — writes off the caller&apos;s clock &gt; with no env at all — the eight hand-built fixtures — takes the awaited path" time="0.000592">
        </testcase>
    </testsuite>
    <testsuite name="src/modules/channels/voice-livekit/tools/check-calendar-availability.tool.test.ts" timestamp="2026-09-06T14:24:09.083Z" hostname="KorentzPC" tests="9" failures="0" errors="0" skipped="0" time="0.0151043">
        <testcase classname="src/modules/channels/voice-livekit/tools/check-calendar-availability.tool.test.ts" name="executeCheckAvailability &gt; asks the provider for a duration+buffer grid — 15-min meeting → 30-min blocks" time="0.0056806">
        </testcase>
        <testcase classname="src/modules/channels/voice-livekit/tools/check-calendar-availability.tool.test.ts" name="executeCheckAvailability &gt; remembers the checked duration so book_meeting re-checks the SAME grid" time="0.0008527">
        </testcase>
        <testcase classname="src/modules/channels/voice-livekit/tools/check-calendar-availability.tool.test.ts" name="executeCheckAvailability &gt; drops Fri/Sat and presents each day as a free RANGE, with every time returned for booking" time="0.0012123">
        </testcase>
        <testcase classname="src/modules/channels/voice-livekit/tools/check-calendar-availability.tool.test.ts" name="executeCheckAvailability &gt; hides slots starting inside the minimum-notice window" time="0.0005844">
        </testcase>
        <testcase classname="src/modules/channels/voice-livekit/tools/check-calendar-availability.tool.test.ts" name="executeCheckAvailability &gt; returns a relayable no-availability answer instead of throwing" time="0.0003491">
        </testcase>
        <testcase classname="src/modules/channels/voice-livekit/tools/check-calendar-availability.tool.test.ts" name="executeCheckAvailability &gt; clamps a past from_date to today instead of arguing with the model" time="0.0021621">
        </testcase>
        <testcase classname="src/modules/channels/voice-livekit/tools/check-calendar-availability.tool.test.ts" name="executeCheckAvailability &gt; rejects a backwards range as a ToolError the LLM can relay" time="0.0012273">
        </testcase>
        <testcase classname="src/modules/channels/voice-livekit/tools/check-calendar-availability.tool.test.ts" name="executeCheckAvailability &gt; rejects a range wider than 14 days" time="0.0003573">
        </testcase>
        <testcase classname="src/modules/channels/voice-livekit/tools/check-calendar-availability.tool.test.ts" name="executeCheckAvailability &gt; rejects a range entirely in the past, naming today" time="0.0010195">
        </testcase>
    </testsuite>
    <testsuite name="src/modules/channels/voice-livekit/tools/did-routing.test.ts" timestamp="2026-09-06T14:24:09.085Z" hostname="KorentzPC" tests="21" failures="0" errors="0" skipped="0" time="0.0285704">
        <testcase classname="src/modules/channels/voice-livekit/tools/did-routing.test.ts" name="toE164 &gt; canonicalises the forms a carrier actually sends" time="0.003477">
        </testcase>
        <testcase classname="src/modules/channels/voice-livekit/tools/did-routing.test.ts" name="toE164 &gt; refuses anything that cannot be a real number, rather than storing a row nothing can match" time="0.0007843">
        </testcase>
        <testcase classname="src/modules/channels/voice-livekit/tools/did-routing.test.ts" name="didCandidates &gt; covers both spellings Zadarma has been seen to send" time="0.0022524">
        </testcase>
        <testcase classname="src/modules/channels/voice-livekit/tools/did-routing.test.ts" name="didCandidates &gt; is empty for no number at all — a console or web call" time="0.0015258">
        </testcase>
        <testcase classname="src/modules/channels/voice-livekit/tools/did-routing.test.ts" name="didCandidates &gt; never produces a partial or suffix form" time="0.000543">
        </testcase>
        <testcase classname="src/modules/channels/voice-livekit/tools/did-routing.test.ts" name="resolveCallIdentity &gt; outbound metadata wins, even when a DID is also present" time="0.0009234">
        </testcase>
        <testcase classname="src/modules/channels/voice-livekit/tools/did-routing.test.ts" name="resolveCallIdentity &gt; routes an inbound call to the tenant that owns the dialled number" time="0.0006464">
        </testcase>
        <testcase classname="src/modules/channels/voice-livekit/tools/did-routing.test.ts" name="resolveCallIdentity &gt; matches when the carrier drops the plus" time="0.0004078">
        </testcase>
        <testcase classname="src/modules/channels/voice-livekit/tools/did-routing.test.ts" name="resolveCallIdentity &gt; matches when the row was stored without the plus" time="0.0003445">
        </testcase>
        <testcase classname="src/modules/channels/voice-livekit/tools/did-routing.test.ts" name="resolveCallIdentity &gt; REFUSES an unmapped number instead of falling through to the env tenant" time="0.0004302">
        </testcase>
        <testcase classname="src/modules/channels/voice-livekit/tools/did-routing.test.ts" name="resolveCallIdentity &gt; reports a FAILED lookup as its own refusal, not as &quot;unmapped&quot;" time="0.0027494">
            <system-err>
did_lookup_failed {&quot;candidates&quot;:[&quot;+972555070922&quot;,&quot;972555070922&quot;],&quot;error&quot;:&quot;getaddrinfo ENOTFOUND localhost&quot;,&quot;hint&quot;:&quot;the phone_numbers query threw — the database is unreachable or the schema is behind, NOT \&quot;this number is unmapped\&quot;&quot;}

            </system-err>
        </testcase>
        <testcase classname="src/modules/channels/voice-livekit/tools/did-routing.test.ts" name="resolveCallIdentity &gt; still refuses the caller when the lookup fails — never falls back to the env tenant" time="0.0009889">
            <system-err>
did_lookup_failed {&quot;candidates&quot;:[&quot;+972555070922&quot;,&quot;972555070922&quot;],&quot;error&quot;:&quot;connection terminated unexpectedly&quot;,&quot;hint&quot;:&quot;the phone_numbers query threw — the database is unreachable or the schema is behind, NOT \&quot;this number is unmapped\&quot;&quot;}

            </system-err>
        </testcase>
        <testcase classname="src/modules/channels/voice-livekit/tools/did-routing.test.ts" name="resolveCallIdentity &gt; refuses a number that is bought but not yet assigned" time="0.0002884">
        </testcase>
        <testcase classname="src/modules/channels/voice-livekit/tools/did-routing.test.ts" name="resolveCallIdentity &gt; refuses a parked number" time="0.0001968">
        </testcase>
        <testcase classname="src/modules/channels/voice-livekit/tools/did-routing.test.ts" name="resolveCallIdentity &gt; refuses rather than guessing when the DB is unavailable mid-lookup" time="0.0001903">
        </testcase>
        <testcase classname="src/modules/channels/voice-livekit/tools/did-routing.test.ts" name="resolveCallIdentity &gt; uses the env fallback ONLY when no number was dialled at all" time="0.0002279">
        </testcase>
        <testcase classname="src/modules/channels/voice-livekit/tools/did-routing.test.ts" name="resolveCallIdentity &gt; has no tenant at all when nothing identifies the call" time="0.0002317">
        </testcase>
        <testcase classname="src/modules/channels/voice-livekit/tools/did-routing.test.ts" name="isDidRefusal &gt; separates &quot;a caller reached us and we will not serve them&quot; from a misconfigured console" time="0.0003399">
        </testcase>
        <testcase classname="src/modules/channels/voice-livekit/tools/did-routing.test.ts" name="buildToolRuntime — inbound routing end to end &gt; an unmapped inbound number never becomes the env tenant, and grants no tools" time="0.0039703">
            <system-err>
call_identity_refused {&quot;reason&quot;:&quot;unmapped_did&quot;,&quot;calledNumber&quot;:&quot;+972999999999&quot;}

            </system-err>
        </testcase>
        <testcase classname="src/modules/channels/voice-livekit/tools/did-routing.test.ts" name="buildToolRuntime — inbound routing end to end &gt; closes the pool it opened when it refuses the call" time="0.0016263">
            <system-err>
call_identity_refused {&quot;reason&quot;:&quot;unmapped_did&quot;,&quot;calledNumber&quot;:&quot;+972999999999&quot;}

            </system-err>
        </testcase>
        <testcase classname="src/modules/channels/voice-livekit/tools/did-routing.test.ts" name="buildToolRuntime — inbound routing end to end &gt; a mapped inbound number resolves to its own tenant, not the env one" time="0.0028832">
            <system-out>
call_identity {&quot;tenantId&quot;:&quot;tenant-a&quot;,&quot;source&quot;:&quot;did_lookup&quot;,&quot;calledNumber&quot;:&quot;+972555070922&quot;}

            </system-out>
        </testcase>
    </testsuite>
    <testsuite name="src/modules/channels/voice-livekit/tools/end-call.tool.test.ts" timestamp="2026-09-06T14:24:09.090Z" hostname="KorentzPC" tests="14" failures="0" errors="0" skipped="0" time="0.0457079">
        <testcase classname="src/modules/channels/voice-livekit/tools/end-call.tool.test.ts" name="end-call reason vocabulary &gt; keeps the system-only reasons OUT of the LLM enum but IN the full vocabulary" time="0.0057505">
        </testcase>
        <testcase classname="src/modules/channels/voice-livekit/tools/end-call.tool.test.ts" name="end-call reason vocabulary &gt; the tool rejects a system-only reason the model tried to self-select" time="0.0071661">
            <system-out>
tool_call {&quot;name&quot;:&quot;end_call&quot;,&quot;durationMs&quot;:2,&quot;ok&quot;:true}

            </system-out>
        </testcase>
        <testcase classname="src/modules/channels/voice-livekit/tools/end-call.tool.test.ts" name="runEndCallTeardown (shared by end_call + the reflexes) &gt; hangs up only AFTER the spoken line finishes playing" time="0.0019319">
        </testcase>
        <testcase classname="src/modules/channels/voice-livekit/tools/end-call.tool.test.ts" name="goodbyeInstruction &gt; carries the reason and demands exactly one Hebrew goodbye sentence" time="0.001341">
        </testcase>
        <testcase classname="src/modules/channels/voice-livekit/tools/end-call.tool.test.ts" name="endCallTool — teardown choreography &gt; records the reason, arms shutdown AFTER the goodbye finishes, returns the instruction" time="0.0058962">
            <system-out>
tool_call {&quot;name&quot;:&quot;end_call&quot;,&quot;durationMs&quot;:0,&quot;ok&quot;:true}

            </system-out>
        </testcase>
        <testcase classname="src/modules/channels/voice-livekit/tools/end-call.tool.test.ts" name="endCallTool — teardown choreography &gt; a failed DNC write does not stop the hang-up — the call still ends gracefully" time="0.0033454">
            <system-out>
tool_call {&quot;name&quot;:&quot;end_call&quot;,&quot;durationMs&quot;:2,&quot;ok&quot;:true}

            </system-out>
            <system-err>
opt_out_mark_failed db down

            </system-err>
        </testcase>
        <testcase classname="src/modules/channels/voice-livekit/tools/end-call.tool.test.ts" name="markLeadOptedOut — the DNC mark, tenant-scoped on every path &gt; outbound (known lead): flips the lead to opted_out" time="0.0017937">
        </testcase>
        <testcase classname="src/modules/channels/voice-livekit/tools/end-call.tool.test.ts" name="markLeadOptedOut — the DNC mark, tenant-scoped on every path &gt; inbound with a phone match: flips the matched lead" time="0.0023165">
        </testcase>
        <testcase classname="src/modules/channels/voice-livekit/tools/end-call.tool.test.ts" name="markLeadOptedOut — the DNC mark, tenant-scoped on every path &gt; inbound stranger: CREATES an opted_out lead so the request survives" time="0.0011816">
        </testcase>
        <testcase classname="src/modules/channels/voice-livekit/tools/end-call.tool.test.ts" name="markLeadOptedOut — the DNC mark, tenant-scoped on every path &gt; no lead and no caller id: reports no_identity instead of guessing" time="0.0013961">
            <system-err>
opt_out_unattributable {&quot;tenantId&quot;:&quot;tenant-1&quot;,&quot;callId&quot;:&quot;call-1&quot;}

            </system-err>
        </testcase>
        <testcase classname="src/modules/channels/voice-livekit/tools/end-call.tool.test.ts" name="markLeadOptedOut — the DNC mark, tenant-scoped on every path &gt; opt_out through the tool marks the lead before the goodbye" time="0.0018245">
            <system-out>
lead_opted_out {&quot;tenantId&quot;:&quot;tenant-1&quot;,&quot;outcome&quot;:&quot;lead_updated&quot;}

tool_call {&quot;name&quot;:&quot;end_call&quot;,&quot;durationMs&quot;:1,&quot;ok&quot;:true}

            </system-out>
        </testcase>
        <testcase classname="src/modules/channels/voice-livekit/tools/end-call.tool.test.ts" name="markLeadOptedOut — the DNC mark, tenant-scoped on every path &gt; other reasons never touch the lead status" time="0.002394">
            <system-out>
tool_call {&quot;name&quot;:&quot;end_call&quot;,&quot;durationMs&quot;:1,&quot;ok&quot;:true}

            </system-out>
        </testcase>
        <testcase classname="src/modules/channels/voice-livekit/tools/end-call.tool.test.ts" name="endCallTool — conditional AI disclosure in the goodbye &gt; caller was told during the call (&quot;אני סוכנת AI&quot;) → normal goodbye, disclosure logged as during_call" time="0.003216">
            <system-out>
tool_call {&quot;name&quot;:&quot;end_call&quot;,&quot;durationMs&quot;:1,&quot;ok&quot;:true}

            </system-out>
        </testcase>
        <testcase classname="src/modules/channels/voice-livekit/tools/end-call.tool.test.ts" name="endCallTool — conditional AI disclosure in the goodbye &gt; never disclosed → the goodbye instruction DEMANDS the disclosure sentence" time="0.0023896">
            <system-out>
tool_call {&quot;name&quot;:&quot;end_call&quot;,&quot;durationMs&quot;:1,&quot;ok&quot;:true}

            </system-out>
        </testcase>
    </testsuite>
    <testsuite name="src/modules/channels/voice-livekit/tools/handoff-settings.test.ts" timestamp="2026-09-06T14:24:09.094Z" hostname="KorentzPC" tests="4" failures="0" errors="0" skipped="0" time="0.0093086">
        <testcase classname="src/modules/channels/voice-livekit/tools/handoff-settings.test.ts" name="resolveHandoffSettings &gt; missing / malformed / wrong-typed settings all fall back to defaults" time="0.0045725">
        </testcase>
        <testcase classname="src/modules/channels/voice-livekit/tools/handoff-settings.test.ts" name="resolveHandoffSettings &gt; reads a fully configured owner" time="0.0006816">
        </testcase>
        <testcase classname="src/modules/channels/voice-livekit/tools/handoff-settings.test.ts" name="resolveHandoffSettings &gt; trims strings and treats blank/oversized/non-string values as unconfigured" time="0.0009139">
        </testcase>
        <testcase classname="src/modules/channels/voice-livekit/tools/handoff-settings.test.ts" name="resolveHandoffSettings &gt; filters unknown channels out of notify instead of trusting the blob" time="0.0004358">
        </testcase>
    </testsuite>
    <testsuite name="src/modules/channels/voice-livekit/tools/israel-time.test.ts" timestamp="2026-09-06T14:24:09.095Z" hostname="KorentzPC" tests="21" failures="0" errors="0" skipped="0" time="0.0230223">
        <testcase classname="src/modules/channels/voice-livekit/tools/israel-time.test.ts" name="formatSlotHe &gt; formats a July (IDT, UTC+3) slot with full Hebrew weekday and date" time="0.0031721">
        </testcase>
        <testcase classname="src/modules/channels/voice-livekit/tools/israel-time.test.ts" name="formatSlotHe &gt; formats a January (IST, UTC+2) slot — the +2 offset must hold in winter" time="0.0011357">
        </testcase>
        <testcase classname="src/modules/channels/voice-livekit/tools/israel-time.test.ts" name="formatSlotHe &gt; says מחר for the next Israel-local calendar day" time="0.0007944">
        </testcase>
        <testcase classname="src/modules/channels/voice-livekit/tools/israel-time.test.ts" name="formatSlotHe &gt; says מחרתיים two Israel-local days out" time="0.0004421">
        </testcase>
        <testcase classname="src/modules/channels/voice-livekit/tools/israel-time.test.ts" name="formatSlotHe &gt; rolls היום/מחר on the ISRAEL midnight, not the UTC one" time="0.0006338">
        </testcase>
        <testcase classname="src/modules/channels/voice-livekit/tools/israel-time.test.ts" name="isBusinessHours (Sun–Thu 09:00–17:00 Israel) &gt; accepts a Sunday mid-morning slot — the Israeli work week starts on Sunday" time="0.0005582">
        </testcase>
        <testcase classname="src/modules/channels/voice-livekit/tools/israel-time.test.ts" name="isBusinessHours (Sun–Thu 09:00–17:00 Israel) &gt; rejects Friday — the provider grid generates it, the filter must kill it" time="0.0004731">
        </testcase>
        <testcase classname="src/modules/channels/voice-livekit/tools/israel-time.test.ts" name="isBusinessHours (Sun–Thu 09:00–17:00 Israel) &gt; rejects Saturday" time="0.0002718">
        </testcase>
        <testcase classname="src/modules/channels/voice-livekit/tools/israel-time.test.ts" name="isBusinessHours (Sun–Thu 09:00–17:00 Israel) &gt; rejects 08:45 — before opening" time="0.0003234">
        </testcase>
        <testcase classname="src/modules/channels/voice-livekit/tools/israel-time.test.ts" name="isBusinessHours (Sun–Thu 09:00–17:00 Israel) &gt; accepts 09:00 exactly" time="0.0003155">
        </testcase>
        <testcase classname="src/modules/channels/voice-livekit/tools/israel-time.test.ts" name="isBusinessHours (Sun–Thu 09:00–17:00 Israel) &gt; rejects a slot that ENDS after 17:00 — 16:50 + 15min = 17:05" time="0.0002875">
        </testcase>
        <testcase classname="src/modules/channels/voice-livekit/tools/israel-time.test.ts" name="isBusinessHours (Sun–Thu 09:00–17:00 Israel) &gt; accepts a slot that ends at 17:00 exactly — 16:45 + 15min" time="0.0002074">
        </testcase>
        <testcase classname="src/modules/channels/voice-livekit/tools/israel-time.test.ts" name="isBusinessHours (Sun–Thu 09:00–17:00 Israel) &gt; holds in winter (IST, UTC+2): 10:00 Israel is 08:00 UTC, still inside hours" time="0.0002665">
        </testcase>
        <testcase classname="src/modules/channels/voice-livekit/tools/israel-time.test.ts" name="filterBusinessHours &gt; drops Friday/Saturday/after-hours slots and keeps the legal ones" time="0.0015906">
        </testcase>
        <testcase classname="src/modules/channels/voice-livekit/tools/israel-time.test.ts" name="pickSpread &gt; prefers distinct days over same-day slots" time="0.0013029">
        </testcase>
        <testcase classname="src/modules/channels/voice-livekit/tools/israel-time.test.ts" name="pickSpread &gt; falls back to same-day slots when there are not enough days" time="0.0023548">
        </testcase>
        <testcase classname="src/modules/channels/voice-livekit/tools/israel-time.test.ts" name="pickSpread &gt; returns chronological order" time="0.00051">
        </testcase>
        <testcase classname="src/modules/channels/voice-livekit/tools/israel-time.test.ts" name="groupAvailability — the free RANGES the agent offers out loud &gt; collapses a contiguous 30-min run into one range (from first to last START)" time="0.0017678">
        </testcase>
        <testcase classname="src/modules/channels/voice-livekit/tools/israel-time.test.ts" name="groupAvailability — the free RANGES the agent offers out loud &gt; splits a busy gap into two windows" time="0.0005343">
        </testcase>
        <testcase classname="src/modules/channels/voice-livekit/tools/israel-time.test.ts" name="groupAvailability — the free RANGES the agent offers out loud &gt; keeps distinct days separate and chronological" time="0.0007892">
        </testcase>
        <testcase classname="src/modules/channels/voice-livekit/tools/israel-time.test.ts" name="groupAvailability — the free RANGES the agent offers out loud &gt; labels tomorrow relatively" time="0.0003459">
        </testcase>
    </testsuite>
    <testsuite name="src/modules/channels/voice-livekit/tools/lead-store.test.ts" timestamp="2026-09-06T14:24:09.101Z" hostname="KorentzPC" tests="9" failures="0" errors="0" skipped="0" time="0.0251381">
        <testcase classname="src/modules/channels/voice-livekit/tools/lead-store.test.ts" name="phoneSuffix &gt; normalizes Israeli formats to the last 9 digits" time="0.0029879">
        </testcase>
        <testcase classname="src/modules/channels/voice-livekit/tools/lead-store.test.ts" name="findLeadIdByPhone &gt; refuses to match on suffixes too short to be meaningful" time="0.0021268">
        </testcase>
        <testcase classname="src/modules/channels/voice-livekit/tools/lead-store.test.ts" name="findLeadIdByPhone &gt; returns the tenant-scoped match" time="0.0015468">
        </testcase>
        <testcase classname="src/modules/channels/voice-livekit/tools/lead-store.test.ts" name="upsertLead &gt; known leadId → tenant-scoped backfill update, no insert" time="0.0025978">
        </testcase>
        <testcase classname="src/modules/channels/voice-livekit/tools/lead-store.test.ts" name="upsertLead &gt; status is written ONLY when the caller decides so" time="0.0039539">
        </testcase>
        <testcase classname="src/modules/channels/voice-livekit/tools/lead-store.test.ts" name="upsertLead &gt; phone match (falls back to callerPhone) → update existing" time="0.0012596">
        </testcase>
        <testcase classname="src/modules/channels/voice-livekit/tools/lead-store.test.ts" name="upsertLead &gt; stranger → inserts a voice-livekit lead, callerPhone as phone, default status new" time="0.0040918">
            <system-err>
usage_meter_failed {&quot;kind&quot;:&quot;lead&quot;,&quot;tenantId&quot;:&quot;t1&quot;,&quot;leadId&quot;:&quot;lead-new&quot;,&quot;error&quot;:&quot;db.transaction is not a function&quot;}

            </system-err>
        </testcase>
        <testcase classname="src/modules/channels/voice-livekit/tools/lead-store.test.ts" name="mergeLeadQualification &gt; merges into metadata.qualification and raises score monotonically" time="0.0015802">
        </testcase>
        <testcase classname="src/modules/channels/voice-livekit/tools/lead-store.test.ts" name="mergeLeadQualification &gt; leaves score untouched when no floor is given" time="0.0011194">
        </testcase>
    </testsuite>
    <testsuite name="src/modules/channels/voice-livekit/tools/lead-writes.test.ts" timestamp="2026-09-06T14:24:09.104Z" hostname="KorentzPC" tests="7" failures="0" errors="0" skipped="0" time="0.0169397">
        <testcase classname="src/modules/channels/voice-livekit/tools/lead-writes.test.ts" name="queueLeadWrite &gt; returns before the write has run — that is the whole point" time="0.0035161">
        </testcase>
        <testcase classname="src/modules/channels/voice-livekit/tools/lead-writes.test.ts" name="queueLeadWrite &gt; runs writes IN ORDER, so two captures cannot both insert the same lead" time="0.0018006">
        </testcase>
        <testcase classname="src/modules/channels/voice-livekit/tools/lead-writes.test.ts" name="queueLeadWrite &gt; lets the second write see what the first one resolved" time="0.0004782">
        </testcase>
        <testcase classname="src/modules/channels/voice-livekit/tools/lead-writes.test.ts" name="queueLeadWrite — failure must never reach the call &gt; swallows a rejected write, counts it, and keeps the chain usable" time="0.0040268">
        </testcase>
        <testcase classname="src/modules/channels/voice-livekit/tools/lead-writes.test.ts" name="queueLeadWrite — failure must never reach the call &gt; records the failure on the report, because a lost fact must survive in the record" time="0.0029062">
        </testcase>
        <testcase classname="src/modules/channels/voice-livekit/tools/lead-writes.test.ts" name="queueLeadWrite — failure must never reach the call &gt; survives a report that throws — a broken instrument must not break the call" time="0.0010776">
        </testcase>
        <testcase classname="src/modules/channels/voice-livekit/tools/lead-writes.test.ts" name="settleLeadWrites &gt; is a no-op when nothing was ever queued" time="0.0003241">
        </testcase>
    </testsuite>
    <testsuite name="src/modules/channels/voice-livekit/tools/request-human-handoff.tool.test.ts" timestamp="2026-09-06T14:24:09.106Z" hostname="KorentzPC" tests="27" failures="0" errors="0" skipped="0" time="3.1004751">
        <testcase classname="src/modules/channels/voice-livekit/tools/request-human-handoff.tool.test.ts" name="structural injection defense &gt; takes only DESCRIPTIVE arguments — no destination for an injected redirect to land in" time="0.0036308">
        </testcase>
        <testcase classname="src/modules/channels/voice-livekit/tools/request-human-handoff.tool.test.ts" name="structural injection defense &gt; caps every free-text field so a prompt-injection payload cannot ride into the owner alert" time="0.0039873">
        </testcase>
        <testcase classname="src/modules/channels/voice-livekit/tools/request-human-handoff.tool.test.ts" name="structural injection defense &gt; accepts an explicit null in the new fields — gpt-5.4 sends null, not an omission" time="0.0004772">
        </testcase>
        <testcase classname="src/modules/channels/voice-livekit/tools/request-human-handoff.tool.test.ts" name="request_human_handoff — the happy path &gt; flags the lead, pings the owner on both channels, and hands the model the line" time="0.0161872">
            <system-out>
handoff_lead_flagged {&quot;tenantId&quot;:&quot;tenant-1&quot;,&quot;outcome&quot;:&quot;lead_updated&quot;}

tool_call {&quot;name&quot;:&quot;request_human_handoff&quot;,&quot;durationMs&quot;:7,&quot;ok&quot;:true}

            </system-out>
        </testcase>
        <testcase classname="src/modules/channels/voice-livekit/tools/request-human-handoff.tool.test.ts" name="request_human_handoff — the happy path &gt; sends the owner a SUMMARY — the answer she got, plus what the call already recorded" time="0.0040102">
            <system-out>
handoff_lead_flagged {&quot;tenantId&quot;:&quot;tenant-1&quot;,&quot;outcome&quot;:&quot;lead_updated&quot;}

tool_call {&quot;name&quot;:&quot;request_human_handoff&quot;,&quot;durationMs&quot;:1,&quot;ok&quot;:true}

            </system-out>
        </testcase>
        <testcase classname="src/modules/channels/voice-livekit/tools/request-human-handoff.tool.test.ts" name="request_human_handoff — the happy path &gt; hands off ANYWAY when the lead would not say why — never blocked on an explanation" time="0.0030354">
            <system-out>
handoff_lead_flagged {&quot;tenantId&quot;:&quot;tenant-1&quot;,&quot;outcome&quot;:&quot;lead_updated&quot;}

tool_call {&quot;name&quot;:&quot;request_human_handoff&quot;,&quot;durationMs&quot;:1,&quot;ok&quot;:true}

            </system-out>
        </testcase>
        <testcase classname="src/modules/channels/voice-livekit/tools/request-human-handoff.tool.test.ts" name="request_human_handoff — the happy path &gt; omits the dashboard link entirely when DASHBOARD_BASE_URL is unset — never a broken URL" time="0.0022724">
            <system-out>
handoff_lead_flagged {&quot;tenantId&quot;:&quot;tenant-1&quot;,&quot;outcome&quot;:&quot;lead_updated&quot;}

tool_call {&quot;name&quot;:&quot;request_human_handoff&quot;,&quot;durationMs&quot;:1,&quot;ok&quot;:true}

            </system-out>
        </testcase>
        <testcase classname="src/modules/channels/voice-livekit/tools/request-human-handoff.tool.test.ts" name="request_human_handoff — idempotency &gt; a second call in the same session re-flags nothing and does NOT double-ping the owner" time="0.0033123">
            <system-out>
handoff_lead_flagged {&quot;tenantId&quot;:&quot;tenant-1&quot;,&quot;outcome&quot;:&quot;lead_updated&quot;}

tool_call {&quot;name&quot;:&quot;request_human_handoff&quot;,&quot;durationMs&quot;:1,&quot;ok&quot;:true}

tool_call {&quot;name&quot;:&quot;request_human_handoff&quot;,&quot;durationMs&quot;:0,&quot;ok&quot;:true}

            </system-out>
        </testcase>
        <testcase classname="src/modules/channels/voice-livekit/tools/request-human-handoff.tool.test.ts" name="request_human_handoff — the lead never pays for our plumbing &gt; no owner configured → still flags, still says the line, names no one" time="0.0029321">
            <system-out>
handoff_lead_flagged {&quot;tenantId&quot;:&quot;tenant-1&quot;,&quot;outcome&quot;:&quot;lead_updated&quot;}

tool_call {&quot;name&quot;:&quot;request_human_handoff&quot;,&quot;durationMs&quot;:1,&quot;ok&quot;:true}

            </system-out>
            <system-err>
handoff_owner_not_notified {&quot;tenantId&quot;:&quot;tenant-1&quot;,&quot;callId&quot;:&quot;call-1&quot;,&quot;configured&quot;:{&quot;phone&quot;:false,&quot;email&quot;:false}}

            </system-err>
        </testcase>
        <testcase classname="src/modules/channels/voice-livekit/tools/request-human-handoff.tool.test.ts" name="request_human_handoff — the lead never pays for our plumbing &gt; dead queue → the handoff still completes" time="0.0022437">
            <system-out>
handoff_lead_flagged {&quot;tenantId&quot;:&quot;tenant-1&quot;,&quot;outcome&quot;:&quot;lead_updated&quot;}

tool_call {&quot;name&quot;:&quot;request_human_handoff&quot;,&quot;durationMs&quot;:1,&quot;ok&quot;:true}

            </system-out>
            <system-err>
handoff_notify_skipped {&quot;tenantId&quot;:&quot;tenant-1&quot;,&quot;reason&quot;:&quot;no_queue&quot;}

            </system-err>
        </testcase>
        <testcase classname="src/modules/channels/voice-livekit/tools/request-human-handoff.tool.test.ts" name="request_human_handoff — the lead never pays for our plumbing &gt; a hung Redis is timeboxed — the lead does not wait on the queue" time="3.0193869">
            <system-out>
handoff_lead_flagged {&quot;tenantId&quot;:&quot;tenant-1&quot;,&quot;outcome&quot;:&quot;lead_updated&quot;}

tool_call {&quot;name&quot;:&quot;request_human_handoff&quot;,&quot;durationMs&quot;:3017,&quot;ok&quot;:true}

            </system-out>
            <system-err>
handoff_notify_failed {&quot;tenantId&quot;:&quot;tenant-1&quot;,&quot;channel&quot;:&quot;whatsapp&quot;,&quot;error&quot;:&quot;timeout&quot;}

handoff_notify_failed {&quot;tenantId&quot;:&quot;tenant-1&quot;,&quot;channel&quot;:&quot;email&quot;,&quot;error&quot;:&quot;timeout&quot;}
handoff_owner_not_notified {&quot;tenantId&quot;:&quot;tenant-1&quot;,&quot;callId&quot;:&quot;call-1&quot;,&quot;configured&quot;:{&quot;phone&quot;:true,&quot;email&quot;:true}}

            </system-err>
        </testcase>
        <testcase classname="src/modules/channels/voice-livekit/tools/request-human-handoff.tool.test.ts" name="request_human_handoff — the lead never pays for our plumbing &gt; the DB write failing does not swallow the handoff — she still says the line" time="0.0040585">
            <system-out>
tool_call {&quot;name&quot;:&quot;request_human_handoff&quot;,&quot;durationMs&quot;:2,&quot;ok&quot;:true}

            </system-out>
            <system-err>
handoff_flag_failed db down

            </system-err>
        </testcase>
        <testcase classname="src/modules/channels/voice-livekit/tools/request-human-handoff.tool.test.ts" name="request_human_handoff — inbound callers with no lead row &gt; an unknown caller gets a lead CREATED so the request survives the call" time="0.0076882">
            <system-out>
handoff_lead_flagged {&quot;tenantId&quot;:&quot;tenant-1&quot;,&quot;outcome&quot;:&quot;lead_created&quot;}

tool_call {&quot;name&quot;:&quot;request_human_handoff&quot;,&quot;durationMs&quot;:4,&quot;ok&quot;:true}

            </system-out>
            <system-err>
usage_meter_failed {&quot;kind&quot;:&quot;lead&quot;,&quot;tenantId&quot;:&quot;tenant-1&quot;,&quot;leadId&quot;:&quot;lead-new&quot;,&quot;error&quot;:&quot;db.transaction is not a function&quot;}

            </system-err>
        </testcase>
        <testcase classname="src/modules/channels/voice-livekit/tools/request-human-handoff.tool.test.ts" name="request_human_handoff — inbound callers with no lead row &gt; an existing lead matched by phone is updated, not duplicated" time="0.0038034">
            <system-out>
handoff_lead_flagged {&quot;tenantId&quot;:&quot;tenant-1&quot;,&quot;outcome&quot;:&quot;lead_updated&quot;}

tool_call {&quot;name&quot;:&quot;request_human_handoff&quot;,&quot;durationMs&quot;:1,&quot;ok&quot;:true}

            </system-out>
        </testcase>
        <testcase classname="src/modules/channels/voice-livekit/tools/request-human-handoff.tool.test.ts" name="request_human_handoff — inbound callers with no lead row &gt; no lead id and no usable phone → logged, and the call still ends politely" time="0.0046522">
            <system-out>
handoff_lead_flagged {&quot;tenantId&quot;:&quot;tenant-1&quot;,&quot;outcome&quot;:&quot;no_identity&quot;}

tool_call {&quot;name&quot;:&quot;request_human_handoff&quot;,&quot;durationMs&quot;:2,&quot;ok&quot;:true}

            </system-out>
            <system-err>
handoff_unattributable {&quot;tenantId&quot;:&quot;tenant-1&quot;,&quot;callId&quot;:&quot;call-1&quot;}

            </system-err>
        </testcase>
        <testcase classname="src/modules/channels/voice-livekit/tools/request-human-handoff.tool.test.ts" name="AI disclosure carries into the handoff goodbye &gt; never disclosed during the call → the instruction demands the disclosure sentence" time="0.0048913">
            <system-out>
handoff_lead_flagged {&quot;tenantId&quot;:&quot;tenant-1&quot;,&quot;outcome&quot;:&quot;lead_updated&quot;}

tool_call {&quot;name&quot;:&quot;request_human_handoff&quot;,&quot;durationMs&quot;:3,&quot;ok&quot;:true}

            </system-out>
        </testcase>
        <testcase classname="src/modules/channels/voice-livekit/tools/request-human-handoff.tool.test.ts" name="AI disclosure carries into the handoff goodbye &gt; already disclosed → plain handoff line, disclosure logged as during_call" time="0.0041737">
            <system-out>
handoff_lead_flagged {&quot;tenantId&quot;:&quot;tenant-1&quot;,&quot;outcome&quot;:&quot;lead_updated&quot;}

tool_call {&quot;name&quot;:&quot;request_human_handoff&quot;,&quot;durationMs&quot;:1,&quot;ok&quot;:true}

            </system-out>
        </testcase>
        <testcase classname="src/modules/channels/voice-livekit/tools/request-human-handoff.tool.test.ts" name="the owner alert text &gt; carries name, phone, reason and link — what a human needs to call back" time="0.0004674">
        </testcase>
        <testcase classname="src/modules/channels/voice-livekit/tools/request-human-handoff.tool.test.ts" name="the owner alert text &gt; degrades to &quot;unknown&quot; rather than printing &quot;null&quot; at a human" time="0.0003851">
        </testcase>
        <testcase classname="src/modules/channels/voice-livekit/tools/request-human-handoff.tool.test.ts" name="the owner alert text &gt; carries WHAT they want to discuss and WHAT is already known, not just a reason" time="0.0004155">
        </testcase>
        <testcase classname="src/modules/channels/voice-livekit/tools/request-human-handoff.tool.test.ts" name="the owner alert text &gt; says nothing extra when the lead would not explain — the alert still goes out" time="0.0003527">
        </testcase>
        <testcase classname="src/modules/channels/voice-livekit/tools/request-human-handoff.tool.test.ts" name="establishedLine — what the call already knows, without a second question &gt; reads the working memory the call filled in on its own" time="0.0004616">
        </testcase>
        <testcase classname="src/modules/channels/voice-livekit/tools/request-human-handoff.tool.test.ts" name="establishedLine — what the call already knows, without a second question &gt; appends the model&apos;s own one-liner after the recorded facts" time="0.0002117">
        </testcase>
        <testcase classname="src/modules/channels/voice-livekit/tools/request-human-handoff.tool.test.ts" name="establishedLine — what the call already knows, without a second question &gt; is null when the call learned nothing — better an absent line than a row of &quot;unknown&quot;" time="0.0007052">
        </testcase>
        <testcase classname="src/modules/channels/voice-livekit/tools/request-human-handoff.tool.test.ts" name="handoffReasonLine — the WhatsApp template has one slot for all of it &gt; folds the summary onto a single line (a template variable may not contain a newline)" time="0.0008641">
        </testcase>
        <testcase classname="src/modules/channels/voice-livekit/tools/request-human-handoff.tool.test.ts" name="handoffReasonLine — the WhatsApp template has one slot for all of it &gt; is just the reason when there is nothing else — never a trailing separator" time="0.0002228">
        </testcase>
        <testcase classname="src/modules/channels/voice-livekit/tools/request-human-handoff.tool.test.ts" name="the spoken instruction &gt; never promises a live transfer — a human CALLS BACK" time="0.0008811">
        </testcase>
    </testsuite>
    <testsuite name="src/modules/channels/voice-livekit/tools/send-confirmation.tools.test.ts" timestamp="2026-09-06T14:24:09.123Z" hostname="KorentzPC" tests="11" failures="0" errors="0" skipped="0" time="0.0354623">
        <testcase classname="src/modules/channels/voice-livekit/tools/send-confirmation.tools.test.ts" name="structural injection defense &gt; the schemas have NO destination parameters — nothing for a redirect to land in" time="0.0043681">
        </testcase>
        <testcase classname="src/modules/channels/voice-livekit/tools/send-confirmation.tools.test.ts" name="send_whatsapp_confirmation &gt; queues the template job with slot variables + fallback text, claims QUEUED only" time="0.0107493">
            <system-out>
tool_call {&quot;name&quot;:&quot;send_whatsapp_confirmation&quot;,&quot;durationMs&quot;:2,&quot;ok&quot;:true}

            </system-out>
        </testcase>
        <testcase classname="src/modules/channels/voice-livekit/tools/send-confirmation.tools.test.ts" name="send_whatsapp_confirmation &gt; refuses before any booking — and instructs the model to claim nothing" time="0.0034772">
            <system-out>
tool_call {&quot;name&quot;:&quot;send_whatsapp_confirmation&quot;,&quot;durationMs&quot;:1,&quot;ok&quot;:false,&quot;error&quot;:&quot;No meeting has been booked on this call. Book first with book_meeting — and do not claim any confirmation was sent.&quot;}

            </system-out>
        </testcase>
        <testcase classname="src/modules/channels/voice-livekit/tools/send-confirmation.tools.test.ts" name="send_whatsapp_confirmation &gt; refuses truthfully when messaging is down (queue null)" time="0.0024492">
            <system-out>
tool_call {&quot;name&quot;:&quot;send_whatsapp_confirmation&quot;,&quot;durationMs&quot;:0,&quot;ok&quot;:false,&quot;error&quot;:&quot;Messaging is unavailable right now. Do NOT tell the lead a confirmation message was sent; the calendar invite covers it.&quot;}

            </system-out>
        </testcase>
        <testcase classname="src/modules/channels/voice-livekit/tools/send-confirmation.tools.test.ts" name="send_email_confirmation &gt; queues with a real Hebrew subject (no more hardcoded Follow up)" time="0.0022349">
            <system-out>
tool_call {&quot;name&quot;:&quot;send_email_confirmation&quot;,&quot;durationMs&quot;:1,&quot;ok&quot;:true}

            </system-out>
        </testcase>
        <testcase classname="src/modules/channels/voice-livekit/tools/send-confirmation.tools.test.ts" name="message content &gt; WhatsApp text carries name, Hebrew slot, link, and the reply-to-reschedule hook" time="0.0007109">
        </testcase>
        <testcase classname="src/modules/channels/voice-livekit/tools/send-confirmation.tools.test.ts" name="message content &gt; meetLink line is DROPPED when absent — never a blank placeholder" time="0.0007015">
        </testcase>
        <testcase classname="src/modules/channels/voice-livekit/tools/send-confirmation.tools.test.ts" name="the no-email booking &gt; send_email_confirmation refuses, and tells her not to claim one or re-ask for the address" time="0.0022884">
            <system-out>
tool_call {&quot;name&quot;:&quot;send_email_confirmation&quot;,&quot;durationMs&quot;:0,&quot;ok&quot;:false,&quot;error&quot;:&quot;This meeting was booked without an email address, so there is nothing to send to. Do NOT tell the lead an email is on its way, and do not ask him for the address again.&quot;}

            </system-out>
        </testcase>
        <testcase classname="src/modules/channels/voice-livekit/tools/send-confirmation.tools.test.ts" name="the no-email booking &gt; send_whatsapp_confirmation still works — it is the whole point of the fallback" time="0.0019437">
            <system-out>
tool_call {&quot;name&quot;:&quot;send_whatsapp_confirmation&quot;,&quot;durationMs&quot;:0,&quot;ok&quot;:true}

            </system-out>
        </testcase>
        <testcase classname="src/modules/channels/voice-livekit/tools/send-confirmation.tools.test.ts" name="send_whatsapp_confirmation — deliverability pre-flight &gt; with a configured template, she may say the message is on its way" time="0.0016842">
            <system-out>
tool_call {&quot;name&quot;:&quot;send_whatsapp_confirmation&quot;,&quot;durationMs&quot;:0,&quot;ok&quot;:true}

            </system-out>
        </testcase>
        <testcase classname="src/modules/channels/voice-livekit/tools/send-confirmation.tools.test.ts" name="send_whatsapp_confirmation — deliverability pre-flight &gt; with NO template, the job is still queued but she is told not to promise it" time="0.0015096">
            <system-out>
tool_call {&quot;name&quot;:&quot;send_whatsapp_confirmation&quot;,&quot;durationMs&quot;:0,&quot;ok&quot;:true}

            </system-out>
        </testcase>
    </testsuite>
    <testsuite name="src/modules/channels/voice-livekit/tools/tool-context.test.ts" timestamp="2026-09-06T14:24:09.128Z" hostname="KorentzPC" tests="33" failures="0" errors="0" skipped="0" time="0.0692981">
        <testcase classname="src/modules/channels/voice-livekit/tools/tool-context.test.ts" name="parseOutboundMetadata &gt; reads tenantId + leadId from the outbound dialer payload" time="0.0042013">
        </testcase>
        <testcase classname="src/modules/channels/voice-livekit/tools/tool-context.test.ts" name="parseOutboundMetadata &gt; carries the dispatcher-created conversationId (Task 0) when present" time="0.0005524">
        </testcase>
        <testcase classname="src/modules/channels/voice-livekit/tools/tool-context.test.ts" name="parseOutboundMetadata &gt; returns null for absent, garbage, and tenant-less metadata — inbound calls, not errors" time="0.0005692">
        </testcase>
        <testcase classname="src/modules/channels/voice-livekit/tools/tool-context.test.ts" name="parseOutboundMetadata &gt; carries dispatcher-resolved settings when present, ignores a non-object settings field" time="0.0005166">
        </testcase>
        <testcase classname="src/modules/channels/voice-livekit/tools/tool-context.test.ts" name="sanitizeSettingsForAgent — whitelist, never leak secrets &gt; keeps only the voice-relevant keys and drops everything else (incl. secrets)" time="0.0018555">
        </testcase>
        <testcase classname="src/modules/channels/voice-livekit/tools/tool-context.test.ts" name="sanitizeSettingsForAgent — whitelist, never leak secrets &gt; returns undefined for null/non-object input" time="0.0008831">
        </testcase>
        <testcase classname="src/modules/channels/voice-livekit/tools/tool-context.test.ts" name="evaluateToolGate — the fail-closed core &gt; denies tenants without the functions flag — absence means NO" time="0.0004636">
        </testcase>
        <testcase classname="src/modules/channels/voice-livekit/tools/tool-context.test.ts" name="evaluateToolGate — the fail-closed core &gt; denies on null/undefined settings — an unreadable tenant gets no tools" time="0.0004705">
        </testcase>
        <testcase classname="src/modules/channels/voice-livekit/tools/tool-context.test.ts" name="evaluateToolGate — the fail-closed core &gt; denies on a truthy-but-not-true flag — strict === true, &quot;true&quot; strings do not count" time="0.0002942">
        </testcase>
        <testcase classname="src/modules/channels/voice-livekit/tools/tool-context.test.ts" name="evaluateToolGate — the fail-closed core &gt; allows only functions_enabled === true" time="0.0003522">
        </testcase>
        <testcase classname="src/modules/channels/voice-livekit/tools/tool-context.test.ts" name="buildToolRuntime — fail-closed matrix &gt; no metadata and no VOICE_WEBHOOK_TENANT_ID → no_tenant" time="0.0054641">
            <system-err>
call_identity_refused {&quot;reason&quot;:&quot;no_tenant&quot;,&quot;calledNumber&quot;:null}

            </system-err>
        </testcase>
        <testcase classname="src/modules/channels/voice-livekit/tools/tool-context.test.ts" name="buildToolRuntime — fail-closed matrix &gt; returns the tenant settings even when the tool gate is CLOSED" time="0.0020631">
            <system-out>
call_identity {&quot;tenantId&quot;:&quot;tenant-1&quot;,&quot;source&quot;:&quot;outbound_metadata&quot;,&quot;calledNumber&quot;:null}

            </system-out>
        </testcase>
        <testcase classname="src/modules/channels/voice-livekit/tools/tool-context.test.ts" name="buildToolRuntime — fail-closed matrix &gt; returns the tenant settings even when the calendar is not configured" time="0.0016997">
            <system-out>
call_identity {&quot;tenantId&quot;:&quot;tenant-1&quot;,&quot;source&quot;:&quot;outbound_metadata&quot;,&quot;calledNumber&quot;:null}

            </system-out>
            <system-err>
gcal_no_calendar_for_tenant {&quot;tenantId&quot;:&quot;tenant-1&quot;,&quot;isPlatformTenant&quot;:false,&quot;hint&quot;:&quot;tenant has not connected a Google account — booking is disabled for this tenant&quot;}

            </system-err>
        </testcase>
        <testcase classname="src/modules/channels/voice-livekit/tools/tool-context.test.ts" name="buildToolRuntime — fail-closed matrix &gt; inbound call falls back to VOICE_WEBHOOK_TENANT_ID with no lead" time="0.0015564">
            <system-out>
call_identity {&quot;tenantId&quot;:&quot;tenant-env&quot;,&quot;source&quot;:&quot;env_fallback&quot;,&quot;calledNumber&quot;:null}

            </system-out>
        </testcase>
        <testcase classname="src/modules/channels/voice-livekit/tools/tool-context.test.ts" name="buildToolRuntime — fail-closed matrix &gt; missing calendar creds → calendar_not_configured (tools that cannot book must not exist)" time="0.0012032">
            <system-out>
call_identity {&quot;tenantId&quot;:&quot;tenant-1&quot;,&quot;source&quot;:&quot;outbound_metadata&quot;,&quot;calledNumber&quot;:null}

            </system-out>
            <system-err>
gcal_no_calendar_for_tenant {&quot;tenantId&quot;:&quot;tenant-1&quot;,&quot;isPlatformTenant&quot;:false,&quot;hint&quot;:&quot;tenant has not connected a Google account — booking is disabled for this tenant&quot;}

            </system-err>
        </testcase>
        <testcase classname="src/modules/channels/voice-livekit/tools/tool-context.test.ts" name="buildToolRuntime — fail-closed matrix &gt; gates off metadata settings WITHOUT reading the DB — the cloud fix" time="0.0030635">
            <system-out>
call_identity {&quot;tenantId&quot;:&quot;tenant-meta&quot;,&quot;source&quot;:&quot;outbound_metadata&quot;,&quot;calledNumber&quot;:null}

            </system-out>
        </testcase>
        <testcase classname="src/modules/channels/voice-livekit/tools/tool-context.test.ts" name="buildToolRuntime — fail-closed matrix &gt; metadata settings that fail the gate are still honored — no DB fallback rescue" time="0.0015897">
            <system-out>
call_identity {&quot;tenantId&quot;:&quot;t&quot;,&quot;source&quot;:&quot;outbound_metadata&quot;,&quot;calledNumber&quot;:null}

            </system-out>
        </testcase>
        <testcase classname="src/modules/channels/voice-livekit/tools/tool-context.test.ts" name="buildToolRuntime — fail-closed matrix &gt; settings read throws → settings_read_failed, pool closed" time="0.0029152">
            <system-out>
call_identity {&quot;tenantId&quot;:&quot;tenant-1&quot;,&quot;source&quot;:&quot;outbound_metadata&quot;,&quot;calledNumber&quot;:null}

            </system-out>
            <system-err>
tool_runtime_settings_failed {&quot;tenantId&quot;:&quot;tenant-1&quot;,&quot;error&quot;:&quot;connection refused&quot;}

            </system-err>
        </testcase>
        <testcase classname="src/modules/channels/voice-livekit/tools/tool-context.test.ts" name="buildToolRuntime — fail-closed matrix &gt; settings read hangs past the timebox → settings_read_timeout, pool closed" time="0.0068533">
            <system-out>
call_identity {&quot;tenantId&quot;:&quot;tenant-1&quot;,&quot;source&quot;:&quot;outbound_metadata&quot;,&quot;calledNumber&quot;:null}

            </system-out>
            <system-err>
tool_runtime_settings_failed {&quot;tenantId&quot;:&quot;tenant-1&quot;,&quot;error&quot;:&quot;timeout&quot;}

            </system-err>
        </testcase>
        <testcase classname="src/modules/channels/voice-livekit/tools/tool-context.test.ts" name="buildToolRuntime — fail-closed matrix &gt; flag off → functions_disabled, pool closed" time="0.0011345">
            <system-out>
call_identity {&quot;tenantId&quot;:&quot;tenant-1&quot;,&quot;source&quot;:&quot;outbound_metadata&quot;,&quot;calledNumber&quot;:null}

            </system-out>
        </testcase>
        <testcase classname="src/modules/channels/voice-livekit/tools/tool-context.test.ts" name="buildToolRuntime — fail-closed matrix &gt; settings with no functions flag at all → functions_disabled" time="0.0008523">
            <system-out>
call_identity {&quot;tenantId&quot;:&quot;tenant-1&quot;,&quot;source&quot;:&quot;outbound_metadata&quot;,&quot;calledNumber&quot;:null}

            </system-out>
        </testcase>
        <testcase classname="src/modules/channels/voice-livekit/tools/tool-context.test.ts" name="buildToolRuntime — fail-closed matrix &gt; both flags on → a live runtime carrying tenant, lead, and a provider factory" time="0.003129">
            <system-out>
call_identity {&quot;tenantId&quot;:&quot;tenant-1&quot;,&quot;source&quot;:&quot;outbound_metadata&quot;,&quot;calledNumber&quot;:null}

            </system-out>
        </testcase>
        <testcase classname="src/modules/channels/voice-livekit/tools/tool-context.test.ts" name="buildToolRuntime — fail-closed matrix &gt; keeps the tenant settings object on the runtime — tools read config without a second query" time="0.0011035">
            <system-out>
call_identity {&quot;tenantId&quot;:&quot;tenant-1&quot;,&quot;source&quot;:&quot;outbound_metadata&quot;,&quot;calledNumber&quot;:null}

            </system-out>
        </testcase>
        <testcase classname="src/modules/channels/voice-livekit/tools/tool-context.test.ts" name="buildToolRuntime — fail-closed matrix &gt; builds the messaging queues and lastBooking starts null" time="0.0008822">
            <system-out>
call_identity {&quot;tenantId&quot;:&quot;tenant-1&quot;,&quot;source&quot;:&quot;outbound_metadata&quot;,&quot;calledNumber&quot;:null}

            </system-out>
        </testcase>
        <testcase classname="src/modules/channels/voice-livekit/tools/tool-context.test.ts" name="buildToolRuntime — fail-closed matrix &gt; Redis failure degrades to null queues — the CALL proceeds" time="0.0009814">
            <system-out>
call_identity {&quot;tenantId&quot;:&quot;tenant-1&quot;,&quot;source&quot;:&quot;outbound_metadata&quot;,&quot;calledNumber&quot;:null}

            </system-out>
            <system-err>
tool_runtime_redis_failed redis unreachable

            </system-err>
        </testcase>
        <testcase classname="src/modules/channels/voice-livekit/tools/tool-context.test.ts" name="buildToolRuntime — fail-closed matrix &gt; closeDb tears down queues AND the pool" time="0.0010074">
            <system-out>
call_identity {&quot;tenantId&quot;:&quot;tenant-1&quot;,&quot;source&quot;:&quot;outbound_metadata&quot;,&quot;calledNumber&quot;:null}

            </system-out>
        </testcase>
        <testcase classname="src/modules/channels/voice-livekit/tools/tool-context.test.ts" name="timedTool &gt; records a successful call with its duration and returns the result" time="0.0117561">
            <system-out>
tool_call {&quot;name&quot;:&quot;check_calendar_availability&quot;,&quot;durationMs&quot;:0,&quot;ok&quot;:true}

            </system-out>
        </testcase>
        <testcase classname="src/modules/channels/voice-livekit/tools/tool-context.test.ts" name="timedTool &gt; records a failure and RETHROWS — a silent tool error is how false bookings happen" time="0.0059531">
            <system-out>
tool_call {&quot;name&quot;:&quot;book_meeting&quot;,&quot;durationMs&quot;:2,&quot;ok&quot;:false,&quot;error&quot;:&quot;calendar down&quot;}

            </system-out>
        </testcase>
        <testcase classname="src/modules/channels/voice-livekit/tools/tool-context.test.ts" name="redactArgs — PII never reaches a log line &gt; cuts phones to last-4, emails to domain, names to an initial AND a length" time="0.0004979">
        </testcase>
        <testcase classname="src/modules/channels/voice-livekit/tools/tool-context.test.ts" name="redactArgs — PII never reaches a log line &gt; a one-letter name is now DISTINGUISHABLE from a real one" time="0.0003876">
        </testcase>
        <testcase classname="src/modules/channels/voice-livekit/tools/tool-context.test.ts" name="redactArgs — PII never reaches a log line &gt; an email with no @ does not render its last character as a domain" time="0.0002447">
        </testcase>
        <testcase classname="src/modules/channels/voice-livekit/tools/tool-context.test.ts" name="redactArgs — PII never reaches a log line &gt; still never lets a readable name, phone or address into the log" time="0.0003743">
        </testcase>
        <testcase classname="src/modules/channels/voice-livekit/tools/tool-context.test.ts" name="redactArgs — PII never reaches a log line &gt; passes non-strings through and truncates long strings" time="0.0003877">
        </testcase>
    </testsuite>
    <testsuite name="src/modules/channels/voice-livekit/testing/dev-dispatch.test.ts" timestamp="2026-09-06T14:24:09.138Z" hostname="KorentzPC" tests="13" failures="0" errors="0" skipped="0" time="0.0111769">
        <testcase classname="src/modules/channels/voice-livekit/testing/dev-dispatch.test.ts" name="resolveWorkerAgentName &gt; gives the CLOUD path an empty name — the SDK branch the previous code took" time="0.0028314">
        </testcase>
        <testcase classname="src/modules/channels/voice-livekit/testing/dev-dispatch.test.ts" name="resolveWorkerAgentName &gt; leaves download-files and a bare invocation on default dispatch" time="0.0006458">
        </testcase>
        <testcase classname="src/modules/channels/voice-livekit/testing/dev-dispatch.test.ts" name="resolveWorkerAgentName &gt; names a laptop worker for dev / connect / console" time="0.000543">
        </testcase>
        <testcase classname="src/modules/channels/voice-livekit/testing/dev-dispatch.test.ts" name="resolveWorkerAgentName &gt; still finds the subcommand when an option VALUE comes first" time="0.0002727">
        </testcase>
        <testcase classname="src/modules/channels/voice-livekit/testing/dev-dispatch.test.ts" name="resolveWorkerAgentName &gt; does not mistake `start --simulation` for a local command" time="0.0003745">
        </testcase>
        <testcase classname="src/modules/channels/voice-livekit/testing/dev-dispatch.test.ts" name="resolveWorkerAgentName &gt; lets a second session pick its own worker name" time="0.0004439">
        </testcase>
        <testcase classname="src/modules/channels/voice-livekit/testing/dev-dispatch.test.ts" name="resolveWorkerAgentName &gt; has an explicit, loud escape back into the default pool" time="0.0005333">
        </testcase>
        <testcase classname="src/modules/channels/voice-livekit/testing/dev-dispatch.test.ts" name="resolveWorkerAgentName &gt; says out loud which pool it joined" time="0.0004724">
        </testcase>
        <testcase classname="src/modules/channels/voice-livekit/testing/dev-dispatch.test.ts" name="resolveWebCallDispatch &gt; defaults to auto-dispatch — the token this route has always minted" time="0.0007113">
        </testcase>
        <testcase classname="src/modules/channels/voice-livekit/testing/dev-dispatch.test.ts" name="resolveWebCallDispatch &gt; refuses agent:&quot;local&quot; unless the server opted in" time="0.000447">
        </testcase>
        <testcase classname="src/modules/channels/voice-livekit/testing/dev-dispatch.test.ts" name="resolveWebCallDispatch &gt; dispatches the local worker by name when BOTH locks are open" time="0.0003859">
        </testcase>
        <testcase classname="src/modules/channels/voice-livekit/testing/dev-dispatch.test.ts" name="resolveWebCallDispatch &gt; uses the same worker name the worker itself resolved" time="0.0002464">
        </testcase>
        <testcase classname="src/modules/channels/voice-livekit/testing/dev-dispatch.test.ts" name="resolveWebCallDispatch &gt; treats a junk switch value as OFF" time="0.0002109">
        </testcase>
    </testsuite>
    <testsuite name="src/modules/channels/voice-livekit/testing/duplication-repro.test.ts" timestamp="2026-09-06T14:24:09.142Z" hostname="KorentzPC" tests="7" failures="0" errors="0" skipped="0" time="0.0333846">
        <testcase classname="src/modules/channels/voice-livekit/testing/duplication-repro.test.ts" name="filler ⨯ opener duplication — real pipeline modules &gt; sanity: &quot;רגע, בודקת.&quot; is a REAL system-prompt opener AND &quot;רגע...&quot; is a REAL thinking filler" time="0.0047638">
        </testcase>
        <testcase classname="src/modules/channels/voice-livekit/testing/duplication-repro.test.ts" name="filler ⨯ opener duplication — real pipeline modules &gt; FIXED: filler &quot;רגע...&quot; + opener &quot;רגע, בודקת.&quot; → &quot;רגע&quot; reaches the TTS sink only ONCE" time="0.0146179">
        </testcase>
        <testcase classname="src/modules/channels/voice-livekit/testing/duplication-repro.test.ts" name="filler ⨯ opener duplication — real pipeline modules &gt; FIXED breadth: EVERY filler is suppressed when the opener starts with that filler word" time="0.0041515">
        </testcase>
        <testcase classname="src/modules/channels/voice-livekit/testing/duplication-repro.test.ts" name="filler ⨯ opener duplication — real pipeline modules &gt; does NOT over-suppress: a non-colliding filler (&quot;אֶממ...&quot;) is still spoken, no duplication" time="0.0033197">
            <system-out>
speech_guard {&quot;note&quot;:&quot;stripped model-emitted niqqud (unverified pointing is unreliable on Cartesia)&quot;,&quot;said&quot;:&quot;אֶממ...&quot;}

            </system-out>
        </testcase>
        <testcase classname="src/modules/channels/voice-livekit/testing/duplication-repro.test.ts" name="filler ⨯ opener duplication — real pipeline modules &gt; collision guard survives a halting speaker: opener word split across chunks" time="0.0011156">
        </testcase>
        <testcase classname="src/modules/channels/voice-livekit/testing/duplication-repro.test.ts" name="filler ⨯ opener duplication — real pipeline modules &gt; H3 (still refuted): guardStream never splits on a comma, so a comma-opener is not duplicated" time="0.001159">
        </testcase>
        <testcase classname="src/modules/channels/voice-livekit/testing/duplication-repro.test.ts" name="filler ⨯ opener duplication — real pipeline modules &gt; H1 (still gated): a discarded preemptive draft does NOT reach the audible sink" time="0.0012093">
        </testcase>
    </testsuite>
    <testsuite name="src/modules/channels/voice-livekit/testing/recording.test.ts" timestamp="2026-09-06T14:24:09.143Z" hostname="KorentzPC" tests="8" failures="0" errors="0" skipped="0" time="0.0368205">
        <testcase classname="src/modules/channels/voice-livekit/testing/recording.test.ts" name="Mixer &gt; reports the overlap that bursty per-frame placement produces" time="0.0048453">
        </testcase>
        <testcase classname="src/modules/channels/voice-livekit/testing/recording.test.ts" name="Mixer &gt; places one contiguous run per turn with no overlap, and keeps the silence between turns" time="0.014467">
        </testcase>
        <testcase classname="src/modules/channels/voice-livekit/testing/recording.test.ts" name="Mixer &gt; keeps a genuine cut-off audible as an overlap" time="0.0034453">
        </testcase>
        <testcase classname="src/modules/channels/voice-livekit/testing/recording.test.ts" name="trimSilenceWithOffset &gt; finds where the speech started, so the clip can be put back on the timeline" time="0.0056727">
        </testcase>
        <testcase classname="src/modules/channels/voice-livekit/testing/recording.test.ts" name="trimSilenceWithOffset &gt; says so when there is no speech at all, instead of returning a clip of nothing" time="0.0008393">
        </testcase>
        <testcase classname="src/modules/channels/voice-livekit/testing/recording.test.ts" name="buildExchange &gt; plays the caller, then the REAL gap, then the reply" time="0.0029046">
        </testcase>
        <testcase classname="src/modules/channels/voice-livekit/testing/recording.test.ts" name="buildExchange &gt; still produces a clip when the agent never replied" time="0.0010388">
        </testcase>
        <testcase classname="src/modules/channels/voice-livekit/testing/recording.test.ts" name="buildExchange &gt; is empty when there is nothing to play" time="0.0003">
        </testcase>
    </testsuite>
    <testsuite name="src/modules/channels/voice-livekit/testing/tool-flow.test.ts" timestamp="2026-09-06T14:24:09.145Z" hostname="KorentzPC" tests="2" failures="0" errors="0" skipped="0" time="2.2673848">
        <testcase classname="src/modules/channels/voice-livekit/testing/tool-flow.test.ts" name="scripted conversation — hot lead books a demo through the REAL tool pipeline &gt; check_calendar_availability → book_meeting (slot VERBATIM) → end_call, in order" time="2.2333494">
            <system-out>
tool_call {&quot;name&quot;:&quot;check_calendar_availability&quot;,&quot;durationMs&quot;:2,&quot;ok&quot;:true}

tool_call {&quot;name&quot;:&quot;book_meeting&quot;,&quot;durationMs&quot;:5,&quot;ok&quot;:true}

tool_call {&quot;name&quot;:&quot;end_call&quot;,&quot;durationMs&quot;:1,&quot;ok&quot;:false,&quot;error&quot;:&quot;rt.report.someAgentLine is not a function&quot;}

            </system-out>
            <system-err>
usage_meter_failed {&quot;kind&quot;:&quot;lead&quot;,&quot;tenantId&quot;:&quot;tenant-1&quot;,&quot;leadId&quot;:&quot;lead-new&quot;,&quot;error&quot;:&quot;db.transaction is not a function&quot;}

            </system-err>
        </testcase>
        <testcase classname="src/modules/channels/voice-livekit/testing/tool-flow.test.ts" name="scripted conversation — hot lead books a demo through the REAL tool pipeline &gt; a hallucinated slot_datetime is REJECTED by book_meeting — the error reaches the LLM" time="0.0315299">
            <system-out>
tool_call {&quot;name&quot;:&quot;book_meeting&quot;,&quot;durationMs&quot;:1,&quot;ok&quot;:false,&quot;error&quot;:&quot;That slot is no longer available. Nearest free alternatives on that day: מחרתיים, יום שלישי, 8 בספטמבר, בשעה 10:00  [slot_datetime: 2026-09-08T07:00:00.000Z]. Offer these to the lead in Hebrew.&quot;}

            </system-out>
        </testcase>
    </testsuite>
    <testsuite name="src/modules/channels/voice-livekit/testing/transcript-align.test.ts" timestamp="2026-09-06T14:24:09.146Z" hostname="KorentzPC" tests="4" failures="0" errors="0" skipped="0" time="0.0093495">
        <testcase classname="src/modules/channels/voice-livekit/testing/transcript-align.test.ts" name="alignTranscript &gt; pairs each caller turn with everything she said in reply to it" time="0.0045634">
        </testcase>
        <testcase classname="src/modules/channels/voice-livekit/testing/transcript-align.test.ts" name="alignTranscript &gt; gives a turn she never answered null, instead of the next turn’s words" time="0.0006226">
        </testcase>
        <testcase classname="src/modules/channels/voice-livekit/testing/transcript-align.test.ts" name="alignTranscript &gt; handles a call with no greeting" time="0.0005537">
        </testcase>
        <testcase classname="src/modules/channels/voice-livekit/testing/transcript-align.test.ts" name="alignTranscript &gt; handles an empty transcript" time="0.0004826">
        </testcase>
    </testsuite>
    <testsuite name="src/modules/channels/voice-livekit/testing/tts-engine.test.ts" timestamp="2026-09-06T14:24:09.147Z" hostname="KorentzPC" tests="28" failures="0" errors="0" skipped="0" time="0.0563635">
        <testcase classname="src/modules/channels/voice-livekit/testing/tts-engine.test.ts" name="describeEngine — follows VOICE_TTS_PROVIDER &gt; reports the configured engine when nothing is overridden" time="0.0041241">
        </testcase>
        <testcase classname="src/modules/channels/voice-livekit/testing/tts-engine.test.ts" name="describeEngine — follows VOICE_TTS_PROVIDER &gt; follows a flipped VOICE_TTS_PROVIDER without any code change" time="0.0006005">
        </testcase>
        <testcase classname="src/modules/channels/voice-livekit/testing/tts-engine.test.ts" name="describeEngine — follows VOICE_TTS_PROVIDER &gt; still allows an EXPLICIT override — the bench has to compare engines" time="0.0005997">
        </testcase>
        <testcase classname="src/modules/channels/voice-livekit/testing/tts-engine.test.ts" name="describeEngine — follows VOICE_TTS_PROVIDER &gt; names the inference gateway, which is a different path with different defaults" time="0.0006241">
        </testcase>
        <testcase classname="src/modules/channels/voice-livekit/testing/tts-engine.test.ts" name="the speed/volume asymmetry is stated, never silently dropped &gt; says the levers are applied on Cartesia" time="0.0004053">
        </testcase>
        <testcase classname="src/modules/channels/voice-livekit/testing/tts-engine.test.ts" name="the speed/volume asymmetry is stated, never silently dropped &gt; says out loud that deepdub was sent NEITHER lever, and quotes their values" time="0.0005969">
        </testcase>
        <testcase classname="src/modules/channels/voice-livekit/testing/tts-engine.test.ts" name="the speed/volume asymmetry is stated, never silently dropped &gt; says out loud that elevenlabs was sent NEITHER lever, and quotes their values" time="0.0003442">
        </testcase>
        <testcase classname="src/modules/channels/voice-livekit/testing/tts-engine.test.ts" name="the speed/volume asymmetry is stated, never silently dropped &gt; never claims a non-Cartesia engine honours &lt;break&gt; tags" time="0.0006272">
        </testcase>
        <testcase classname="src/modules/channels/voice-livekit/testing/tts-engine.test.ts" name="engineEnv — an override rewrites the right keys for the right provider &gt; puts a model on the selected provider, not on Cartesia by habit" time="0.0004455">
        </testcase>
        <testcase classname="src/modules/channels/voice-livekit/testing/tts-engine.test.ts" name="engineEnv — an override rewrites the right keys for the right provider &gt; puts a voice on the selected provider" time="0.0003287">
        </testcase>
        <testcase classname="src/modules/channels/voice-livekit/testing/tts-engine.test.ts" name="engineEnv — an override rewrites the right keys for the right provider &gt; applies a raw env patch last, so a bench arm can move anything" time="0.0002314">
        </testcase>
        <testcase classname="src/modules/channels/voice-livekit/testing/tts-engine.test.ts" name="engineFromPipeline — the engine is read off the AGENT, never assumed &gt; names provider and model together" time="0.0004186">
        </testcase>
        <testcase classname="src/modules/channels/voice-livekit/testing/tts-engine.test.ts" name="engineFromPipeline — the engine is read off the AGENT, never assumed &gt; reads the CARTESIA model for a Cartesia call, not whatever key came first" time="0.0001903">
        </testcase>
        <testcase classname="src/modules/channels/voice-livekit/testing/tts-engine.test.ts" name="engineFromPipeline — the engine is read off the AGENT, never assumed &gt; returns null with NO report — an unverified clip must not be attributed to an engine" time="0.0002131">
        </testcase>
        <testcase classname="src/modules/channels/voice-livekit/testing/tts-engine.test.ts" name="engineFromPipeline — the engine is read off the AGENT, never assumed &gt; says the model is missing rather than inventing one" time="0.0001391">
        </testcase>
        <testcase classname="src/modules/channels/voice-livekit/testing/tts-engine.test.ts" name="engineSlug — safe for a filename, and still readable &gt; keeps the provider and the model" time="0.0001273">
        </testcase>
        <testcase classname="src/modules/channels/voice-livekit/testing/tts-engine.test.ts" name="engineSlug — safe for a filename, and still readable &gt; strips everything a filesystem would object to" time="0.0001755">
        </testcase>
        <testcase classname="src/modules/channels/voice-livekit/testing/tts-engine.test.ts" name="parseEngineFlags &gt; is undefined when nothing was asked for, so the tool measures the shipped engine" time="0.0003991">
        </testcase>
        <testcase classname="src/modules/channels/voice-livekit/testing/tts-engine.test.ts" name="parseEngineFlags &gt; reads --engine / --model / --voice / --route" time="0.0012757">
        </testcase>
        <testcase classname="src/modules/channels/voice-livekit/testing/tts-engine.test.ts" name="parseEngineFlags &gt; rejects an engine name that is not a real provider, instead of silently ignoring it" time="0.0019028">
        </testcase>
        <testcase classname="src/modules/channels/voice-livekit/testing/tts-engine.test.ts" name="HarnessVoice — builds the engine the env names &gt; a deepdub env produces a DeepDub TTS, and it says so itself" time="0.0040013">
        </testcase>
        <testcase classname="src/modules/channels/voice-livekit/testing/tts-engine.test.ts" name="reframe — engines do not agree on a sample rate &gt; resamples 48kHz DeepDub output down to the caller’s 24kHz source" time="0.0021779">
        </testcase>
        <testcase classname="src/modules/channels/voice-livekit/testing/tts-engine.test.ts" name="reframe — engines do not agree on a sample rate &gt; leaves a matching rate alone in duration, and frames it at 10ms" time="0.0017516">
        </testcase>
        <testcase classname="src/modules/channels/voice-livekit/testing/tts-engine.test.ts" name="no tool in testing/ may build its own Cartesia &gt; constructs no TTS except through the shared builder" time="0.0266424">
        </testcase>
        <testcase classname="src/modules/channels/voice-livekit/testing/tts-engine.test.ts" name="no tool in testing/ may build its own Cartesia &gt; resolves the engine through production’s own buildTTS, not a copy of the branch" time="0.001626">
        </testcase>
        <testcase classname="src/modules/channels/voice-livekit/testing/tts-engine.test.ts" name="engineEnv — unknown override keys &gt; throws on a key EngineOverride does not have, rather than dropping it" time="0.0008867">
        </testcase>
        <testcase classname="src/modules/channels/voice-livekit/testing/tts-engine.test.ts" name="engineEnv — unknown override keys &gt; names the valid keys, so the typo is fixable from the message alone" time="0.0005109">
        </testcase>
        <testcase classname="src/modules/channels/voice-livekit/testing/tts-engine.test.ts" name="engineEnv — unknown override keys &gt; still accepts every key the type declares" time="0.0007132">
        </testcase>
    </testsuite>
    <testsuite name="src/modules/channels/voice-livekit/testing/variants.test.ts" timestamp="2026-09-06T14:24:09.152Z" hostname="KorentzPC" tests="14" failures="0" errors="0" skipped="0" time="0.0437376">
        <testcase classname="src/modules/channels/voice-livekit/testing/variants.test.ts" name="assertVariantsDiffer &gt; refuses two variants with the same overrides — they would be A vs A" time="0.0042455">
        </testcase>
        <testcase classname="src/modules/channels/voice-livekit/testing/variants.test.ts" name="assertVariantsDiffer &gt; ignores key order when comparing" time="0.0255313">
        </testcase>
        <testcase classname="src/modules/channels/voice-livekit/testing/variants.test.ts" name="assertVariantsDiffer &gt; allows a real difference, and a single variant" time="0.0011123">
        </testcase>
        <testcase classname="src/modules/channels/voice-livekit/testing/variants.test.ts" name="unknownEnvKeys &gt; accepts the real schema keys — including the two missing from .env.example" time="0.0014821">
        </testcase>
        <testcase classname="src/modules/channels/voice-livekit/testing/variants.test.ts" name="unknownEnvKeys &gt; catches the typo that would apply cleanly and change nothing" time="0.0003671">
        </testcase>
        <testcase classname="src/modules/channels/voice-livekit/testing/variants.test.ts" name="assertPipelinesDiffer — the post-run proof &gt; flags a variant whose override the agent did NOT run" time="0.0023432">
        </testcase>
        <testcase classname="src/modules/channels/voice-livekit/testing/variants.test.ts" name="assertPipelinesDiffer — the post-run proof &gt; stays silent when the agent really did run the declared values" time="0.0004657">
        </testcase>
        <testcase classname="src/modules/channels/voice-livekit/testing/variants.test.ts" name="assertPipelinesDiffer — the post-run proof &gt; says &quot;unproven&quot;, not &quot;fine&quot;, when a call report is missing" time="0.0005973">
        </testcase>
        <testcase classname="src/modules/channels/voice-livekit/testing/variants.test.ts" name="assertPipelinesDiffer — the post-run proof &gt; does NOT cry wolf when a variant sets a key to the value .env already had" time="0.0004816">
        </testcase>
        <testcase classname="src/modules/channels/voice-livekit/testing/variants.test.ts" name="assertPipelinesDiffer — the post-run proof &gt; flags a run where every variant resolved to the same thing" time="0.0007099">
        </testcase>
        <testcase classname="src/modules/channels/voice-livekit/testing/variants.test.ts" name="variantKeys &gt; unions and sorts every key any variant mentions" time="0.0006989">
        </testcase>
        <testcase classname="src/modules/channels/voice-livekit/testing/variants.test.ts" name="parseOverlay &gt; stringifies numbers and booleans so the obvious JSON works" time="0.0010079">
        </testcase>
        <testcase classname="src/modules/channels/voice-livekit/testing/variants.test.ts" name="parseOverlay &gt; refuses a key that could never be an env var, rather than silently no-opping" time="0.0005696">
        </testcase>
        <testcase classname="src/modules/channels/voice-livekit/testing/variants.test.ts" name="parseOverlay &gt; refuses anything that is not a flat object" time="0.000925">
        </testcase>
    </testsuite>
    <testsuite name="src/modules/channels/voice-livekit/testing/wav.test.ts" timestamp="2026-09-06T14:24:09.155Z" hostname="KorentzPC" tests="7" failures="0" errors="0" skipped="0" time="0.0120522">
        <testcase classname="src/modules/channels/voice-livekit/testing/wav.test.ts" name="encodeWav — the file we hand a human is one a browser will decode &gt; writes real sizes in both fields, not the streaming placeholder" time="0.0045744">
        </testcase>
        <testcase classname="src/modules/channels/voice-livekit/testing/wav.test.ts" name="encodeWav — the file we hand a human is one a browser will decode &gt; validates what it produced before returning it" time="0.0016859">
        </testcase>
        <testcase classname="src/modules/channels/voice-livekit/testing/wav.test.ts" name="assertPlayableWav — what it refuses &gt; refuses the 0xFFFFFFFF streaming placeholder — the exact byte pattern Cartesia sends" time="0.0007196">
        </testcase>
        <testcase classname="src/modules/channels/voice-livekit/testing/wav.test.ts" name="assertPlayableWav — what it refuses &gt; refuses a data size that disagrees with the bytes on disk" time="0.0005168">
        </testcase>
        <testcase classname="src/modules/channels/voice-livekit/testing/wav.test.ts" name="assertPlayableWav — what it refuses &gt; refuses a RIFF size that disagrees with the file length" time="0.0005621">
        </testcase>
        <testcase classname="src/modules/channels/voice-livekit/testing/wav.test.ts" name="assertPlayableWav — what it refuses &gt; refuses something that is not a WAV at all" time="0.0005413">
        </testcase>
        <testcase classname="src/modules/channels/voice-livekit/testing/wav.test.ts" name="readWavHeader — walks the chunk list &gt; finds `data` past a LIST/INFO chunk, which is what Cartesia puts there" time="0.000746">
        </testcase>
    </testsuite>
    <testsuite name="src/modules/channels/voice-livekit/tts/deepdub.tts.test.ts" timestamp="2026-09-06T14:24:09.157Z" hostname="KorentzPC" tests="12" failures="0" errors="0" skipped="0" time="0.0124385">
        <testcase classname="src/modules/channels/voice-livekit/tts/deepdub.tts.test.ts" name="deepdubOptions — validation &gt; throws a clear error when the API key is missing" time="0.0033296">
        </testcase>
        <testcase classname="src/modules/channels/voice-livekit/tts/deepdub.tts.test.ts" name="deepdubOptions — validation &gt; throws when the voice prompt id is missing — you cannot synthesize without a voice" time="0.0005219">
        </testcase>
        <testcase classname="src/modules/channels/voice-livekit/tts/deepdub.tts.test.ts" name="deepdubOptions — validation &gt; maps every env field onto the options object" time="0.001175">
        </testcase>
        <testcase classname="src/modules/channels/voice-livekit/tts/deepdub.tts.test.ts" name="DeepdubTTS — the LiveKit tts.TTS surface &gt; reports the protocol-native 48kHz rate and mono channel" time="0.0004467">
        </testcase>
        <testcase classname="src/modules/channels/voice-livekit/tts/deepdub.tts.test.ts" name="DeepdubTTS — the LiveKit tts.TTS surface &gt; declares streaming capability — the pipeline only accepts streaming TTS" time="0.000168">
        </testcase>
        <testcase classname="src/modules/channels/voice-livekit/tts/deepdub.tts.test.ts" name="DeepdubTTS — the LiveKit tts.TTS surface &gt; exposes model and provider for metrics" time="0.0002608">
        </testcase>
        <testcase classname="src/modules/channels/voice-livekit/tts/deepdub.tts.test.ts" name="deepdubCircuit — the breaker exists and is named &gt; is a deepdub-scoped breaker so a DeepDub outage cannot cascade" time="0.0002712">
        </testcase>
        <testcase classname="src/modules/channels/voice-livekit/tts/deepdub.tts.test.ts" name="DeepdubTTS — serving a fixed line from memory &gt; attaches a cache only when the flag is on" time="0.0008051">
        </testcase>
        <testcase classname="src/modules/channels/voice-livekit/tts/deepdub.tts.test.ts" name="DeepdubTTS — serving a fixed line from memory &gt; serves a stored line without touching the network" time="0.0010494">
        </testcase>
        <testcase classname="src/modules/channels/voice-livekit/tts/deepdub.tts.test.ts" name="DeepdubTTS — serving a fixed line from memory &gt; stops mid-playback when the turn is cancelled" time="0.0014113">
        </testcase>
        <testcase classname="src/modules/channels/voice-livekit/tts/deepdub.tts.test.ts" name="DeepdubTTS — serving a fixed line from memory &gt; SURVIVES THE CALL THAT FILLED IT — the point of the whole feature" time="0.0004323">
        </testcase>
        <testcase classname="src/modules/channels/voice-livekit/tts/deepdub.tts.test.ts" name="DeepdubTTS — serving a fixed line from memory &gt; cannot serve anything the model wrote, whatever is in the cache" time="0.0003221">
        </testcase>
    </testsuite>
    <testsuite name="src/modules/channels/voice-livekit/tts/fixed-line-audio.test.ts" timestamp="2026-09-06T14:24:09.160Z" hostname="KorentzPC" tests="15" failures="0" errors="0" skipped="0" time="0.0170291">
        <testcase classname="src/modules/channels/voice-livekit/tts/fixed-line-audio.test.ts" name="buildFixedLineAllowlist &gt; carries every acknowledgement and every thinking filler" time="0.0050287">
        </testcase>
        <testcase classname="src/modules/channels/voice-livekit/tts/fixed-line-audio.test.ts" name="buildFixedLineAllowlist &gt; is short — every entry is a constant, and the list is the whole security argument" time="0.0006881">
        </testcase>
        <testcase classname="src/modules/channels/voice-livekit/tts/fixed-line-audio.test.ts" name="eligibility — what may be held as audio at all &gt; accepts a screened acknowledgement" time="0.000634">
        </testcase>
        <testcase classname="src/modules/channels/voice-livekit/tts/fixed-line-audio.test.ts" name="eligibility — what may be held as audio at all &gt; REFUSES anything the model wrote" time="0.0002683">
        </testcase>
        <testcase classname="src/modules/channels/voice-livekit/tts/fixed-line-audio.test.ts" name="eligibility — what may be held as audio at all &gt; REFUSES a caller&apos;s own details — the property that makes this safe, not merely fast" time="0.000383">
        </testcase>
        <testcase classname="src/modules/channels/voice-livekit/tts/fixed-line-audio.test.ts" name="eligibility — what may be held as audio at all &gt; refuses a long string even if it somehow reached the allowlist" time="0.0005656">
        </testcase>
        <testcase classname="src/modules/channels/voice-livekit/tts/fixed-line-audio.test.ts" name="eligibility — what may be held as audio at all &gt; matches through niqqud, because the guard points the word on its way to the voice" time="0.0002825">
        </testcase>
        <testcase classname="src/modules/channels/voice-livekit/tts/fixed-line-audio.test.ts" name="eligibility — what may be held as audio at all &gt; keys the EXACT text, so two pointings are never served for each other" time="0.0018301">
        </testcase>
        <testcase classname="src/modules/channels/voice-livekit/tts/fixed-line-audio.test.ts" name="eligibility — what may be held as audio at all &gt; keys the voice too — one tenant must never hear another tenant’s voice" time="0.0003775">
        </testcase>
        <testcase classname="src/modules/channels/voice-livekit/tts/fixed-line-audio.test.ts" name="storing and serving &gt; serves the same chunks back, in order" time="0.0005027">
        </testcase>
        <testcase classname="src/modules/channels/voice-livekit/tts/fixed-line-audio.test.ts" name="storing and serving &gt; misses before anything is stored" time="0.0002403">
        </testcase>
        <testcase classname="src/modules/channels/voice-livekit/tts/fixed-line-audio.test.ts" name="storing and serving &gt; REFUSES to store a silent generation" time="0.0001854">
        </testcase>
        <testcase classname="src/modules/channels/voice-livekit/tts/fixed-line-audio.test.ts" name="storing and serving &gt; counts hits and misses so a cache that never fires is visible" time="0.0014014">
        </testcase>
        <testcase classname="src/modules/channels/voice-livekit/tts/fixed-line-audio.test.ts" name="storing and serving &gt; is bounded, so a future allowlist mistake cannot grow without limit" time="0.0012404">
        </testcase>
        <testcase classname="src/modules/channels/voice-livekit/tts/fixed-line-audio.test.ts" name="normalizeLine &gt; strips niqqud and collapses whitespace, and changes nothing else" time="0.0003247">
        </testcase>
    </testsuite>
    <testsuite name="src/modules/channels/voice-livekit/prompts/acknowledgements.test.ts" timestamp="2026-09-06T14:24:09.162Z" hostname="KorentzPC" tests="28" failures="0" errors="0" skipped="0" time="0.4686125">
        <testcase classname="src/modules/channels/voice-livekit/prompts/acknowledgements.test.ts" name="acknowledgements &gt; never collides with the openers she actually uses on real calls" time="0.0030626">
        </testcase>
        <testcase classname="src/modules/channels/voice-livekit/prompts/acknowledgements.test.ts" name="acknowledgements &gt; never contains a word that could be heard as an ANSWER" time="0.0006284">
        </testcase>
        <testcase classname="src/modules/channels/voice-livekit/prompts/acknowledgements.test.ts" name="acknowledgements &gt; keeps enough variety for the no-repeat rule to be reachable" time="0.0003732">
        </testcase>
        <testcase classname="src/modules/channels/voice-livekit/prompts/acknowledgements.test.ts" name="acknowledgements &gt; holds exactly the three receipts Koren&apos;s ear picked in round 10" time="0.001297">
        </testcase>
        <testcase classname="src/modules/channels/voice-livekit/prompts/acknowledgements.test.ts" name="acknowledgements &gt; and none of the spellings it replaced" time="0.0004668">
        </testcase>
        <testcase classname="src/modules/channels/voice-livekit/prompts/acknowledgements.test.ts" name="acknowledgements &gt; KEEP, explicitly: the two comprehension claims he heard and left alone (cards a3, a4)" time="0.0002801">
        </testcase>
        <testcase classname="src/modules/channels/voice-livekit/prompts/acknowledgements.test.ts" name="acknowledgements &gt; KEEP, explicitly: בסדר. survived round 10 unchanged (card a2)" time="0.0002249">
        </testcase>
        <testcase classname="src/modules/channels/voice-livekit/prompts/acknowledgements.test.ts" name="acknowledgements &gt; never repeats itself twice running" time="0.0032349">
        </testcase>
        <testcase classname="src/modules/channels/voice-livekit/prompts/acknowledgements.test.ts" name="dropEchoedOpener &gt; removes the model echoing the word we already said" time="0.0006254">
        </testcase>
        <testcase classname="src/modules/channels/voice-livekit/prompts/acknowledgements.test.ts" name="dropEchoedOpener &gt; ignores punctuation differences between the two" time="0.0002642">
        </testcase>
        <testcase classname="src/modules/channels/voice-livekit/prompts/acknowledgements.test.ts" name="dropEchoedOpener &gt; leaves a different opener completely alone" time="0.0001364">
        </testcase>
        <testcase classname="src/modules/channels/voice-livekit/prompts/acknowledgements.test.ts" name="dropEchoedOpener &gt; does not touch the word later in the sentence" time="0.0000664">
        </testcase>
        <testcase classname="src/modules/channels/voice-livekit/prompts/acknowledgements.test.ts" name="the widened bank &gt; holds every original word, so the switch-off path is a strict subset" time="0.0002905">
        </testcase>
        <testcase classname="src/modules/channels/voice-livekit/prompts/acknowledgements.test.ts" name="the widened bank &gt; every new member obeys the two rules the original three were chosen by" time="0.0004819">
        </testcase>
        <testcase classname="src/modules/channels/voice-livekit/prompts/acknowledgements.test.ts" name="AcknowledgementLedger — a deck, not a dice roll &gt; spends every word once before repeating any" time="0.0005897">
        </testcase>
        <testcase classname="src/modules/channels/voice-livekit/prompts/acknowledgements.test.ts" name="AcknowledgementLedger — a deck, not a dice roll &gt; never says the same word twice running, including across a refill" time="0.0578247">
        </testcase>
        <testcase classname="src/modules/channels/voice-livekit/prompts/acknowledgements.test.ts" name="AcknowledgementLedger — a deck, not a dice roll &gt; THE 2026-08-29 SHAPE: eight turns, and no word is heard more than twice" time="0.0005894">
        </testcase>
        <testcase classname="src/modules/channels/voice-livekit/prompts/acknowledgements.test.ts" name="AcknowledgementLedger — a deck, not a dice roll &gt; counts its own repeats — the number the call report was missing" time="0.0002341">
        </testcase>
        <testcase classname="src/modules/channels/voice-livekit/prompts/acknowledgements.test.ts" name="AcknowledgementLedger — a deck, not a dice roll &gt; a one-word bank degrades rather than looping forever" time="0.0001127">
        </testcase>
        <testcase classname="src/modules/channels/voice-livekit/prompts/acknowledgements.test.ts" name="the comprehension claim has to be earned &gt; is never spoken on an ordinary turn, however many turns go by" time="0.000962">
        </testcase>
        <testcase classname="src/modules/channels/voice-livekit/prompts/acknowledgements.test.ts" name="the comprehension claim has to be earned &gt; is available the moment the caller actually told her something" time="0.0001667">
        </testcase>
        <testcase classname="src/modules/channels/voice-livekit/prompts/acknowledgements.test.ts" name="the comprehension claim has to be earned &gt; never twice running, even when every single turn earns one" time="0.0003193">
        </testcase>
        <testcase classname="src/modules/channels/voice-livekit/prompts/acknowledgements.test.ts" name="the comprehension claim has to be earned &gt; the kill-switch path is the OLD behaviour exactly — a flat five-word deck" time="0.0000982">
        </testcase>
        <testcase classname="src/modules/channels/voice-livekit/prompts/acknowledgements.test.ts" name="the comprehension claim has to be earned &gt; the two banks are disjoint, and together they are the wide bank" time="0.0003052">
        </testcase>
        <testcase classname="src/modules/channels/voice-livekit/prompts/acknowledgements.test.ts" name="AcknowledgementLedger — the avoided word is never handed back &gt; a deck down to its last card never returns that card when it is the avoided one" time="0.3341403">
        </testcase>
        <testcase classname="src/modules/channels/voice-livekit/prompts/acknowledgements.test.ts" name="AcknowledgementLedger — the avoided word is never handed back &gt; the nod and the receipt are ONE sound, and the deck now knows it" time="0.0569733">
        </testcase>
        <testcase classname="src/modules/channels/voice-livekit/prompts/acknowledgements.test.ts" name="AcknowledgementLedger — the avoided word is never handed back &gt; a one-word bank has no legal answer and still returns something rather than crashing" time="0.0007746">
        </testcase>
        <testcase classname="src/modules/channels/voice-livekit/prompts/acknowledgements.test.ts" name="AcknowledgementLedger — the avoided word is never handed back &gt; KILL-SWITCH SHAPE: with avoid null the deck behaves exactly as it did before" time="0.0002298">
        </testcase>
    </testsuite>
    <testsuite name="src/modules/channels/voice-livekit/prompts/system-prompt.business-context.test.ts" timestamp="2026-09-06T14:24:09.167Z" hostname="KorentzPC" tests="14" failures="0" errors="0" skipped="0" time="0.0129562">
        <testcase classname="src/modules/channels/voice-livekit/prompts/system-prompt.business-context.test.ts" name="renderBusinessContext — the injected block &gt; returns an empty string for a null profile (the default-tenant path)" time="0.0029824">
        </testcase>
        <testcase classname="src/modules/channels/voice-livekit/prompts/system-prompt.business-context.test.ts" name="renderBusinessContext — the injected block &gt; returns an empty string when every field is blank (nothing usable to inject)" time="0.0005289">
        </testcase>
        <testcase classname="src/modules/channels/voice-livekit/prompts/system-prompt.business-context.test.ts" name="renderBusinessContext — the injected block &gt; renders a labelled block carrying every provided field value" time="0.001031">
        </testcase>
        <testcase classname="src/modules/channels/voice-livekit/prompts/system-prompt.business-context.test.ts" name="renderBusinessContext — the injected block &gt; omits fields the tenant left blank (no empty labelled rows)" time="0.0006076">
        </testcase>
        <testcase classname="src/modules/channels/voice-livekit/prompts/system-prompt.business-context.test.ts" name="renderBusinessContext — the injected block &gt; does NOT render language — the prompt is Hebrew-first by hard rule (content decision, not a slot)" time="0.0003215">
        </testcase>
        <testcase classname="src/modules/channels/voice-livekit/prompts/system-prompt.business-context.test.ts" name="renderBusinessContext — the injected block &gt; states it does not override the security rules — grounding is not a jailbreak surface" time="0.0004577">
        </testcase>
        <testcase classname="src/modules/channels/voice-livekit/prompts/system-prompt.business-context.test.ts" name="readBusinessProfile — defensive extraction from raw settings &gt; returns null for non-object / missing settings" time="0.0008034">
        </testcase>
        <testcase classname="src/modules/channels/voice-livekit/prompts/system-prompt.business-context.test.ts" name="readBusinessProfile — defensive extraction from raw settings &gt; extracts and trims string fields from settings.businessProfile" time="0.0004669">
        </testcase>
        <testcase classname="src/modules/channels/voice-livekit/prompts/system-prompt.business-context.test.ts" name="readBusinessProfile — defensive extraction from raw settings &gt; coerces non-string fields to empty and returns null when nothing usable remains" time="0.0002594">
        </testcase>
        <testcase classname="src/modules/channels/voice-livekit/prompts/system-prompt.business-context.test.ts" name="readBusinessProfile — defensive extraction from raw settings &gt; ignores a profile that only carries language (behaviourally inert here)" time="0.0002674">
        </testcase>
        <testcase classname="src/modules/channels/voice-livekit/prompts/system-prompt.business-context.test.ts" name="buildSystemPrompt — per-tenant grounding wiring &gt; default tenant (no profile) is byte-for-byte the previous prompt" time="0.0004497">
        </testcase>
        <testcase classname="src/modules/channels/voice-livekit/prompts/system-prompt.business-context.test.ts" name="buildSystemPrompt — per-tenant grounding wiring &gt; injects the block into BOTH variants when a profile is present" time="0.0007987">
        </testcase>
        <testcase classname="src/modules/channels/voice-livekit/prompts/system-prompt.business-context.test.ts" name="buildSystemPrompt — per-tenant grounding wiring &gt; places the grounding block BEFORE the security rules (facts, then the rules that outrank them)" time="0.0004775">
        </testcase>
        <testcase classname="src/modules/channels/voice-livekit/prompts/system-prompt.business-context.test.ts" name="buildSystemPrompt — per-tenant grounding wiring &gt; preserves the hard-coded identity and security section around the injected block" time="0.0003473">
        </testcase>
    </testsuite>
    <testsuite name="src/modules/channels/voice-livekit/prompts/system-prompt.persona.test.ts" timestamp="2026-09-06T14:24:09.170Z" hostname="KorentzPC" tests="22" failures="0" errors="0" skipped="1" time="0.0280738">
        <testcase classname="src/modules/channels/voice-livekit/prompts/system-prompt.persona.test.ts" name="the default persona reproduces the pre-persona prompt exactly &gt; no-tools variant is byte-for-byte unchanged" time="0.0033701">
        </testcase>
        <testcase classname="src/modules/channels/voice-livekit/prompts/system-prompt.persona.test.ts" name="the default persona reproduces the pre-persona prompt exactly &gt; tools variant is byte-for-byte unchanged" time="0.0014299">
        </testcase>
        <testcase classname="src/modules/channels/voice-livekit/prompts/system-prompt.persona.test.ts" name="the default persona reproduces the pre-persona prompt exactly &gt; tools variant without the objection playbook is byte-for-byte unchanged" time="0.0013051">
        </testcase>
        <testcase classname="src/modules/channels/voice-livekit/prompts/system-prompt.persona.test.ts" name="the default persona reproduces the pre-persona prompt exactly &gt; the opening line matches the golden file — which CHANGED ONCE, deliberately, on 2026-08-17" time="0.0014251">
        </testcase>
        <testcase classname="src/modules/channels/voice-livekit/prompts/system-prompt.persona.test.ts" name="the default persona reproduces the pre-persona prompt exactly &gt; an explicitly-passed default persona is the same as passing none" time="0.0005569">
        </testcase>
        <testcase classname="src/modules/channels/voice-livekit/prompts/system-prompt.persona.test.ts" name="the default persona reproduces the pre-persona prompt exactly &gt; settings that configure no persona resolve to the default" time="0.0086424">
        </testcase>
        <testcase classname="src/modules/channels/voice-livekit/prompts/system-prompt.persona.test.ts" name="a custom persona replaces every ClickScales-specific string &gt; never mentions ClickScales or its agent anywhere" time="0.0009753">
        </testcase>
        <testcase classname="src/modules/channels/voice-livekit/prompts/system-prompt.persona.test.ts" name="a custom persona replaces every ClickScales-specific string &gt; the example LEAD name in the prompt is still &quot;קורן שטרית&quot; — deliberate, and worth revisiting.
    Three places use Koren&apos;s name to illustrate addressing the CALLER (&quot;נעים מאוד, קורן&quot;,
    the read-back example, a sample opener). They are not identity — the agent is not called
    that and does not claim to work with him — so they are outside this phase. They are also
    not free: a model given &quot;קורן&quot; as the worked example may reach for it when it did not
    catch the real name. Changing them is a change to the DEFAULT prompt, which would break
    the byte-for-byte fixtures above, so it belongs in a commit about prompt content with a
    real call behind it — not smuggled into a refactor that is provably a no-op." time="0">
            <skipped/>
        </testcase>
        <testcase classname="src/modules/channels/voice-livekit/prompts/system-prompt.persona.test.ts" name="a custom persona replaces every ClickScales-specific string &gt; carries the tenant&apos;s own identity" time="0.0003537">
        </testcase>
        <testcase classname="src/modules/channels/voice-livekit/prompts/system-prompt.persona.test.ts" name="a custom persona replaces every ClickScales-specific string &gt; inflects the Hebrew for a male agent, in the prompt AND the greeting" time="0.000429">
        </testcase>
        <testcase classname="src/modules/channels/voice-livekit/prompts/system-prompt.persona.test.ts" name="a custom persona replaces every ClickScales-specific string &gt; keeps the security rules, which no tenant setting may touch" time="0.0003659">
        </testcase>
        <testcase classname="src/modules/channels/voice-livekit/prompts/system-prompt.persona.test.ts" name="a custom persona replaces every ClickScales-specific string &gt; omits the handoff name when the tenant has no such person" time="0.0004082">
        </testcase>
        <testcase classname="src/modules/channels/voice-livekit/prompts/system-prompt.persona.test.ts" name="a custom persona replaces every ClickScales-specific string &gt; an explicit greeting wins over the generated one — but still has to disclose" time="0.0008411">
        </testcase>
        <testcase classname="src/modules/channels/voice-livekit/prompts/system-prompt.persona.test.ts" name="readAgentPersona merges field by field &gt; a tenant who sets only a name keeps the rest of the defaults" time="0.0005953">
        </testcase>
        <testcase classname="src/modules/channels/voice-livekit/prompts/system-prompt.persona.test.ts" name="readAgentPersona merges field by field &gt; drops the name-disambiguation paragraph as soon as the agent is renamed" time="0.0002604">
        </testcase>
        <testcase classname="src/modules/channels/voice-livekit/prompts/system-prompt.persona.test.ts" name="readAgentPersona merges field by field &gt; keeps ClickScales&apos; own FAQ when ClickScales merely renames its agent" time="0.0011027">
        </testcase>
        <testcase classname="src/modules/channels/voice-livekit/prompts/system-prompt.persona.test.ts" name="readAgentPersona merges field by field &gt; drops the FAQ, handoff person and rebuttal for a different company" time="0.0008356">
        </testcase>
        <testcase classname="src/modules/channels/voice-livekit/prompts/system-prompt.persona.test.ts" name="readAgentPersona merges field by field &gt; drops the Latin transliteration for a renamed agent" time="0.0002466">
        </testcase>
        <testcase classname="src/modules/channels/voice-livekit/prompts/system-prompt.persona.test.ts" name="readAgentPersona merges field by field &gt; generates the greeting rather than storing one, so renaming stays consistent" time="0.0002291">
        </testcase>
        <testcase classname="src/modules/channels/voice-livekit/prompts/system-prompt.persona.test.ts" name="readAgentPersona merges field by field &gt; ignores a garbage gender rather than throwing" time="0.0002772">
        </testcase>
        <testcase classname="src/modules/channels/voice-livekit/prompts/system-prompt.persona.test.ts" name="readAgentPersona merges field by field &gt; ignores a malformed faq rather than emptying the agent&apos;s knowledge" time="0.0003553">
        </testcase>
        <testcase classname="src/modules/channels/voice-livekit/prompts/system-prompt.persona.test.ts" name="readAgentPersona merges field by field &gt; reads a per-tenant voice only when it is well formed" time="0.0005598">
        </testcase>
    </testsuite>
    <testsuite name="src/modules/channels/voice-livekit/prompts/system-prompt.security.test.ts" timestamp="2026-09-06T14:24:09.174Z" hostname="KorentzPC" tests="20" failures="0" errors="0" skipped="0" time="0.0297556">
        <testcase classname="src/modules/channels/voice-livekit/prompts/system-prompt.security.test.ts" name="injection defenses 1-15 — the rules exist, anchored, in both variants &gt; 1. security block present in the tools variant" time="0.0019698">
        </testcase>
        <testcase classname="src/modules/channels/voice-livekit/prompts/system-prompt.security.test.ts" name="injection defenses 1-15 — the rules exist, anchored, in both variants &gt; 2. security block present in the no-tools variant (still extractable/role-changeable without tools)" time="0.0003263">
        </testcase>
        <testcase classname="src/modules/channels/voice-livekit/prompts/system-prompt.security.test.ts" name="injection defenses 1-15 — the rules exist, anchored, in both variants &gt; 3. the block is IDENTICAL in both variants — no security drift between modes" time="0.0004178">
        </testcase>
        <testcase classname="src/modules/channels/voice-livekit/prompts/system-prompt.security.test.ts" name="injection defenses 1-15 — the rules exist, anchored, in both variants &gt; 4. the caller is never an operator/developer/tester/administrator" time="0.0002793">
        </testcase>
        <testcase classname="src/modules/channels/voice-livekit/prompts/system-prompt.security.test.ts" name="injection defenses 1-15 — the rules exist, anchored, in both variants &gt; 5. &quot;ignore your previous instructions&quot; is named and neutralized" time="0.0001972">
        </testcase>
        <testcase classname="src/modules/channels/voice-livekit/prompts/system-prompt.security.test.ts" name="injection defenses 1-15 — the rules exist, anchored, in both variants &gt; 6. role-change and developer-mode jailbreaks are named" time="0.000324">
        </testcase>
        <testcase classname="src/modules/channels/voice-livekit/prompts/system-prompt.security.test.ts" name="injection defenses 1-15 — the rules exist, anchored, in both variants &gt; 7. fake-system-message injection is named" time="0.0001827">
        </testcase>
        <testcase classname="src/modules/channels/voice-livekit/prompts/system-prompt.security.test.ts" name="injection defenses 1-15 — the rules exist, anchored, in both variants &gt; 8. prompt extraction is banned in every form" time="0.0001416">
        </testcase>
        <testcase classname="src/modules/channels/voice-livekit/prompts/system-prompt.security.test.ts" name="injection defenses 1-15 — the rules exist, anchored, in both variants &gt; 9. the tool list itself is secret" time="0.0001928">
        </testcase>
        <testcase classname="src/modules/channels/voice-livekit/prompts/system-prompt.security.test.ts" name="injection defenses 1-15 — the rules exist, anchored, in both variants &gt; 10. the extraction ban is language-independent" time="0.0002472">
        </testcase>
        <testcase classname="src/modules/channels/voice-livekit/prompts/system-prompt.security.test.ts" name="injection defenses 1-15 — the rules exist, anchored, in both variants &gt; 11. cross-tenant / other-lead data exfiltration is banned" time="0.0001611">
        </testcase>
        <testcase classname="src/modules/channels/voice-livekit/prompts/system-prompt.security.test.ts" name="injection defenses 1-15 — the rules exist, anchored, in both variants &gt; 12. tool abuse: at most ONE meeting per call" time="0.0001774">
        </testcase>
        <testcase classname="src/modules/channels/voice-livekit/prompts/system-prompt.security.test.ts" name="injection defenses 1-15 — the rules exist, anchored, in both variants &gt; 13. no tool-by-dictation and no fabricated opt_out" time="0.000251">
        </testcase>
        <testcase classname="src/modules/channels/voice-livekit/prompts/system-prompt.security.test.ts" name="injection defenses 1-15 — the rules exist, anchored, in both variants &gt; 14. confirmations go only to details read back on THIS call" time="0.0001632">
        </testcase>
        <testcase classname="src/modules/channels/voice-livekit/prompts/system-prompt.security.test.ts" name="injection defenses 1-15 — the rules exist, anchored, in both variants &gt; 15. no false success claims; language switch changes nothing; repeated pushing → hostile procedure" time="0.0002925">
        </testcase>
        <testcase classname="src/modules/channels/voice-livekit/prompts/system-prompt.security.test.ts" name="injection defenses 16-20 — the code refuses even when the model was fooled &gt; 16. a fabricated slot_datetime never reaches the calendar (re-check-before-book as a security control)" time="0.0071203">
        </testcase>
        <testcase classname="src/modules/channels/voice-livekit/prompts/system-prompt.security.test.ts" name="injection defenses 16-20 — the code refuses even when the model was fooled &gt; 17. confirmation tools expose NO destination parameters — a redirect has nowhere to land" time="0.0015378">
        </testcase>
        <testcase classname="src/modules/channels/voice-livekit/prompts/system-prompt.security.test.ts" name="injection defenses 16-20 — the code refuses even when the model was fooled &gt; 18. confirmation before any booking refuses AND enqueues nothing" time="0.004179">
            <system-out>
tool_call {&quot;name&quot;:&quot;send_whatsapp_confirmation&quot;,&quot;durationMs&quot;:1,&quot;ok&quot;:false,&quot;error&quot;:&quot;No meeting has been booked on this call. Book first with book_meeting — and do not claim any confirmation was sent.&quot;}

            </system-out>
        </testcase>
        <testcase classname="src/modules/channels/voice-livekit/prompts/system-prompt.security.test.ts" name="injection defenses 16-20 — the code refuses even when the model was fooled &gt; 19. &quot;book 100 meetings&quot; fails: every book_meeting re-checks the LIVE calendar — a taken slot refuses" time="0.005268">
            <system-err>
usage_meter_failed {&quot;kind&quot;:&quot;lead&quot;,&quot;tenantId&quot;:&quot;tenant-1&quot;,&quot;leadId&quot;:&quot;lead-new&quot;,&quot;error&quot;:&quot;db.transaction is not a function&quot;}

            </system-err>
        </testcase>
        <testcase classname="src/modules/channels/voice-livekit/prompts/system-prompt.security.test.ts" name="injection defenses 16-20 — the code refuses even when the model was fooled &gt; 20. capture_lead_info cannot write across tenants — every statement is tenant-scoped" time="0.0035446">
            <system-err>
usage_meter_failed {&quot;kind&quot;:&quot;lead&quot;,&quot;tenantId&quot;:&quot;tenant-1&quot;,&quot;leadId&quot;:&quot;lead-new&quot;,&quot;error&quot;:&quot;db.transaction is not a function&quot;}

            </system-err>
        </testcase>
    </testsuite>
    <testsuite name="src/modules/channels/voice-livekit/prompts/system-prompt.test.ts" timestamp="2026-09-06T14:24:09.179Z" hostname="KorentzPC" tests="125" failures="0" errors="0" skipped="5" time="0.1047035">
        <testcase classname="src/modules/channels/voice-livekit/prompts/system-prompt.test.ts" name="Keren v2 — identity and gender &gt; names her קרן" time="0.0024818">
        </testcase>
        <testcase classname="src/modules/channels/voice-livekit/prompts/system-prompt.test.ts" name="Keren v2 — identity and gender &gt; states she is female" time="0.0004">
        </testcase>
        <testcase classname="src/modules/channels/voice-livekit/prompts/system-prompt.test.ts" name="Keren v2 — identity and gender &gt; gives feminine first-person examples she can actually copy" time="0.0004781">
        </testcase>
        <testcase classname="src/modules/channels/voice-livekit/prompts/system-prompt.test.ts" name="Keren v2 — identity and gender &gt; tells her the COMPANY is masculine plural, not feminine" time="0.0004538">
        </testcase>
        <testcase classname="src/modules/channels/voice-livekit/prompts/system-prompt.test.ts" name="Keren v2 — identity and gender &gt; greets in the feminine (the Cartesia voice is female)" time="0.0004904">
        </testcase>
        <testcase classname="src/modules/channels/voice-livekit/prompts/system-prompt.test.ts" name="Keren v2 — identity and gender &gt; introduces herself by name, anchored to the company" time="0.0003931">
        </testcase>
        <testcase classname="src/modules/channels/voice-livekit/prompts/system-prompt.test.ts" name="Keren v2 — what the business is &gt; states the business rather than leaving the model to infer it" time="0.0002602">
        </testcase>
        <testcase classname="src/modules/channels/voice-livekit/prompts/system-prompt.test.ts" name="Keren v2 — what the business is &gt; refuses to answer what it was not told, rather than inventing" time="0.0001891">
        </testcase>
        <testcase classname="src/modules/channels/voice-livekit/prompts/system-prompt.test.ts" name="Keren v2 — what the business is &gt; does not guess missing lead details — it asks" time="0.0002405">
        </testcase>
        <testcase classname="src/modules/channels/voice-livekit/prompts/system-prompt.test.ts" name="Keren v2 — what the business is &gt; admits to being an AI when the caller asks for a human" time="0.0002615">
        </testcase>
        <testcase classname="src/modules/channels/voice-livekit/prompts/system-prompt.test.ts" name="Keren v2 — the call flow &gt; opens without re-greeting (session.say already spoke the opening line)" time="0.0001742">
        </testcase>
        <testcase classname="src/modules/channels/voice-livekit/prompts/system-prompt.test.ts" name="Keren v2 — the call flow &gt; asks discovery questions one at a time" time="0.0001468">
        </testcase>
        <testcase classname="src/modules/channels/voice-livekit/prompts/system-prompt.test.ts" name="Keren v2 — the call flow &gt; discovery questions are INTENTS with phrasing banks, never a fixed script (2026-08-27)" time="0.0006401">
        </testcase>
        <testcase classname="src/modules/channels/voice-livekit/prompts/system-prompt.test.ts" name="Keren v2 — the call flow &gt; treats general uncertainty as an objection to handle, NOT a disqualifier" time="0.000225">
        </testcase>
        <testcase classname="src/modules/channels/voice-livekit/prompts/system-prompt.test.ts" name="Keren v2 — the call flow &gt; stops immediately on a hostile or opt-out request" time="0.0003747">
        </testcase>
        <testcase classname="src/modules/channels/voice-livekit/prompts/system-prompt.test.ts" name="Keren v2 — the call flow &gt; stays silent when the caller asks her to hold" time="0.0001701">
        </testcase>
        <testcase classname="src/modules/channels/voice-livekit/prompts/system-prompt.test.ts" name="Keren v2 — the call flow &gt; only holds when the hold request is the WHOLE turn, and answers when unsure" time="0.0006184">
        </testcase>
        <testcase classname="src/modules/channels/voice-livekit/prompts/system-prompt.test.ts" name="Keren v2 — DEPLOY BLOCKERS &gt; KNOWN (no-tools variant only): still instructs her to call tools that DO NOT EXIST in that mode" time="0.0002481">
        </testcase>
        <testcase classname="src/modules/channels/voice-livekit/prompts/system-prompt.test.ts" name="Keren v2 — DEPLOY BLOCKERS &gt; KNOWN: contains template variables that NOTHING substitutes (both variants)" time="0.0005341">
        </testcase>
        <testcase classname="src/modules/channels/voice-livekit/prompts/system-prompt.test.ts" name="Keren Phase 4 — tools-mode prompt &gt; references EXACTLY the tools the agent actually has (imported from tools/index.ts)" time="0.0003961">
        </testcase>
        <testcase classname="src/modules/channels/voice-livekit/prompts/system-prompt.test.ts" name="Keren Phase 4 — tools-mode prompt &gt; contains NO stale legacy-era tool names" time="0.0002453">
        </testcase>
        <testcase classname="src/modules/channels/voice-livekit/prompts/system-prompt.test.ts" name="Keren Phase 4 — tools-mode prompt &gt; collects and confirms details BEFORE calling book_meeting — they are its arguments" time="0.0082865">
        </testcase>
        <testcase classname="src/modules/channels/voice-livekit/prompts/system-prompt.test.ts" name="Keren Phase 4 — tools-mode prompt &gt; day-first booking flow: offer TOMORROW, then the day, then the free RANGE" time="0.000488">
        </testcase>
        <testcase classname="src/modules/channels/voice-livekit/prompts/system-prompt.test.ts" name="Keren Phase 4 — tools-mode prompt &gt; hours are spoken as colloquial words, never digits (Koren, 2026-08-27)" time="0.0009785">
        </testcase>
        <testcase classname="src/modules/channels/voice-livekit/prompts/system-prompt.test.ts" name="Keren Phase 4 — tools-mode prompt &gt; carries the objection-handling playbook (tools variant), absent from the legacy variant" time="0.0009454">
        </testcase>
        <testcase classname="src/modules/channels/voice-livekit/prompts/system-prompt.test.ts" name="Keren Phase 4 — tools-mode prompt &gt; omits the objection playbook when the advisory layer is off (objectionHandling: false)" time="0.0005735">
        </testcase>
        <testcase classname="src/modules/channels/voice-livekit/prompts/system-prompt.test.ts" name="Keren Phase 4 — tools-mode prompt &gt; anti-hallucination survives the range flow: exact slot_datetime, never adjust a time" time="0.0004395">
        </testcase>
        <testcase classname="src/modules/channels/voice-livekit/prompts/system-prompt.test.ts" name="Keren Phase 4 — tools-mode prompt &gt; קבעתי לך is allowed ONLY after book_meeting succeeded — and failure is never papered over" time="0.0005583">
        </testcase>
        <testcase classname="src/modules/channels/voice-livekit/prompts/system-prompt.test.ts" name="Keren Phase 4 — tools-mode prompt &gt; capture_lead_info: save-as-you-learn instruction in the tools variant ONLY, silent by rule" time="0.0003479">
        </testcase>
        <testcase classname="src/modules/channels/voice-livekit/prompts/system-prompt.test.ts" name="Keren Phase 4 — tools-mode prompt &gt; confirmations: a channel is mentioned ONLY when its tool returned success" time="0.0007202">
        </testcase>
        <testcase classname="src/modules/channels/voice-livekit/prompts/system-prompt.test.ts" name="Keren Phase 4 — tools-mode prompt &gt; every end_call carries a reason the analytics can read" time="0.0006612">
        </testcase>
        <testcase classname="src/modules/channels/voice-livekit/prompts/system-prompt.test.ts" name="Keren Phase 4 — tools-mode prompt &gt; opens every reply with a SHORT first sentence — the latency rule (both variants)" time="0.0003179">
        </testcase>
        <testcase classname="src/modules/channels/voice-livekit/prompts/system-prompt.test.ts" name="Keren Phase 4 — tools-mode prompt &gt; forbids her own opener when VOICE_INSTANT_ACK speaks one for her" time="0.0005449">
        </testcase>
        <testcase classname="src/modules/channels/voice-livekit/prompts/system-prompt.test.ts" name="Keren Phase 4 — tools-mode prompt &gt; quotes the acknowledgements we ACTUALLY speak — the list is not decoration" time="0.0008616">
        </testcase>
        <testcase classname="src/modules/channels/voice-livekit/prompts/system-prompt.test.ts" name="Keren Phase 4 — tools-mode prompt &gt; human handoff — the escalation ladder &gt; names the tool and the four triggers a lead actually uses" time="0.0011708">
        </testcase>
        <testcase classname="src/modules/channels/voice-livekit/prompts/system-prompt.test.ts" name="Keren Phase 4 — tools-mode prompt &gt; human handoff — the escalation ladder &gt; tries ONCE before escalating — a mild first ask is not a handoff" time="0.0002992">
        </testcase>
        <testcase classname="src/modules/channels/voice-livekit/prompts/system-prompt.test.ts" name="Keren Phase 4 — tools-mode prompt &gt; human handoff — the escalation ladder &gt; asks ONE question about what they want to discuss — then hands off either way" time="0.0005532">
        </testcase>
        <testcase classname="src/modules/channels/voice-livekit/prompts/system-prompt.test.ts" name="Keren Phase 4 — tools-mode prompt &gt; human handoff — the escalation ladder &gt; tells her to fill the summary from the WHOLE call, not the last sentence" time="0.0004974">
        </testcase>
        <testcase classname="src/modules/channels/voice-livekit/prompts/system-prompt.test.ts" name="Keren Phase 4 — tools-mode prompt &gt; human handoff — the escalation ladder &gt; never promises a live transfer — the human CALLS BACK" time="0.0002522">
        </testcase>
        <testcase classname="src/modules/channels/voice-livekit/prompts/system-prompt.test.ts" name="Keren Phase 4 — tools-mode prompt &gt; human handoff — the escalation ladder &gt; the no-tools variant keeps the old message-relay answer and names NO tool" time="0.0002767">
        </testcase>
        <testcase classname="src/modules/channels/voice-livekit/prompts/system-prompt.test.ts" name="Keren Phase 4 — tools-mode prompt &gt; human handoff — the escalation ladder &gt; the handoff does not leak into the ordinary end_call vocabulary" time="0.0001788">
        </testcase>
        <testcase classname="src/modules/channels/voice-livekit/prompts/system-prompt.test.ts" name="Keren Phase 4 — tools-mode prompt &gt; shared guarantees hold in BOTH variants" time="0.0009988">
        </testcase>
        <testcase classname="src/modules/channels/voice-livekit/prompts/system-prompt.test.ts" name="Keren v2 — guards the previous prompt had and this one does not &gt; should disambiguate קרן (her) from קורן (the founder)" time="0">
            <skipped/>
        </testcase>
        <testcase classname="src/modules/channels/voice-livekit/prompts/system-prompt.test.ts" name="Keren v2 — guards the previous prompt had and this one does not &gt; should explicitly deny the &quot;scales/מאזניים&quot; inference from the company name" time="0">
            <skipped/>
        </testcase>
        <testcase classname="src/modules/channels/voice-livekit/prompts/system-prompt.test.ts" name="Keren v2 — guards the previous prompt had and this one does not &gt; should cap replies at two sentences" time="0">
            <skipped/>
        </testcase>
        <testcase classname="src/modules/channels/voice-livekit/prompts/system-prompt.test.ts" name="Keren v2 — guards the previous prompt had and this one does not &gt; should end every turn clearly, preferring a question, and never on a list" time="0">
            <skipped/>
        </testcase>
        <testcase classname="src/modules/channels/voice-livekit/prompts/system-prompt.test.ts" name="Keren v2 — guards the previous prompt had and this one does not &gt; should not apply her own gender to the caller" time="0">
            <skipped/>
        </testcase>
        <testcase classname="src/modules/channels/voice-livekit/prompts/system-prompt.test.ts" name="Keren v2.1 — fixes from the first live call &gt; asks the caller his NAME before anything else" time="0.0002806">
        </testcase>
        <testcase classname="src/modules/channels/voice-livekit/prompts/system-prompt.test.ts" name="Keren v2.1 — fixes from the first live call &gt; addresses the LEAD in the masculine by default — not in her own gender" time="0.0001363">
        </testcase>
        <testcase classname="src/modules/channels/voice-livekit/prompts/system-prompt.test.ts" name="Keren v2.1 — fixes from the first live call &gt; does NOT try to fix the pronunciation bug in the prompt — that belongs in the pipeline" time="0.0004357">
        </testcase>
        <testcase classname="src/modules/channels/voice-livekit/prompts/system-prompt.test.ts" name="Keren v2.1 — fixes from the first live call &gt; MUST collect name, phone and email before the call ends" time="0.0003122">
        </testcase>
        <testcase classname="src/modules/channels/voice-livekit/prompts/system-prompt.test.ts" name="Keren v2.1 — fixes from the first live call &gt; FORBIDS claiming the meeting is booked — it is not, and she said it was" time="0.0002246">
        </testcase>
        <testcase classname="src/modules/channels/voice-livekit/prompts/system-prompt.test.ts" name="Keren v2.1 — fixes from the first live call &gt; knows קורן is the founder and the one giving the demo" time="0.0001979">
        </testcase>
        <testcase classname="src/modules/channels/voice-livekit/prompts/system-prompt.test.ts" name="Keren — emotional color (round 4, 2026-08-26) &gt; teaches ONLY devices that won a listening verdict, in both prompt variants" time="0.000873">
        </testcase>
        <testcase classname="src/modules/channels/voice-livekit/prompts/system-prompt.test.ts" name="Keren — emotional color (round 4, 2026-08-26) &gt; BANS written laughter — sonic-3.5 reads חח as the letter khet, not a laugh (r4b w1/w2)" time="0.0002137">
        </testcase>
        <testcase classname="src/modules/channels/voice-livekit/prompts/system-prompt.test.ts" name="Keren — emotional color (round 4, 2026-08-26) &gt; anchors the color to BEATS — the 2026-08-26 evening call used one device in 32 turns" time="0.0008338">
        </testcase>
        <testcase classname="src/modules/channels/voice-livekit/prompts/system-prompt.test.ts" name="Keren — emotional color (round 4, 2026-08-26) &gt; keeps the color out of the opener slot — the instant-ack double-receipt bug must not return" time="0.0006679">
        </testcase>
        <testcase classname="src/modules/channels/voice-livekit/prompts/system-prompt.test.ts" name="Keren — emotional color (round 4, 2026-08-26) &gt; bans bracketed stage-direction tags — they are silently ignored on Hebrew, dead words in a transcript" time="0.0014682">
        </testcase>
        <testcase classname="src/modules/channels/voice-livekit/prompts/system-prompt.test.ts" name="Keren — spoken register (2026-08-27) &gt; carries the Spoken Register section by default, in BOTH variants" time="0.002983">
        </testcase>
        <testcase classname="src/modules/channels/voice-livekit/prompts/system-prompt.test.ts" name="Keren — spoken register (2026-08-27) &gt; the kill-switch drops the section entirely — the pre-register prompt on that axis" time="0.0012754">
        </testcase>
        <testcase classname="src/modules/channels/voice-livekit/prompts/system-prompt.test.ts" name="Keren — spoken register (2026-08-27) &gt; bans the bookish lexemes and puts structure FIRST" time="0.000324">
        </testcase>
        <testcase classname="src/modules/channels/voice-livekit/prompts/system-prompt.test.ts" name="Keren — spoken register (2026-08-27) &gt; one slang touch per reply MAX, varied — the same word every reply is the new robot" time="0.0002559">
        </testcase>
        <testcase classname="src/modules/channels/voice-livekit/prompts/system-prompt.test.ts" name="Keren — spoken register (2026-08-27) &gt; makes the register a QUOTA, not a permission — &quot;welcome&quot; was read as &quot;optional&quot;" time="0.0003141">
        </testcase>
        <testcase classname="src/modules/channels/voice-livekit/prompts/system-prompt.test.ts" name="Keren — spoken register (2026-08-27) &gt; BOUNDS the vocabulary — a word nobody screened can fail silently on a phone line" time="0.0030231">
        </testcase>
        <testcase classname="src/modules/channels/voice-livekit/prompts/system-prompt.test.ts" name="Keren — spoken register (2026-08-27) &gt; resolves the conflict with the Speech Rhythm rule that was silently suppressing it" time="0.003552">
        </testcase>
        <testcase classname="src/modules/channels/voice-livekit/prompts/system-prompt.test.ts" name="Keren — spoken register (2026-08-27) &gt; gives her a concrete way to catch her own formality" time="0.0002601">
        </testcase>
        <testcase classname="src/modules/channels/voice-livekit/prompts/system-prompt.test.ts" name="Keren — spoken register (2026-08-27) &gt; heavy street slang is banned BY NAME — Koren&apos;s explicit choice" time="0.0007208">
        </testcase>
        <testcase classname="src/modules/channels/voice-livekit/prompts/system-prompt.test.ts" name="Keren — spoken register (2026-08-27) &gt; every slang-bank word is in the prompt, and the ledger tracks the same list" time="0.0015249">
        </testcase>
        <testcase classname="src/modules/channels/voice-livekit/prompts/system-prompt.test.ts" name="Keren — spoken register (2026-08-27) &gt; סגור has a POSITION rule the rest of the bank does not — round-7 card sg1" time="0.0006519">
        </testcase>
        <testcase classname="src/modules/channels/voice-livekit/prompts/system-prompt.test.ts" name="Call Memory — the 2026-08-29 identity failure, in the prompt &gt; forbids asking twice for a fact he already gave" time="0.0003637">
        </testcase>
        <testcase classname="src/modules/channels/voice-livekit/prompts/system-prompt.test.ts" name="Call Memory — the 2026-08-29 identity failure, in the prompt &gt; caps an UNANSWERED question at one repeat — the third ask is what he reacted to" time="0.0007327">
        </testcase>
        <testcase classname="src/modules/channels/voice-livekit/prompts/system-prompt.test.ts" name="Call Memory — the 2026-08-29 identity failure, in the prompt &gt; says a stray noun in a later turn is a mishearing, not a new name" time="0.0003343">
        </testcase>
        <testcase classname="src/modules/channels/voice-livekit/prompts/system-prompt.test.ts" name="Call Memory — the 2026-08-29 identity failure, in the prompt &gt; the tools variant tells her which tool field carries a correction" time="0.0004979">
        </testcase>
        <testcase classname="src/modules/channels/voice-livekit/prompts/system-prompt.test.ts" name="Call Memory — the 2026-08-29 identity failure, in the prompt &gt; the kill-switch removes the section entirely, and nothing else" time="0.0027173">
        </testcase>
        <testcase classname="src/modules/channels/voice-livekit/prompts/system-prompt.test.ts" name="negation safety — a sentence must not be able to invert &gt; THE SWEEP: no line she is told to say verbatim rests on a bare unstressed particle" time="0.0024329">
        </testcase>
        <testcase classname="src/modules/channels/voice-livekit/prompts/system-prompt.test.ts" name="negation safety — a sentence must not be able to invert &gt; the five reworded lines say the positive version of the same fact" time="0.000535">
        </testcase>
        <testcase classname="src/modules/channels/voice-livekit/prompts/system-prompt.test.ts" name="negation safety — a sentence must not be able to invert &gt; teaches the rule with the real sentence that failed, not an invented one" time="0.0002935">
        </testcase>
        <testcase classname="src/modules/channels/voice-livekit/prompts/system-prompt.test.ts" name="negation safety — a sentence must not be able to invert &gt; gives her a way to keep a negative when she means one — mark it twice" time="0.0005157">
        </testcase>
        <testcase classname="src/modules/channels/voice-livekit/prompts/system-prompt.test.ts" name="negation safety — a sentence must not be able to invert &gt; the kill-switch restores the previous wording exactly, section and lines together" time="0.0007048">
        </testcase>
        <testcase classname="src/modules/channels/voice-livekit/prompts/system-prompt.test.ts" name="the 2026-08-30 calls — greeting once, joy in proportion, pauses that work &gt; says &quot;נעים מאוד&quot; belongs to the introduction and nowhere else" time="0.0009195">
        </testcase>
        <testcase classname="src/modules/channels/voice-livekit/prompts/system-prompt.test.ts" name="the 2026-08-30 calls — greeting once, joy in proportion, pauses that work &gt; keeps the big joy for a booking that actually landed" time="0.002758">
        </testcase>
        <testcase classname="src/modules/channels/voice-livekit/prompts/system-prompt.test.ts" name="the 2026-08-30 calls — greeting once, joy in proportion, pauses that work &gt; tells her which punctuation actually pauses, with the measured numbers" time="0.0006737">
        </testcase>
        <testcase classname="src/modules/channels/voice-livekit/prompts/system-prompt.test.ts" name="the 2026-08-30 calls — greeting once, joy in proportion, pauses that work &gt; does not open both read-backs with the same three words" time="0.0003054">
        </testcase>
        <testcase classname="src/modules/channels/voice-livekit/prompts/system-prompt.test.ts" name="the 2026-08-30 calls — greeting once, joy in proportion, pauses that work &gt; tells her not to answer a half-finished dictation" time="0.0002726">
        </testcase>
        <testcase classname="src/modules/channels/voice-livekit/prompts/system-prompt.test.ts" name="the 2026-08-31 call — the receipt ritual, and what must survive it &gt; names the habit ONCE, as a habit, rather than banning four phrases" time="0.0002761">
        </testcase>
        <testcase classname="src/modules/channels/voice-livekit/prompts/system-prompt.test.ts" name="the 2026-08-31 call — the receipt ritual, and what must survive it &gt; note 1 — every variant of the verification preamble is named and banned" time="0.0009429">
        </testcase>
        <testcase classname="src/modules/channels/voice-livekit/prompts/system-prompt.test.ts" name="the 2026-08-31 call — the receipt ritual, and what must survive it &gt; note 3 — his own words handed back, with a compliment on top" time="0.0003135">
        </testcase>
        <testcase classname="src/modules/channels/voice-livekit/prompts/system-prompt.test.ts" name="the 2026-08-31 call — the receipt ritual, and what must survive it &gt; note 6 — &quot;הבנתי&quot; is earned, and the prompt half says what the code half does" time="0.0001593">
        </testcase>
        <testcase classname="src/modules/channels/voice-livekit/prompts/system-prompt.test.ts" name="the 2026-08-31 call — the receipt ritual, and what must survive it &gt; note 9 — nothing in front of a price answer telling him prices matter" time="0.0001636">
        </testcase>
        <testcase classname="src/modules/channels/voice-livekit/prompts/system-prompt.test.ts" name="the 2026-08-31 call — the receipt ritual, and what must survive it &gt; note 2 — a short set phrase carries no comma inside it" time="0.0004689">
        </testcase>
        <testcase classname="src/modules/channels/voice-livekit/prompts/system-prompt.test.ts" name="the 2026-08-31 call — the receipt ritual, and what must survive it &gt; note 4 — KOREN OVERRULED HIS OWN NOTE: the pair he picked is allowed, the stutter is not" time="0.0003488">
        </testcase>
        <testcase classname="src/modules/channels/voice-livekit/prompts/system-prompt.test.ts" name="the 2026-08-31 call — the receipt ritual, and what must survive it &gt; note 7 — small talk must be SITUATIONAL; the generic pleasantry is out (card n7a)" time="0.0004032">
        </testcase>
        <testcase classname="src/modules/channels/voice-livekit/prompts/system-prompt.test.ts" name="the 2026-08-31 call — the receipt ritual, and what must survive it &gt; note 8 — three mandatory questions, three optional, and a rule for choosing" time="0.0005254">
        </testcase>
        <testcase classname="src/modules/channels/voice-livekit/prompts/system-prompt.test.ts" name="the 2026-08-31 call — the receipt ritual, and what must survive it &gt; NOTE 5 — the two things he asked to KEEP are still here, and protected by name" time="0.0007634">
        </testcase>
        <testcase classname="src/modules/channels/voice-livekit/prompts/system-prompt.test.ts" name="the 2026-08-31 call — the receipt ritual, and what must survive it &gt; the kill-switch removes the section and NOTHING else" time="0.000554">
        </testcase>
        <testcase classname="src/modules/channels/voice-livekit/prompts/system-prompt.test.ts" name="the email collection method &gt; is present on both the tools and the no-tools prompt" time="0.0002533">
        </testcase>
        <testcase classname="src/modules/channels/voice-livekit/prompts/system-prompt.test.ts" name="the email collection method &gt; e1 — asks for the WHOLE address at once, not the part before the @" time="0.0004938">
        </testcase>
        <testcase classname="src/modules/channels/voice-livekit/prompts/system-prompt.test.ts" name="the email collection method &gt; e2 + e2b — reads back in ENGLISH letters, domain in English, no preamble" time="0.0004355">
        </testcase>
        <testcase classname="src/modules/channels/voice-livekit/prompts/system-prompt.test.ts" name="the email collection method &gt; e4 + e6 — English letter names on a miss, and קאסקורן nowhere at all" time="0.001008">
        </testcase>
        <testcase classname="src/modules/channels/voice-livekit/prompts/system-prompt.test.ts" name="the email collection method &gt; e3 — one address, a letter COUNT to check it by, and no competing options" time="0.0008912">
        </testcase>
        <testcase classname="src/modules/channels/voice-livekit/prompts/system-prompt.test.ts" name="the email collection method &gt; forbids a rejected value from ever coming back — the model half of fact-memory reject()" time="0.0006489">
        </testcase>
        <testcase classname="src/modules/channels/voice-livekit/prompts/system-prompt.test.ts" name="the email collection method &gt; does not smuggle a banned verification preamble back in with the new wording" time="0.0004007">
        </testcase>
        <testcase classname="src/modules/channels/voice-livekit/prompts/system-prompt.test.ts" name="Step 3 — disqualification is late and conditional &gt; is on BOTH variants — a no-tools call disqualifies the same way" time="0.0027456">
        </testcase>
        <testcase classname="src/modules/channels/voice-livekit/prompts/system-prompt.test.ts" name="Step 3 — disqualification is late and conditional &gt; all three conditions must hold before she may disqualify" time="0.0028521">
        </testcase>
        <testcase classname="src/modules/channels/voice-livekit/prompts/system-prompt.test.ts" name="Step 3 — disqualification is late and conditional &gt; names the two answers she treated as rejections, in his own words" time="0.0060519">
        </testcase>
        <testcase classname="src/modules/channels/voice-livekit/prompts/system-prompt.test.ts" name="Step 3 — disqualification is late and conditional &gt; forbids the sign-off at the time she actually made it" time="0.0002962">
        </testcase>
        <testcase classname="src/modules/channels/voice-livekit/prompts/system-prompt.test.ts" name="Step 3 — disqualification is late and conditional &gt; DELETES NOTHING: all three disqualifiers and the volume rule survive intact" time="0.0012332">
        </testcase>
        <testcase classname="src/modules/channels/voice-livekit/prompts/system-prompt.test.ts" name="Step 3 — disqualification is late and conditional &gt; KILL-SWITCH: lateDisqualify=false removes the gate and NOTHING else" time="0.0006602">
        </testcase>
        <testcase classname="src/modules/channels/voice-livekit/prompts/system-prompt.test.ts" name="Step 4 — &quot;קבענו&quot; is the same claim as &quot;קבעתי&quot; &gt; names the plural she actually used, and the availability check that is not a booking" time="0.0002981">
        </testcase>
        <testcase classname="src/modules/channels/voice-livekit/prompts/system-prompt.test.ts" name="Step 4 — &quot;קבענו&quot; is the same claim as &quot;קבעתי&quot; &gt; lists every form the speech guard rewrites, so the two can never drift apart" time="0.0005172">
        </testcase>
        <testcase classname="src/modules/channels/voice-livekit/prompts/system-prompt.test.ts" name="Step 4 — &quot;קבענו&quot; is the same claim as &quot;קבעתי&quot; &gt; offers her the sentence the guard would substitute, so she can say it herself" time="0.0001465">
        </testcase>
        <testcase classname="src/modules/channels/voice-livekit/prompts/system-prompt.test.ts" name="rule 5 — abandon the field, keep the meeting &gt; gives explicit permission to book with a null email after two failed read-backs" time="0.0001828">
        </testcase>
        <testcase classname="src/modules/channels/voice-livekit/prompts/system-prompt.test.ts" name="rule 5 — abandon the field, keep the meeting &gt; is scoped to the email, conditional on the other fields, and never a reason to end the call" time="0.0004096">
        </testcase>
        <testcase classname="src/modules/channels/voice-livekit/prompts/system-prompt.test.ts" name="rule 5 — abandon the field, keep the meeting &gt; the no-tools variant is scoped the same way" time="0.0002751">
        </testcase>
        <testcase classname="src/modules/channels/voice-livekit/prompts/system-prompt.test.ts" name="rule 5 — abandon the field, keep the meeting &gt; names the loss in the booking mechanics too, where the tool order is decided" time="0.0001685">
        </testcase>
        <testcase classname="src/modules/channels/voice-livekit/prompts/system-prompt.test.ts" name="rule 5 — abandon the field, keep the meeting &gt; promises NO OUTBOUND channel — that direction is still blocked for a cold caller" time="0.0002452">
        </testcase>
        <testcase classname="src/modules/channels/voice-livekit/prompts/system-prompt.test.ts" name="rule 5 — abandon the field, keep the meeting &gt; e5 — with a number configured she asks HIM to send it, which needs no template" time="0.0003862">
        </testcase>
        <testcase classname="src/modules/channels/voice-livekit/prompts/system-prompt.test.ts" name="rule 5 — abandon the field, keep the meeting &gt; e5 — the offer is on the no-tools prompt too, where there is no booking to keep" time="0.0002438">
        </testcase>
        <testcase classname="src/modules/channels/voice-livekit/prompts/system-prompt.test.ts" name="rule 5 — abandon the field, keep the meeting &gt; e5 — NO NUMBER, NO OFFER: she never names a channel that will not reach us" time="0.0003912">
        </testcase>
        <testcase classname="src/modules/channels/voice-livekit/prompts/system-prompt.test.ts" name="rule 5 — abandon the field, keep the meeting &gt; its spoken line breaks none of the rules the persona merge just landed" time="0.0006065">
        </testcase>
        <testcase classname="src/modules/channels/voice-livekit/prompts/system-prompt.test.ts" name="rule 5 — abandon the field, keep the meeting &gt; KILL-SWITCH: bookWithoutEmail=false removes rule 5 and NOTHING else" time="0.0006716">
        </testcase>
        <testcase classname="src/modules/channels/voice-livekit/prompts/system-prompt.test.ts" name="speaking while capture_lead_info saves (VOICE_SPEAK_WITH_CAPTURE) &gt; tells her to speak in the same step, and to keep the saving out of it" time="0.0004594">
        </testcase>
        <testcase classname="src/modules/channels/voice-livekit/prompts/system-prompt.test.ts" name="speaking while capture_lead_info saves (VOICE_SPEAK_WITH_CAPTURE) &gt; IS SCOPED TO ONE TOOL — the whole safety argument, not a detail" time="0.0003273">
        </testcase>
        <testcase classname="src/modules/channels/voice-livekit/prompts/system-prompt.test.ts" name="speaking while capture_lead_info saves (VOICE_SPEAK_WITH_CAPTURE) &gt; KILL-SWITCH: false restores the previous instruction and NOTHING else moves" time="0.0006346">
        </testcase>
        <testcase classname="src/modules/channels/voice-livekit/prompts/system-prompt.test.ts" name="speaking while capture_lead_info saves (VOICE_SPEAK_WITH_CAPTURE) &gt; says nothing at all on a call with the tool gate closed" time="0.0002608">
        </testcase>
    </testsuite>
    <testsuite name="src/modules/channels/voice-livekit/prompts/system-prompt.verdicts.test.ts" timestamp="2026-09-06T14:24:09.201Z" hostname="KorentzPC" tests="32" failures="0" errors="0" skipped="0" time="0.027444">
        <testcase classname="src/modules/channels/voice-livekit/prompts/system-prompt.verdicts.test.ts" name="round 7 — the eleven cards he confirmed &gt; n1 — the verification preamble appears ONLY where it is forbidden" time="0.0051158">
        </testcase>
        <testcase classname="src/modules/channels/voice-livekit/prompts/system-prompt.verdicts.test.ts" name="round 7 — the eleven cards he confirmed &gt; n1 — the name read-back is the detail itself, with nothing in front of it" time="0.0006943">
        </testcase>
        <testcase classname="src/modules/channels/voice-livekit/prompts/system-prompt.verdicts.test.ts" name="round 7 — the eleven cards he confirmed &gt; n1b — his own phone read-back wording, kept verbatim" time="0.0003448">
        </testcase>
        <testcase classname="src/modules/channels/voice-livekit/prompts/system-prompt.verdicts.test.ts" name="round 7 — the eleven cards he confirmed &gt; n2 — &quot;נעים מאוד קורן&quot; has no comma, and the comma form is named as the mistake" time="0.0004483">
        </testcase>
        <testcase classname="src/modules/channels/voice-livekit/prompts/system-prompt.verdicts.test.ts" name="round 7 — the eleven cards he confirmed &gt; n3 — his line of work is not a surprise, and the surprise beat says so" time="0.0003133">
        </testcase>
        <testcase classname="src/modules/channels/voice-livekit/prompts/system-prompt.verdicts.test.ts" name="round 7 — the eleven cards he confirmed &gt; n5 — the empathy beat SURVIVES: he asked to keep it and it is still here" time="0.0003514">
        </testcase>
        <testcase classname="src/modules/channels/voice-livekit/prompts/system-prompt.verdicts.test.ts" name="round 7 — the eleven cards he confirmed &gt; n5 — the opening slang SURVIVES, including at the start of the call" time="0.0023">
        </testcase>
        <testcase classname="src/modules/channels/voice-livekit/prompts/system-prompt.verdicts.test.ts" name="round 7 — the eleven cards he confirmed &gt; n6 — a comprehension claim has to be earned, and never twice running" time="0.0004391">
        </testcase>
        <testcase classname="src/modules/channels/voice-livekit/prompts/system-prompt.verdicts.test.ts" name="round 7 — the eleven cards he confirmed &gt; n9 — the price answer opens with the answer, not with &quot;מחיר זה חשוב&quot;" time="0.0003531">
        </testcase>
        <testcase classname="src/modules/channels/voice-livekit/prompts/system-prompt.verdicts.test.ts" name="round 7 — the eleven cards he confirmed &gt; the No Preamble section is present and its kill-switch removes ONLY it" time="0.0008733">
        </testcase>
        <testcase classname="src/modules/channels/voice-livekit/prompts/system-prompt.verdicts.test.ts" name="round 8 — the permission to let the email go &gt; e5 — she may keep the meeting and drop the field, and the tool agrees" time="0.0004257">
        </testcase>
        <testcase classname="src/modules/channels/voice-livekit/prompts/system-prompt.verdicts.test.ts" name="round 8 — the permission to let the email go &gt; e5 — the no-tools prompt lets it go too, pointed at the handover" time="0.0003213">
        </testcase>
        <testcase classname="src/modules/channels/voice-livekit/prompts/system-prompt.verdicts.test.ts" name="round 13 — the five listening verdicts and the six behavioural notes &gt; g1 — the greeting lost its two commas and kept its full stop" time="0.0005521">
        </testcase>
        <testcase classname="src/modules/channels/voice-livekit/prompts/system-prompt.verdicts.test.ts" name="round 13 — the five listening verdicts and the six behavioural notes &gt; p1 — sentence SHAPE, with his chosen example and the measured comma fact" time="0.0004976">
        </testcase>
        <testcase classname="src/modules/channels/voice-livekit/prompts/system-prompt.verdicts.test.ts" name="round 13 — the five listening verdicts and the six behavioural notes &gt; s1 — the slang bank is glossed for MEANING, and בקטנה is corrected in his words" time="0.0018095">
        </testcase>
        <testcase classname="src/modules/channels/voice-livekit/prompts/system-prompt.verdicts.test.ts" name="round 13 — the five listening verdicts and the six behavioural notes &gt; s2 — a product claim takes an unambiguous positive, never slang" time="0.0004449">
        </testcase>
        <testcase classname="src/modules/channels/voice-livekit/prompts/system-prompt.verdicts.test.ts" name="round 13 — the five listening verdicts and the six behavioural notes &gt; e1 — empathy-first on a FEAR, and the round-7 ban on commenting on a TOPIC survives intact" time="0.0011126">
        </testcase>
        <testcase classname="src/modules/channels/voice-livekit/prompts/system-prompt.verdicts.test.ts" name="round 13 — the five listening verdicts and the six behavioural notes &gt; note 3 — discovery establishes whether there IS a business before asking about it" time="0.0004215">
        </testcase>
        <testcase classname="src/modules/channels/voice-livekit/prompts/system-prompt.verdicts.test.ts" name="round 13 — the five listening verdicts and the six behavioural notes &gt; note 5 — a mandatory question persists, and the Call Memory ceiling is named as the same rule" time="0.0004858">
        </testcase>
        <testcase classname="src/modules/channels/voice-livekit/prompts/system-prompt.verdicts.test.ts" name="round 13 — the five listening verdicts and the six behavioural notes &gt; note 6 — one question per turn, and the prompt says it is enforced in code" time="0.0005933">
        </testcase>
        <testcase classname="src/modules/channels/voice-livekit/prompts/system-prompt.verdicts.test.ts" name="round 13 — the five listening verdicts and the six behavioural notes &gt; note 8 — her register is part of her instructions, and saying she is an AI is not" time="0.0005387">
        </testcase>
        <testcase classname="src/modules/channels/voice-livekit/prompts/system-prompt.verdicts.test.ts" name="round 13 — the five listening verdicts and the six behavioural notes &gt; the hang-up — a conditional built on לא, and an unfinished sentence, are both named" time="0.0005911">
        </testcase>
        <testcase classname="src/modules/channels/voice-livekit/prompts/system-prompt.verdicts.test.ts" name="round 13 — the five listening verdicts and the six behavioural notes &gt; conclusion 12 — the opener is conditional, and the prompt says WHY it is faster" time="0.0009669">
        </testcase>
        <testcase classname="src/modules/channels/voice-livekit/prompts/system-prompt.verdicts.test.ts" name="round 13 — the five listening verdicts and the six behavioural notes &gt; the kill-switch removes the whole section and its counter-rule together" time="0.0006753">
        </testcase>
        <testcase classname="src/modules/channels/voice-livekit/prompts/system-prompt.verdicts.test.ts" name="round 13 — the five listening verdicts and the six behavioural notes &gt; round 14 e2 — the REJECTED empathy wording is no longer anywhere in the prompt" time="0.0007198">
        </testcase>
        <testcase classname="src/modules/channels/voice-livekit/prompts/system-prompt.verdicts.test.ts" name="round 13 — the five listening verdicts and the six behavioural notes &gt; round 13 s2 — no worked example in the prompt teaches the banned product claim" time="0.0004351">
        </testcase>
        <testcase classname="src/modules/channels/voice-livekit/prompts/system-prompt.verdicts.test.ts" name="round 13 — the five listening verdicts and the six behavioural notes &gt; the opener switch restores the every-turn wording, in both variants" time="0.0008595">
        </testcase>
        <testcase classname="src/modules/channels/voice-livekit/prompts/system-prompt.verdicts.test.ts" name="round 19 — the opening word &gt; tells her to answer &quot;כן..&quot; when the answer is yes, with his own sentence as the example" time="0.0003435">
        </testcase>
        <testcase classname="src/modules/channels/voice-livekit/prompts/system-prompt.verdicts.test.ts" name="round 19 — the opening word &gt; and forbids it when the answer is NOT yes — the half that keeps it an answer" time="0.0002135">
        </testcase>
        <testcase classname="src/modules/channels/voice-livekit/prompts/system-prompt.verdicts.test.ts" name="round 19 — the opening word &gt; tells her to open &quot;אז&quot; when she is moving the call on — o3=D" time="0.0002644">
        </testcase>
        <testcase classname="src/modules/channels/voice-livekit/prompts/system-prompt.verdicts.test.ts" name="round 19 — the opening word &gt; keeps every OTHER opener banned — the exception is one word, not an amnesty" time="0.0002158">
        </testcase>
        <testcase classname="src/modules/channels/voice-livekit/prompts/system-prompt.verdicts.test.ts" name="round 19 — the opening word &gt; keeps slang out of a sentence that offers a time — o4=C" time="0.0001753">
        </testcase>
    </testsuite>
    <testsuite name="src/modules/channels/voice-livekit/prompts/thinking-fillers.test.ts" timestamp="2026-09-06T14:24:09.208Z" hostname="KorentzPC" tests="13" failures="0" errors="0" skipped="0" time="0.0546497">
        <testcase classname="src/modules/channels/voice-livekit/prompts/thinking-fillers.test.ts" name="thinking fillers &gt; never repeats a filler ALREADY USED ON THIS CALL, not merely the last one" time="0.0383128">
        </testcase>
        <testcase classname="src/modules/channels/voice-livekit/prompts/thinking-fillers.test.ts" name="thinking fillers &gt; there are always more fillers than a call is allowed to spend" time="0.0007454">
        </testcase>
        <testcase classname="src/modules/channels/voice-livekit/prompts/thinking-fillers.test.ts" name="thinking fillers &gt; always returns something (never undefined) on the first turn" time="0.0004166">
        </testcase>
        <testcase classname="src/modules/channels/voice-livekit/prompts/thinking-fillers.test.ts" name="thinking fillers &gt; still returns a word if every filler has somehow been used — never the last one again" time="0.0029692">
        </testcase>
        <testcase classname="src/modules/channels/voice-livekit/prompts/thinking-fillers.test.ts" name="thinking fillers &gt; is a NOISE, not a sentence — no promises she might not keep" time="0.0011236">
        </testcase>
        <testcase classname="src/modules/channels/voice-livekit/prompts/thinking-fillers.test.ts" name="thinking fillers &gt; is short — the real answer queues BEHIND the filler, so a long one lengthens the wait" time="0.0005683">
        </testcase>
        <testcase classname="src/modules/channels/voice-livekit/prompts/thinking-fillers.test.ts" name="thinking fillers &gt; is Hebrew that Israelis actually say, not translated English" time="0.0007098">
        </testcase>
        <testcase classname="src/modules/channels/voice-livekit/prompts/thinking-fillers.test.ts" name="thinking fillers &gt; holds exactly the four spellings Koren&apos;s ear picked in round 10" time="0.0005363">
        </testcase>
        <testcase classname="src/modules/channels/voice-livekit/prompts/thinking-fillers.test.ts" name="thinking fillers &gt; none of them is the pre-round-10 spelling it replaced" time="0.0005265">
        </testcase>
        <testcase classname="src/modules/channels/voice-livekit/prompts/thinking-fillers.test.ts" name="ThinkingFillerLedger — one budget, two spenders &gt; an OFFER costs nothing — only a commit spends the budget" time="0.0038683">
        </testcase>
        <testcase classname="src/modules/channels/voice-livekit/prompts/thinking-fillers.test.ts" name="ThinkingFillerLedger — one budget, two spenders &gt; enforces the per-call ceiling on words actually spoken" time="0.000727">
        </testcase>
        <testcase classname="src/modules/channels/voice-livekit/prompts/thinking-fillers.test.ts" name="ThinkingFillerLedger — one budget, two spenders &gt; holds the cooldown so two hesitations never land back-to-back" time="0.0002938">
        </testcase>
        <testcase classname="src/modules/channels/voice-livekit/prompts/thinking-fillers.test.ts" name="ThinkingFillerLedger — one budget, two spenders &gt; never offers a word this call has already spoken" time="0.0005923">
        </testcase>
    </testsuite>
</testsuites>
